06-17 02:17:17.284   255  1047 D CameraHal: StartElementHandler(967): HDR(1)! 
06-17 02:17:17.284   255  1047 D CameraHal: StartElementHandler(971): ZSL(1)! 
06-17 02:17:17.284   255  1047 D CameraHal: StartElementHandler(975): zoom(1)! 
06-17 02:17:17.284   255  1047 D CameraHal: StartElementHandler(1017): Continue_SnapShot(1)! 
06-17 02:17:17.284   255  1047 D CameraHal: StartElementHandler(1020): InterpolationRes(0)! 
06-17 02:17:17.284   255  1047 D CameraHal: StartElementHandler(1005): PreviewSize(0x0)! 
06-17 02:17:17.284   255  1047 D CameraHal: StartElementHandler(1001): face detect config(0),max face num is (1)! 
06-17 02:17:17.284   255  1047 D CameraHal: StartElementHandler(996): Gammaout support 0(mGamma:1.000000,mOffSet:0)! 
06-17 02:17:17.284   255  1047 D CameraHal: ParserDVConfig(805):  DV_QCIF(qcif) resolution(176x144) fps(10) support(1)
06-17 02:17:17.284   255  1047 D CameraHal: ParserDVConfig(817):  DV_QVGA(qvga) resolution(320x240) fps(10) support(1)
06-17 02:17:17.284   255  1047 D CameraHal: ParserDVConfig(829):  DV_CIF(cif) resolution(352x288) fps(10) support(1)
06-17 02:17:17.284   255  1047 D CameraHal: ParserDVConfig(841):  DV_VGA(480p) resolution(640x480) fps(10) support(0)
06-17 02:17:17.285   255  1047 D CameraHal: ParserDVConfig(853):  DV_480P(480p) resolution(720x480) fps(10) support(0)
06-17 02:17:17.285   255  1047 D CameraHal: ParserDVConfig(877):  DV_720P(720p) resolution(1280x720) fps(10) support(1)
06-17 02:17:17.285   255  1047 D CameraHal: ParserDVConfig(889):  DV_1080P(1080p) resolution(1920x1080) fps(10) support(1)
06-17 02:17:17.285   255  1047 D CameraHal: number of camdevice (4)
06-17 02:17:17.285   255  1047 D CameraHal: now DV size(7)
06-17 02:17:17.285   255  1047 D CameraHal: camera_get_number_of_cameras(790): board profiles cam num 4
06-17 02:17:17.285   255  1047 D CameraHal: read cam name from xml(/data/camera/media_profiles.xml)
06-17 02:17:17.285   255  1047 E CameraHal:  is not exist, register all
06-17 02:17:17.285   255  1047 D CameraHal: OpenAndRegistALLSensor(1137): open /dev/camsys_marvin fd: 9
06-17 02:17:17.286   255  1047 D CameraHal: 
06-17 02:17:17.286   255  1047 D CameraHal: 
06-17 02:17:17.286   255  1047 D CameraHal: 
06-17 02:17:17.286   255  1047 D CameraHal:  CamSys_Head.h Version Check:
06-17 02:17:17.287   255  1047 D CameraHal:     Kernel camsys_head.h: v0x1.0x0.0x0
06-17 02:17:17.287   255  1047 D CameraHal:     Kernel camsys_drv :   v0x0.0x0.0x1
06-17 02:17:17.287   255  1047 D CameraHal:     CameraHal camsys_head.h : v0x1.0x0.0x0
06-17 02:17:17.287   255  1047 D CameraHal: 
06-17 02:17:17.287   255  1047 D CameraHal: 
06-17 02:17:17.287   255  1047 D CameraHal: 
06-17 02:17:17.299   255  1047 E CameraHal: WARNING: OV13850 soft reset by i2c failed!, please check follow information:
06-17 02:17:17.299   255  1047 E CameraHal:     Slave_addr: 0x20 0x6c
06-17 02:17:17.299   255  1047 E CameraHal:     Soft reset reg: 0x103  val: 0x1
06-17 02:17:17.299   255  1047 E CameraHal:     Power/PowerDown/Reset/Mclk/I2cBus
06-17 02:17:17.308   255  1047 E CameraHal: OV13850 device register failed!
06-17 02:17:17.309   255  1047 D CameraHal: OpenAndRegistALLSensor(1137): open /dev/camsys_marvin1 fd: 9
06-17 02:17:17.310   255  1047 D CameraHal: 
06-17 02:17:17.310   255  1047 D CameraHal: 
06-17 02:17:17.310   255  1047 D CameraHal: 
06-17 02:17:17.310   255  1047 D CameraHal:  CamSys_Head.h Version Check:
06-17 02:17:17.310   255  1047 D CameraHal:     Kernel camsys_head.h: v0x1.0x0.0x0
06-17 02:17:17.310   255  1047 D CameraHal:     Kernel camsys_drv :   v0x0.0x0.0x1
06-17 02:17:17.310   255  1047 D CameraHal:     CameraHal camsys_head.h : v0x1.0x0.0x0
06-17 02:17:17.310   255  1047 D CameraHal: 
06-17 02:17:17.310   255  1047 D CameraHal: 
06-17 02:17:17.310   255  1047 D CameraHal: 
06-17 02:17:17.322   255  1047 E CameraHal: WARNING: OV13850 soft reset by i2c failed!, please check follow information:
06-17 02:17:17.322   255  1047 E CameraHal:     Slave_addr: 0x20 0x6c
06-17 02:17:17.322   255  1047 E CameraHal:     Soft reset reg: 0x103  val: 0x1
06-17 02:17:17.322   255  1047 E CameraHal:     Power/PowerDown/Reset/Mclk/I2cBus
06-17 02:17:17.331   255  1047 E CameraHal: OV13850 device register failed!
06-17 02:17:17.332   255  1047 D CameraHal: OpenAndRegistALLSensor(1137): open /dev/camsys_marvin fd: 9
06-17 02:17:17.333   255  1047 D CameraHal: 
06-17 02:17:17.333   255  1047 D CameraHal: 
06-17 02:17:17.333   255  1047 D CameraHal: 
06-17 02:17:17.333   255  1047 D CameraHal:  CamSys_Head.h Version Check:
06-17 02:17:17.333   255  1047 D CameraHal:     Kernel camsys_head.h: v0x1.0x0.0x0
06-17 02:17:17.333   255  1047 D CameraHal:     Kernel camsys_drv :   v0x0.0x0.0x1
06-17 02:17:17.333   255  1047 D CameraHal:     CameraHal camsys_head.h : v0x1.0x0.0x0
06-17 02:17:17.333   255  1047 D CameraHal: 
06-17 02:17:17.333   255  1047 D CameraHal: 
06-17 02:17:17.333   255  1047 D CameraHal: 
06-17 02:17:17.351   255  1047 E CameraHal: WARNING: OV8858 soft reset by i2c failed!, please check follow information:
06-17 02:17:17.351   255  1047 E CameraHal:     Slave_addr: 0x6c 0x20
06-17 02:17:17.351   255  1047 E CameraHal:     Soft reset reg: 0x103  val: 0x1
06-17 02:17:17.351   255  1047 E CameraHal:     Power/PowerDown/Reset/Mclk/I2cBus
06-17 02:17:17.362   255  1047 E CameraHal: OV8858 device register failed!
06-17 02:17:17.362   255  1047 D CameraHal: OpenAndRegistALLSensor(1137): open /dev/camsys_marvin1 fd: 9
06-17 02:17:17.363   255  1047 D CameraHal: 
06-17 02:17:17.363   255  1047 D CameraHal: 
06-17 02:17:17.363   255  1047 D CameraHal: 
06-17 02:17:17.363   255  1047 D CameraHal:  CamSys_Head.h Version Check:
06-17 02:17:17.363   255  1047 D CameraHal:     Kernel camsys_head.h: v0x1.0x0.0x0
06-17 02:17:17.363   255  1047 D CameraHal:     Kernel camsys_drv :   v0x0.0x0.0x1
06-17 02:17:17.363   255  1047 D CameraHal:     CameraHal camsys_head.h : v0x1.0x0.0x0
06-17 02:17:17.363   255  1047 D CameraHal: 
06-17 02:17:17.363   255  1047 D CameraHal: 
06-17 02:17:17.363   255  1047 D CameraHal: 
06-17 02:17:17.378   255  1047 E CameraHal: WARNING: OV8858 soft reset by i2c failed!, please check follow information:
06-17 02:17:17.378   255  1047 E CameraHal:     Slave_addr: 0x6c 0x20
06-17 02:17:17.378   255  1047 E CameraHal:     Soft reset reg: 0x103  val: 0x1
06-17 02:17:17.378   255  1047 E CameraHal:     Power/PowerDown/Reset/Mclk/I2cBus
06-17 02:17:17.390   255  1047 E CameraHal: OV8858 device register failed!
06-17 02:17:17.391   255  1047 D CameraHal: camera_get_number_of_cameras(806): usb plug load sensor name(OV13850) connect 0
06-17 02:17:17.391   255  1047 D CameraHal: camera_get_number_of_cameras(812): normal load sensor name(OV13850) connect 0
06-17 02:17:17.391   255  1047 D CameraHal: camera_get_number_of_cameras(806): usb plug load sensor name(OV13850) connect 0
06-17 02:17:17.391   255  1047 D CameraHal: camera_get_number_of_cameras(812): normal load sensor name(OV13850) connect 0
06-17 02:17:17.391   255  1047 D CameraHal: camera_get_number_of_cameras(806): usb plug load sensor name(OV8858) connect 0
06-17 02:17:17.391   255  1047 D CameraHal: camera_get_number_of_cameras(812): normal load sensor name(OV8858) connect 0
06-17 02:17:17.391   255  1047 D CameraHal: camera_get_number_of_cameras(806): usb plug load sensor name(OV8858) connect 0
06-17 02:17:17.391   255  1047 D CameraHal: camera_get_number_of_cameras(812): normal load sensor name(OV8858) connect 0
06-17 02:17:17.391   255  1047 D CameraHal: camera_get_number_of_cameras(873): Open /dev/video0 success!
06-17 02:17:17.394   255  1047 D CameraHal: camera_get_number_of_cameras(873): Open /dev/video1 success!
06-17 02:17:17.394   255  1047 E CameraHal: camera_get_number_of_cameras(1018): mCamDriverPreviewFmt = 0, no support fmt
06-17 02:17:17.394   255  1047 E CameraHal: camera_get_number_of_cameras(870): Open /dev/video2 failed! strr: No such file or directory
06-17 02:17:17.394   255  1047 E CameraHal: camera_get_number_of_cameras(870): Open /dev/video3 failed! strr: No such file or directory
06-17 02:17:17.394   255  1047 E CameraHal: camera_get_number_of_cameras(870): Open /dev/video4 failed! strr: No such file or directory
06-17 02:17:17.394   255  1047 E CameraHal: camera_get_number_of_cameras(870): Open /dev/video5 failed! strr: No such file or directory
06-17 02:17:17.394   255  1047 E CameraHal: camera_get_number_of_cameras(870): Open /dev/video6 failed! strr: No such file or directory
06-17 02:17:17.394   255  1047 E CameraHal: camera_get_number_of_cameras(870): Open /dev/video7 failed! strr: No such file or directory
06-17 02:17:17.394   255  1047 E CameraHal: camera_get_number_of_cameras(870): Open /dev/video8 failed! strr: No such file or directory
06-17 02:17:17.395   255  1047 E CameraHal: camera_get_number_of_cameras(870): Open /dev/video9 failed! strr: No such file or directory
06-17 02:17:17.395   255  1047 D CameraHal: judge the media profile xml fileexit = -1
06-17 02:17:17.395   255  1047 D CameraHal: (UVC Camera) UVC camera resolution(320x240) is support 
06-17 02:17:17.395   255  1047 D CameraHal: (UVC Camera) UVC camera resolution(640x480) is support 
06-17 02:17:17.395   255  1047 D CameraHal: (UVC Camera) UVC camera resolution(1280x720) is support 
06-17 02:17:17.395   255  1047 D CameraHal: (UVC Camera) UVC camera resolution(1920x1080) is support 
06-17 02:17:17.406   255  1047 D CameraHal: find element camid(0) quality(qcif) width(176)
06-17 02:17:17.406   255  1047 D CameraHal: XML modify: camID(0) resolution:qcif(176x144) fps(10) isaddmark(1)
06-17 02:17:17.406   255  1047 D CameraHal: find element camid(0) quality(qvga) width(320)
06-17 02:17:17.406   255  1047 D CameraHal: XML modify: camID(0) resolution:qvga(320x240) fps(25) isaddmark(0)
06-17 02:17:17.406   255  1047 D CameraHal: find element camid(0) quality(cif) width(352)
06-17 02:17:17.406   255  1047 D CameraHal: XML modify: camID(0) resolution:cif(352x288) fps(10) isaddmark(1)
06-17 02:17:17.406   255  1047 D CameraHal: find element camid(0) quality(480p) width(640)
06-17 02:17:17.406   255  1047 D CameraHal: XML modify: camID(0) resolution:480p(640x480) fps(25) isaddmark(0)
06-17 02:17:17.406   255  1047 D CameraHal: find element camid(0) quality(480p) width(720)
06-17 02:17:17.406   255  1047 D CameraHal: XML modify: camID(0) resolution:480p(720x480) fps(10) isaddmark(1)
06-17 02:17:17.406   255  1047 D CameraHal: find element camid(0) quality(480p) width(800)
06-17 02:17:17.406   255  1047 D CameraHal: XML modify: camID(0) resolution:480p(800x600) fps(10) isaddmark(1)
06-17 02:17:17.406   255  1047 D CameraHal: find element camid(0) quality(576p) width(720)
06-17 02:17:17.406   255  1047 D CameraHal: WARNING: can't find camID(0) resolution:576p(720x576), addmark!!!
06-17 02:17:17.407   255  1047 D CameraHal: find element camid(0) quality(720p) width(1280)
06-17 02:17:17.407   255  1047 D CameraHal: XML modify: camID(0) resolution:720p(1280x720) fps(25) isaddmark(0)
06-17 02:17:17.407   255  1047 D CameraHal: find element camid(0) quality(1080p) width(1920)
06-17 02:17:17.407   255  1047 D CameraHal: XML modify: camID(0) resolution:1080p(1920x1080) fps(25) isaddmark(0)
06-17 02:17:17.407   255  1047 D CameraHal: find element camid(0) quality(qcif) width(176)
06-17 02:17:17.407   255  1047 D CameraHal: XML modify: camID(0) resolution:qcif(176x144) fps(10) isaddmark(1)
06-17 02:17:17.408   255  1047 D CameraHal: find element camid(0) quality(qvga) width(320)
06-17 02:17:17.408   255  1047 D CameraHal: XML modify: camID(0) resolution:qvga(320x240) fps(25) isaddmark(0)
06-17 02:17:17.408   255  1047 D CameraHal: find element camid(0) quality(cif) width(352)
06-17 02:17:17.408   255  1047 D CameraHal: XML modify: camID(0) resolution:cif(352x288) fps(10) isaddmark(1)
06-17 02:17:17.408   255  1047 D CameraHal: find element camid(0) quality(480p) width(640)
06-17 02:17:17.408   255  1047 D CameraHal: XML modify: camID(0) resolution:480p(640x480) fps(25) isaddmark(0)
06-17 02:17:17.408   255  1047 D CameraHal: find element camid(0) quality(480p) width(720)
06-17 02:17:17.408   255  1047 D CameraHal: XML modify: camID(0) resolution:480p(720x480) fps(10) isaddmark(1)
06-17 02:17:17.408   255  1047 D CameraHal: find element camid(0) quality(480p) width(800)
06-17 02:17:17.408   255  1047 D CameraHal: XML modify: camID(0) resolution:480p(800x600) fps(10) isaddmark(1)
06-17 02:17:17.409   255  1047 D CameraHal: find element camid(0) quality(480p) width(800)
06-17 02:17:17.409   255  1047 D CameraHal: XML modify: camID(0) resolution:480p(800x600) fps(10) isaddmark(1)
06-17 02:17:17.409   255  1047 D CameraHal: find element camid(0) quality(576p) width(720)
06-17 02:17:17.409   255  1047 D CameraHal: WARNING: can't find camID(0) resolution:576p(720x576), addmark!!!
06-17 02:17:17.409   255  1047 D CameraHal: find element camid(0) quality(720p) width(1280)
06-17 02:17:17.409   255  1047 D CameraHal: XML modify: camID(0) resolution:720p(1280x720) fps(25) isaddmark(0)
06-17 02:17:17.409   255  1047 D CameraHal: find element camid(0) quality(1080p) width(1920)
06-17 02:17:17.409   255  1047 D CameraHal: XML modify: camID(0) resolution:1080p(1920x1080) fps(25) isaddmark(0)
06-17 02:17:17.410   255  1047 D CameraHal: find element camid(1) quality(qcif) width(176)
06-17 02:17:17.410   255  1047 D CameraHal: WARNING: can't find camID(1) resolution:qcif(176x144), addmark!!!
06-17 02:17:17.410   255  1047 D CameraHal: find element camid(1) quality(qvga) width(320)
06-17 02:17:17.410   255  1047 D CameraHal: WARNING: can't find camID(1) resolution:qvga(320x240), addmark!!!
06-17 02:17:17.410   255  1047 D CameraHal: find element camid(1) quality(cif) width(352)
06-17 02:17:17.410   255  1047 D CameraHal: WARNING: can't find camID(1) resolution:cif(352x288), addmark!!!
06-17 02:17:17.410   255  1047 D CameraHal: find element camid(1) quality(480p) width(640)
06-17 02:17:17.410   255  1047 D CameraHal: WARNING: can't find camID(1) resolution:480p(640x480), addmark!!!
06-17 02:17:17.411   255  1047 D CameraHal: find element camid(1) quality(480p) width(720)
06-17 02:17:17.411   255  1047 D CameraHal: WARNING: can't find camID(1) resolution:480p(720x480), addmark!!!
06-17 02:17:17.411   255  1047 D CameraHal: find element camid(1) quality(480p) width(800)
06-17 02:17:17.411   255  1047 D CameraHal: WARNING: can't find camID(1) resolution:480p(800x600), addmark!!!
06-17 02:17:17.411   255  1047 D CameraHal: find element camid(1) quality(720p) width(1280)
06-17 02:17:17.411   255  1047 D CameraHal: WARNING: can't find camID(1) resolution:720p(1280x720), addmark!!!
06-17 02:17:17.411   255  1047 D CameraHal: find element camid(1) quality(1080p) width(1920)
06-17 02:17:17.411   255  1047 D CameraHal: WARNING: can't find camID(1) resolution:1080p(1920x1080), addmark!!!
06-17 02:17:17.411   255  1047 D CameraHal: find element camid(1) quality(qcif) width(176)
06-17 02:17:17.411   255  1047 D CameraHal: WARNING: can't find camID(1) resolution:qcif(176x144), addmark!!!
06-17 02:17:17.412   255  1047 D CameraHal: find element camid(1) quality(qvga) width(320)
06-17 02:17:17.412   255  1047 D CameraHal: WARNING: can't find camID(1) resolution:qvga(320x240), addmark!!!
06-17 02:17:17.412   255  1047 D CameraHal: find element camid(1) quality(cif) width(352)
06-17 02:17:17.412   255  1047 D CameraHal: WARNING: can't find camID(1) resolution:cif(352x288), addmark!!!
06-17 02:17:17.412   255  1047 D CameraHal: find element camid(1) quality(480p) width(640)
06-17 02:17:17.412   255  1047 D CameraHal: WARNING: can't find camID(1) resolution:480p(640x480), addmark!!!
06-17 02:17:17.412   255  1047 D CameraHal: find element camid(1) quality(480p) width(720)
06-17 02:17:17.412   255  1047 D CameraHal: WARNING: can't find camID(1) resolution:480p(720x480), addmark!!!
06-17 02:17:17.412   255  1047 D CameraHal: find element camid(1) quality(480p) width(800)
06-17 02:17:17.412   255  1047 D CameraHal: WARNING: can't find camID(1) resolution:480p(800x600), addmark!!!
06-17 02:17:17.412   255  1047 D CameraHal: find element camid(1) quality(720p) width(1280)
06-17 02:17:17.412   255  1047 D CameraHal: WARNING: can't find camID(1) resolution:720p(1280x720), addmark!!!
06-17 02:17:17.414   255  1047 D CameraHal: find element camid(1) quality(1080p) width(1920)
06-17 02:17:17.414   255  1047 D CameraHal: WARNING: can't find camID(1) resolution:1080p(1920x1080), addmark!!!
06-17 02:17:17.427   255  1047 D CameraHal: camera_get_number_of_cameras(1289): camera_get_number_of_cameras(1289): Current board have 1 cameras attached.
06-17 02:17:17.427   255  1047 D CameraHal: camera_get_number_of_cameras(1292): meida_profiles_xml_control time (160022)us
06-17 02:17:17.427   255  1047 I CameraService: Loaded "RK29_ICS_CameraHal_Module" camera module
06-17 02:17:17.427   255  1047 D CameraHal: camera_get_number_of_cameras(1289): camera_get_number_of_cameras(1289): Current board have 1 cameras attached.
06-17 02:17:17.427   255  1047 D CameraHal: camera_get_number_of_cameras(1292): meida_profiles_xml_control time (44)us
06-17 02:17:17.428   255  1047 D CameraHal: camera_get_number_of_cameras(1289): camera_get_number_of_cameras(1289): Current board have 1 cameras attached.
06-17 02:17:17.428   255  1047 D CameraHal: camera_get_number_of_cameras(1292): meida_profiles_xml_control time (36)us
06-17 02:17:17.428   255  1047 I CameraFlashlight: Opening camera 0
06-17 02:17:17.428   255  1047 D CameraHal: camera_get_camera_info(1502): camera_get_camera_info(1502): camera_0 facing(1), orientation(0)
06-17 02:17:17.428   255  1047 I CameraHal: camera_device_open(566): camera_device open
06-17 02:17:17.428   255  1047 D CameraHal: gCameraHalLogLevel: 0
06-17 02:17:17.429   255  1047 D CameraHal: CameraHal(139): it is a uvc camera!
06-17 02:17:17.427   255   255 W Binder:255_2: type=1400 audit(0.0:723): avc: denied { search } for name="493" dev="proc" ino=1568 scontext=u:r:cameraserver:s0 tcontext=u:r:system_server:s0 tclass=
06-17 02:17:17.427   255   255 W Binder:255_2: type=1400 audit(0.0:724): avc: denied { read } for name="cmdline" dev="proc" ino=16744 scontext=u:r:cameraserver:s0 tcontext=u:r:system_server:s0 tclass=f
06-17 02:17:17.429   255  1047 D CameraHal: Calling process is: system_server
06-17 02:17:17.427   255   255 W Binder:255_2: type=1400 audit(0.0:725): avc: denied { open } for path="/proc/493/cmdline" dev="proc" ino=16744 scontext=u:r:cameraserver:s0 tcontext=u:r:system_server:s0 tclass=f
06-17 02:17:17.431   255  1047 D CameraHal: Calling process is: system_server
06-17 02:17:17.476   493   652 D EventHub: No input device configuration file found for device 'A200 3DSensor'.
06-17 02:17:17.478   493   652 W EventHub: Unable to disable kernel key repeat for /dev/input/event7: Function not implemented
06-17 02:17:17.478   493   652 I EventHub: New device: id=57, fd=244, path='/dev/input/event7', name='A200 3DSensor', classes=0x80000401, configuration='', keyLayout='/system/usr/keylayout/Generic.kl', keyCharacterMap='/system/usr/keychars/Generic.kcm', builtinKeyboard=false, wakeMechanism=EPOLLWAKEUP, usingClockIoctl=true
06-17 02:17:17.478   493   652 I InputReader: Device added: id=57, name='A200 3DSensor', sources=0x00002103
06-17 02:17:17.485   493   767 I chatty  : uid=1000(system) UsbService host expire 2 lines
06-17 02:17:17.495   255  1047 D CameraHal: cameraCreate(406): Camera driver: uvcvideo Card Name:A200 HD Video device Driver version: 0x4.0x4.0x7e  CameraHal version: 0x2.0x0.0x0 
06-17 02:17:17.495   255  1047 D CameraHal: cameraCreate(413): mCamDriverSupportFmt: fmt = 1196444237(Motion-JPEG),index = 0
06-17 02:17:17.495   255  1047 D CameraHal: cameraCreate(413): mCamDriverSupportFmt: fmt = 1448695129(YUYV 4:2:2),index = 1
06-17 02:17:17.495   255  1047 D CameraHal: cameraCreate(451): cameraCreate(451): mCamDriverPreviewFmt(MJPG) is cameraHal and camera driver is also supported!!
06-17 02:17:17.495   255  1047 D CameraHal: cameraCreate(453): mCamDriverPreviewFmt  = 1196444237
06-17 02:17:17.495   255  1047 D CameraHal: cameraCreate(459): cameraCreate(459): Current driver is uvcvideo, v4l2 memory is V4L2_MEMORY_MMAP
06-17 02:17:17.508   255  1047 E CameraHal: initDefaultParameters(524): initDefaultParameters(524): mCamDriverCapability.card is error!
06-17 02:17:17.509   255  1047 D CameraHal: initDefaultParameters(589): mIsCtsTest:0 Support video sizes:(null)
06-17 02:17:17.509   255  1047 D CameraHal: initDefaultParameters(606): Support Preview format: yuv420sp,yuv420p .. yuv420sp
06-17 02:17:17.509   255  1047 D CameraHal: initDefaultParameters(608): Support Preview sizes: 640x480,1920x1080,1280x720,320x240     640x480
06-17 02:17:17.509   255  1047 D CameraHal: initDefaultParameters(609): Support Preview FPS range: (15000,25000)
06-17 02:17:17.509   255  1047 D CameraHal: initDefaultParameters(610): Support Preview framerate: 25,24,20,15
06-17 02:17:17.509   255  1047 D CameraHal: initDefaultParameters(611): Support Picture sizes: 640x480,1920x1080,1280x720,320x240 
06-17 02:17:17.509   255  1047 D CameraHal: initDefaultParameters(613): Support white balance: auto,incandescent,fluorescent,daylight,cloudy-daylight
06-17 02:17:17.509   255  1047 D CameraHal: initDefaultParameters(621): Support focus: fixed  focus zone: 0
06-17 02:17:17.509   255  1047 D CameraHal: initDefaultParameters(623): Support zoom: true(ratios: 100,105,110,115,120,125,130,135,140,145,150,155,160,165,170,175,180,185,190,195,200,205,210,215,220,225,230,235,240,245,250,255,260,265,270,275,280,285,290,295,300,)
06-17 02:17:17.509   255  1047 D CameraHal: initDefaultParameters(627): Support exposure: (-3 -> 3)
06-17 02:17:17.509   255  1047 D CameraHal: initDefaultParameters(631): Support anti-banding: off,50hz,60hz,auto  anti-banding: off
06-17 02:17:17.509   255  1047 D CameraHal: initDefaultParameters(633): Support hardware faces detecte: 2
06-17 02:17:17.509   255  1047 D CameraHal: initDefaultParameters(634): Support software faces detecte: 0
06-17 02:17:17.509   255  1047 D CameraHal: initDefaultParameters(635): Support video stabilization: false
06-17 02:17:17.509   255  1047 D CameraHal: initDefaultParameters(636): Support recording hint: false
06-17 02:17:17.516   493   669 I chatty  : uid=1000(system) ConnectivitySer expire 38 lines
06-17 02:17:17.519   255  1047 D CameraHal: cameraConfig(768): cameraConfig(768): Set framerate(25 fps) success
06-17 02:17:17.520   255  1047 D CameraHal: cameraConfig(811): cameraConfig(811): Set white balance(auto) success
06-17 02:17:17.520   255  1047 D CameraHal: cameraConfig(888): cameraConfig(888): Set anti-banding Disabled 
06-17 02:17:17.521   255  1047 D CameraHal: cameraConfig(969): cameraConfig(969): Set exposure 0	0
06-17 02:17:17.521   255  1047 D CameraHal: isNeedToRestartPreview(175): mPreviewFrame2AppW (640x480)
06-17 02:17:17.521   255  1047 D CameraHal: isNeedToRestartPreview(176): mCamPreviewW (0x0)
06-17 02:17:17.521   255  1047 D CameraHal: isNeedToRestartPreview(177): video width (640x480)
06-17 02:17:17.521   255  1047 D CameraHal: Calling process is: system_server
06-17 02:17:17.522   255  1047 D CameraHal: enableSensor(213): orientation = 0xe9eb9010 (Accelerometer sensor)
06-17 02:17:17.523   493   641 I SensorsHal: set batch: handle = 0, period_ns = 20000000ns, timeout = 0ns
06-17 02:17:17.523   493   641 I SensorsHal: MmaSensor update delay: 20ms
06-17 02:17:17.523   493   641 D SensorsHal: update gsensor delay to 20 ms
06-17 02:17:17.523   493   641 I SensorsHal: set flush: handle = 0
06-17 02:17:17.523   493   632 I SensorsHal: report 1 flush event
06-17 02:17:17.524   493   641 I SensorsHal: set delay: handle = 0, delay = 20000000ns
06-17 02:17:17.524   493   641 I SensorsHal: MmaSensor update delay: 20ms
06-17 02:17:17.524   493   641 D SensorsHal: update gsensor delay to 20 ms
06-17 02:17:17.525   255  7803 D CameraHal: commandThread(1028): commandThread(1028):receive CMD_SET_PREVIEW_WINDOW
06-17 02:17:17.525   255  7803 D CameraHal: commandThread(1044): commandThread(1044): CMD_SET_PREVIEW_WINDOW out
06-17 02:17:17.525   255  7803 D CameraHal: commandThread(1002): commandThread(1002):receive CMD_PREVIEW_STOP
06-17 02:17:17.525   255  7803 D CameraHal: stopPreview(267): stopPreview(267):IN
06-17 02:17:17.525   255  7803 D CameraHal: stopPreview(287): stopPreview(287):OUT
06-17 02:17:17.525   255  1047 D CameraHal: stopPreview(447): stop preview OK.
06-17 02:17:17.525   255  7803 D CameraHal: commandThread(1023): commandThread(1023): CMD_PREVIEW_STOP out
06-17 02:17:17.525   255  7803 D CameraHal: commandThread(1028): commandThread(1028):receive CMD_SET_PREVIEW_WINDOW
06-17 02:17:17.525   255  7803 W CameraHal: setPreviewWindow(210): set preview window null,stop display?
06-17 02:17:17.525   255  7780 D CameraHal: displayThread(670): displayThread(670): receive CMD_DISPLAY_PAUSE
06-17 02:17:17.525   255  7780 D CameraHal: cameraDisplayBufferDestory(449): cameraDisplayBufferDestory(449): mANativeWindow is NULL, destory is ignore
06-17 02:17:17.525   255  1047 I CameraFlashlight: Destroying camera 0
06-17 02:17:17.525   255  1047 D CameraHal: camera_device_close(454): camera_device_close
06-17 02:17:17.525   255  7803 D CameraHal: commandThread(1044): commandThread(1044): CMD_SET_PREVIEW_WINDOW out
06-17 02:17:17.526   255  1047 D CameraHal: disableSensor(239): orientation = 0xe9eb9010 (Accelerometer sensor)
06-17 02:17:17.526   493   641 I SensorsHal: set batch: handle = 0, period_ns = 20000000ns, timeout = 100000000ns
06-17 02:17:17.526   493   641 I SensorsHal: MmaSensor update delay: 20ms
06-17 02:17:17.526   493   641 D SensorsHal: update gsensor delay to 20 ms
06-17 02:17:17.527   255  1047 D CameraHal: ~SensorListener(109): Kill looper thread
06-17 02:17:17.527   255  1047 D CameraHal: ~SensorListener(121): Kill looper
06-17 02:17:17.527   255  1047 D CameraHal: ~SensorListener(127): SensorListener destroyed
06-17 02:17:17.527   255  7780 D CameraHal: displayThread(682): displayThread(682): receive CMD_DISPLAY_STOP
06-17 02:17:17.527   255  7780 D CameraHal: cameraDisplayBufferDestory(449): cameraDisplayBufferDestory(449): mANativeWindow is NULL, destory is ignore
06-17 02:17:17.527   255  7783 D CameraHal: encProcessThread(2037): encProcessThread(2037): receive CMD_ENCPROCESS_EXIT
06-17 02:17:17.528   255  7802 D CameraHal: autofocusThread(881): wait out
06-17 02:17:17.531   255  7803 D CameraHal: commandThread(1187): commandThread(1187): receive CMD_EXIT
06-17 02:17:17.531   255  1047 D CameraHal: ~CameraHal(360): CameraHal destory success
06-17 02:17:17.531   255  1047 D CameraHal: camera_get_camera_info(1502): camera_get_camera_info(1502): camera_0 facing(1), orientation(0)
06-17 02:17:17.533   493   641 I chatty  : uid=1000(system) UEventObserver expire 5 lines
06-17 02:17:17.534   255   255 W CameraService: doUserSwitch: Received notification of user switch with no updated user IDs.
06-17 02:17:20.243   254   372 D alsa_route: route_set_controls() set route 24
06-17 02:17:20.316   254   372 D AudioHardwareTiny: close device
06-17 02:17:20.536   493   662 D WifiStateMachine: updateCapabilities for config:Xiaomi_D99Cfalse,false
06-17 02:17:22.100   493   662 I chatty  : uid=1000(system) WifiStateMachin expire 1 line
06-17 02:17:22.102   493   666 I WifiHAL : Got channel list with 13 channels
06-17 02:17:22.103   493   666 I WifiHAL : Got channel list with 9 channels
06-17 02:17:22.104   493   666 I WifiHAL : Got channel list with 4 channels
06-17 02:17:22.106   493   666 I chatty  : uid=1000(system) WifiScanningSer expire 1 line
06-17 02:17:26.566   493   662 D WifiStateMachine: updateCapabilities for config:Xiaomi_D99Cfalse,false
06-17 02:17:38.636   493   662 D WifiStateMachine: updateCapabilities for config:Xiaomi_D99Cfalse,false
06-17 02:17:39.975   254   372 D AudioHardwareTiny: 1212121 start_output_stream
06-17 02:17:39.975   254   372 E AudioHardwareTiny: vicent r 44100  c 2  ps 512 pc 6
06-17 02:17:39.975   254   372 D AudioHardwareTiny: start_output_stream device: 408
06-17 02:17:39.975   254   372 D AudioHardwareTiny: read_out_sound_card: buf =  0 [rockchiprt5640c]: rockchip_rt5640 - rockchip,rt5640-codec
06-17 02:17:39.975   254   372 D AudioHardwareTiny: get_card_number: number =0,card_name =  0 [rockchiprt5640c]: rockchip_rt5640 - rockchip,rt5640-codec
06-17 02:17:39.975   254   372 D AudioHardwareTiny: read_out_sound_card: buf =                       rockchip,rt5640-codec
06-17 02:17:39.975   254   372 D AudioHardwareTiny: read_out_sound_card: buf =  1 [rkhdmidpsound  ]: rk-hdmi-dp-soun - rk-hdmi-dp-sound
06-17 02:17:39.975   254   372 D AudioHardwareTiny: get_card_number: number =1,card_name =  1 [rkhdmidpsound  ]: rk-hdmi-dp-soun - rk-hdmi-dp-sound
06-17 02:17:39.975   254   372 D AudioHardwareTiny: read_out_sound_card: buf =                       rk-hdmi-dp-sound
06-17 02:17:39.975   254   372 E AudioHardwareTiny: start_output_stream() >>>> PCM_CARD_HDMI:-1, PCM_CARD:-1, HdmiIn_snd_config.config:4 
06-17 02:17:39.976   254   372 D alsa_route: route_info->sound_card 0, route_info->devices 0  
06-17 02:17:39.976   254   372 D alsa_route: route_set_controls() set route 8
06-17 02:17:40.013   493  7626 I chatty  : uid=1000(system) Binder:493_17 expire 51 lines
06-17 02:17:40.091   493  3882 I chatty  : uid=1000(system) Binder:493_12 expire 51 lines
06-17 02:17:40.119   707   976 D mali_winsys: EGLint new_window_surface(egl_winsys_display *, void *, EGLSurface, EGLConfig, egl_winsys_surface **, egl_color_buffer_format *, EGLBoolean) returns 0x3000
06-17 02:17:40.160   493   572 I chatty  : uid=1000(system) android.display expire 120 lines
06-17 02:17:40.180   493  7626 I chatty  : uid=1000(system) Binder:493_17 expire 53 lines
06-17 02:17:40.434   235   235 W SurfaceFlinger: couldn't log to binary event log: overflow.
06-17 02:17:40.434   235   235 W SurfaceFlinger: couldn't log to binary event log: overflow.
06-17 02:17:40.434   235   235 W SurfaceFlinger: couldn't log to binary event log: overflow.
06-17 02:17:40.434   235   235 W SurfaceFlinger: couldn't log to binary event log: overflow.
06-17 02:17:41.381   493  3882 I chatty  : uid=1000(system) Binder:493_12 expire 14 lines
06-17 02:17:41.424   493  3245 I chatty  : uid=1000(system) Binder:493_11 expire 1 line
06-17 02:17:41.428   493  7626 I chatty  : uid=1000(system) Binder:493_17 expire 19 lines
06-17 02:17:41.436  1270  1323 D mali_winsys: EGLint new_window_surface(egl_winsys_display *, void *, EGLSurface, EGLConfig, egl_winsys_surface **, egl_color_buffer_format *, EGLBoolean) returns 0x3000
06-17 02:17:41.495   493   572 I chatty  : uid=1000(system) android.display expire 53 lines
06-17 02:17:41.539   493   651 W InputDispatcher: channel '94d0392 com.imi.faceunionpayset_commercial/com.imi.faceunionpayset.detail.UnionPayActivity (server)' ~ Consumer closed input channel or an error occurred.  events=0x9
06-17 02:17:41.539   493   651 E InputDispatcher: channel '94d0392 com.imi.faceunionpayset_commercial/com.imi.faceunionpayset.detail.UnionPayActivity (server)' ~ Channel is unrecoverably broken and will be disposed!
06-17 02:17:41.539   493   651 W InputDispatcher: channel '82385cf com.imi.faceunionpayset_commercial/com.imi.faceunionpayset.detail.MainActivity (server)' ~ Consumer closed input channel or an error occurred.  events=0x9
06-17 02:17:41.539   493   651 E InputDispatcher: channel '82385cf com.imi.faceunionpayset_commercial/com.imi.faceunionpayset.detail.MainActivity (server)' ~ Channel is unrecoverably broken and will be disposed!
06-17 02:17:41.560   493  4991 I chatty  : uid=1000(system) Binder:493_15 expire 80 lines
06-17 02:17:41.560   493  4991 W InputDispatcher: Attempted to unregister already unregistered input channel '94d0392 com.imi.faceunionpayset_commercial/com.imi.faceunionpayset.detail.UnionPayActivity (server)'
06-17 02:17:41.561   493  2925 I chatty  : uid=1000(system) Binder:493_E expire 1 line
06-17 02:17:41.561   493  2356 D GraphicsStats: Buffer count: 3
06-17 02:17:41.584   493  1221 I chatty  : uid=1000(system) Binder:493_8 expire 2 lines
06-17 02:17:41.586   493  3882 I chatty  : uid=1000(system) Binder:493_12 expire 16 lines
06-17 02:17:41.586   493  3882 W InputDispatcher: Attempted to unregister already unregistered input channel '82385cf com.imi.faceunionpayset_commercial/com.imi.faceunionpayset.detail.MainActivity (server)'
06-17 02:17:41.589   493  3245 I chatty  : uid=1000(system) Binder:493_11 expire 2 lines
06-17 02:17:41.590   493  2926 I chatty  : uid=1000(system) Binder:493_F expire 47 lines
06-17 02:17:41.599   493   572 I chatty  : uid=1000(system) android.display expire 85 lines
06-17 02:17:41.981  1270  1323 W OpenGLRenderer: Incorrectly called buildLayer on View: ShortcutAndWidgetContainer, destroying layer...
06-17 02:17:42.668   493  2925 I chatty  : uid=1000(system) Binder:493_E expire 15 lines
06-17 02:17:43.125   254   372 D alsa_route: route_set_controls() set route 24
06-17 02:17:43.205   254   372 D AudioHardwareTiny: close device
06-17 02:17:43.636   254   372 D AudioHardwareTiny: 1212121 start_output_stream
06-17 02:17:43.636   254   372 E AudioHardwareTiny: vicent r 44100  c 2  ps 512 pc 6
06-17 02:17:43.636   254   372 D AudioHardwareTiny: start_output_stream device: 408
06-17 02:17:43.636   254   372 D AudioHardwareTiny: read_out_sound_card: buf =  0 [rockchiprt5640c]: rockchip_rt5640 - rockchip,rt5640-codec
06-17 02:17:43.636   254   372 D AudioHardwareTiny: get_card_number: number =0,card_name =  0 [rockchiprt5640c]: rockchip_rt5640 - rockchip,rt5640-codec
06-17 02:17:43.636   254   372 D AudioHardwareTiny: read_out_sound_card: buf =                       rockchip,rt5640-codec
06-17 02:17:43.636   254   372 D AudioHardwareTiny: read_out_sound_card: buf =  1 [rkhdmidpsound  ]: rk-hdmi-dp-soun - rk-hdmi-dp-sound
06-17 02:17:43.636   254   372 D AudioHardwareTiny: get_card_number: number =1,card_name =  1 [rkhdmidpsound  ]: rk-hdmi-dp-soun - rk-hdmi-dp-sound
06-17 02:17:43.636   254   372 D AudioHardwareTiny: read_out_sound_card: buf =                       rk-hdmi-dp-sound
06-17 02:17:43.636   254   372 E AudioHardwareTiny: start_output_stream() >>>> PCM_CARD_HDMI:-1, PCM_CARD:-1, HdmiIn_snd_config.config:4 
06-17 02:17:43.636   254   372 D alsa_route: route_info->sound_card 0, route_info->devices 0  
06-17 02:17:43.637   254   372 D alsa_route: route_set_controls() set route 8
06-17 02:17:43.673  7852  7852 I chatty  : uid=10079(com.imi.faceunionpayset_commercial) expire 45 lines
06-17 02:17:43.748   493   572 I WindowManager: Win Window{187ecde u0 NavigationBar}: isVisibleOrBehindKeyguardLw=true
06-17 02:17:43.748   493   572 I WindowManager: Win Window{19bcd3a u0 StatusBar}: isVisibleOrBehindKeyguardLw=true
06-17 02:17:43.748   493   572 I WindowManager: Win Window{1d7c884 u0 Starting com.imi.faceunionpayset_commercial}: isVisibleOrBehindKeyguardLw=true
06-17 02:17:43.748   493   572 V WindowManager: Fullscreen window: Window{1d7c884 u0 Starting com.imi.faceunionpayset_commercial}
06-17 02:17:43.748   493   572 I WindowManager: Win Window{962a484 u0 com.android.launcher3/com.android.launcher3.Launcher}: isVisibleOrBehindKeyguardLw=false
06-17 02:17:43.748   493   572 I WindowManager: Win Window{ceeb6b7 u0 com.android.systemui.ImageWallpaper}: isVisibleOrBehindKeyguardLw=true
06-17 02:17:43.748   493   572 I WindowManager: force=false forcefkg=false top=Window{1d7c884 u0 Starting com.imi.faceunionpayset_commercial}
06-17 02:17:43.748   493   572 V WindowManager: ** SHOWING status bar: top is not fullscreen
06-17 02:17:43.764   493  2926 I WindowManager: mNavigationBar frame: Rect(0, 1216 - 800, 1280)
06-17 02:17:43.765   493  2926 I WindowManager: mDock rect: (0,0 - 800,1216)
06-17 02:17:43.765   493  2926 V WindowManager: Status bar: dock=[0,32][800,1216] content=[0,32][800,1216] cur=[0,32][800,1216]
06-17 02:17:43.765   493  2926 V WindowManager: layoutWindowLw(DockedStackDivider): IN_SCREEN
06-17 02:17:43.765   493  2926 V WindowManager: Compute frame DockedStackDivider: sim=#20 attach=null type=2034 flags=0x21840028 pf=[0,0][800,1280] df=[0,0][800,1280] of=[0,0][800,1280] cf=[0,32][800,1216] vf=[0,32][800,1216] dcf=[0,0][800,1280] sf=[0,32][800,1216] osf=null
06-17 02:17:43.766   493  2926 V WindowManager: layoutWindowLw(Starting com.imi.faceunionpayset_commercial): IN_SCREEN, INSET_DECOR
06-17 02:17:43.766   493  2926 V WindowManager: Compute frame Starting com.imi.faceunionpayset_commercial: sim=#20 attach=null type=3 flags=0x81830118 pf=[0,0][800,1280] df=[0,0][800,1280] of=[0,0][800,1280] cf=[0,32][800,1216] vf=[0,32][800,1216] dcf=[0,0][800,1280] sf=[0,32][800,1216] osf=null
06-17 02:17:43.767   493  2926 V WindowManager: Compute frame com.android.systemui.ImageWallpaper: sim=#0 attach=null type=2013 flags=0x00010318 pf=[0,0][800,1280] df=[-10000,-10000][10000,10000] of=[0,0][800,1280] cf=[0,0][800,1280] vf=[0,32][800,1216] dcf=[0,0][0,0] sf=[0,32][800,1216] osf=[0,0][800,1280]
06-17 02:17:43.767   493  2926 I WindowManager: Win Window{187ecde u0 NavigationBar}: isVisibleOrBehindKeyguardLw=true
06-17 02:17:43.767   493  2926 I WindowManager: Win Window{19bcd3a u0 StatusBar}: isVisibleOrBehindKeyguardLw=true
06-17 02:17:43.768   493  2926 I WindowManager: Win Window{1d7c884 u0 Starting com.imi.faceunionpayset_commercial}: isVisibleOrBehindKeyguardLw=true
06-17 02:17:43.768   493  2926 V WindowManager: Fullscreen window: Window{1d7c884 u0 Starting com.imi.faceunionpayset_commercial}
06-17 02:17:43.768   493  2926 I WindowManager: Win Window{962a484 u0 com.android.launcher3/com.android.launcher3.Launcher EXITING}: isVisibleOrBehindKeyguardLw=false
06-17 02:17:43.768   493  2926 I WindowManager: Win Window{ceeb6b7 u0 com.android.systemui.ImageWallpaper}: isVisibleOrBehindKeyguardLw=true
06-17 02:17:43.768   493  2926 I WindowManager: force=false forcefkg=false top=Window{1d7c884 u0 Starting com.imi.faceunionpayset_commercial}
06-17 02:17:43.768   493  2926 V WindowManager: ** SHOWING status bar: top is not fullscreen
06-17 02:17:43.883  7852  7868 I System.out: prepare dir: /data/data/com.imi.faceunionpayset_commercial/proxy
06-17 02:17:43.916   493   572 I WindowManager: mNavigationBar frame: Rect(0, 1216 - 800, 1280)
06-17 02:17:43.918   493   572 I WindowManager: mDock rect: (0,0 - 800,1216)
06-17 02:17:43.919   493   572 V WindowManager: Status bar: dock=[0,32][800,1216] content=[0,32][800,1216] cur=[0,32][800,1216]
06-17 02:17:43.919   493   572 V WindowManager: layoutWindowLw(DockedStackDivider): IN_SCREEN
06-17 02:17:43.919   493   572 V WindowManager: Compute frame DockedStackDivider: sim=#20 attach=null type=2034 flags=0x21840028 pf=[0,0][800,1280] df=[0,0][800,1280] of=[0,0][800,1280] cf=[0,32][800,1216] vf=[0,32][800,1216] dcf=[0,0][800,1280] sf=[0,32][800,1216] osf=null
06-17 02:17:43.920   493   572 V WindowManager: layoutWindowLw(Starting com.imi.faceunionpayset_commercial): IN_SCREEN, INSET_DECOR
06-17 02:17:43.920   493   572 V WindowManager: Compute frame Starting com.imi.faceunionpayset_commercial: sim=#20 attach=null type=3 flags=0x81830118 pf=[0,0][800,1280] df=[0,0][800,1280] of=[0,0][800,1280] cf=[0,32][800,1216] vf=[0,32][800,1216] dcf=[0,0][800,1280] sf=[0,32][800,1216] osf=null
06-17 02:17:43.920   493   572 V WindowManager: layoutWindowLw(com.imi.faceunionpayset_commercial/com.imi.faceunionpayset.detail.MainActivity): IN_SCREEN, INSET_DECOR
06-17 02:17:43.920   493   572 V WindowManager: Compute frame com.imi.faceunionpayset_commercial/com.imi.faceunionpayset.detail.MainActivity: sim=#100 attach=null type=1 flags=0x81810100 pf=[0,0][800,1216] df=[0,0][800,1216] of=[0,0][800,1280] cf=[0,32][800,1216] vf=[0,32][800,1216] dcf=[0,0][800,1280] sf=[0,32][800,1216] osf=null
06-17 02:17:43.920   493   572 V WindowManager: Compute frame com.android.systemui.ImageWallpaper: sim=#0 attach=null type=2013 flags=0x00010318 pf=[0,0][800,1280] df=[-10000,-10000][10000,10000] of=[0,0][800,1280] cf=[0,0][800,1280] vf=[0,32][800,1216] dcf=[0,0][0,0] sf=[0,32][800,1216] osf=[0,0][800,1280]
06-17 02:17:43.920   493   572 I WindowManager: Win Window{187ecde u0 NavigationBar}: isVisibleOrBehindKeyguardLw=true
06-17 02:17:43.920   493   572 I WindowManager: Win Window{19bcd3a u0 StatusBar}: isVisibleOrBehindKeyguardLw=true
06-17 02:17:43.920   493   572 I WindowManager: Win Window{1d7c884 u0 Starting com.imi.faceunionpayset_commercial}: isVisibleOrBehindKeyguardLw=true
06-17 02:17:43.920   493   572 V WindowManager: Fullscreen window: Window{1d7c884 u0 Starting com.imi.faceunionpayset_commercial}
06-17 02:17:43.921   493   572 I WindowManager: Win Window{962a484 u0 com.android.launcher3/com.android.launcher3.Launcher EXITING}: isVisibleOrBehindKeyguardLw=false
06-17 02:17:43.921   493   572 I WindowManager: Win Window{ceeb6b7 u0 com.android.systemui.ImageWallpaper}: isVisibleOrBehindKeyguardLw=true
06-17 02:17:43.921   493   572 I WindowManager: force=false forcefkg=false top=Window{1d7c884 u0 Starting com.imi.faceunionpayset_commercial}
06-17 02:17:43.921   493   572 V WindowManager: ** SHOWING status bar: top is not fullscreen
06-17 02:17:43.944   493  2926 I WindowManager: mNavigationBar frame: Rect(0, 1216 - 800, 1280)
06-17 02:17:43.944   493  2926 I WindowManager: mDock rect: (0,0 - 800,1216)
06-17 02:17:43.945   493  2926 V WindowManager: Status bar: dock=[0,32][800,1216] content=[0,32][800,1216] cur=[0,32][800,1216]
06-17 02:17:43.945   493  2926 V WindowManager: layoutWindowLw(DockedStackDivider): IN_SCREEN
06-17 02:17:43.945   493  2926 V WindowManager: Compute frame DockedStackDivider: sim=#20 attach=null type=2034 flags=0x21840028 pf=[0,0][800,1280] df=[0,0][800,1280] of=[0,0][800,1280] cf=[0,32][800,1216] vf=[0,32][800,1216] dcf=[0,0][800,1280] sf=[0,32][800,1216] osf=null
06-17 02:17:43.945   493  2926 V WindowManager: layoutWindowLw(Starting com.imi.faceunionpayset_commercial): IN_SCREEN, INSET_DECOR
06-17 02:17:43.945   493  2926 V WindowManager: Compute frame Starting com.imi.faceunionpayset_commercial: sim=#20 attach=null type=3 flags=0x81830118 pf=[0,0][800,1280] df=[0,0][800,1280] of=[0,0][800,1280] cf=[0,32][800,1216] vf=[0,32][800,1216] dcf=[0,0][800,1280] sf=[0,32][800,1216] osf=null
06-17 02:17:43.945   493  2926 V WindowManager: layoutWindowLw(com.imi.faceunionpayset_commercial/com.imi.faceunionpayset.detail.MainActivity): IN_SCREEN, INSET_DECOR
06-17 02:17:43.945   493  2926 V WindowManager: Compute frame com.imi.faceunionpayset_commercial/com.imi.faceunionpayset.detail.MainActivity: sim=#120 attach=null type=1 flags=0x81810100 pf=[0,0][800,1280] df=[0,0][800,1280] of=[0,0][800,1280] cf=[0,32][800,1216] vf=[0,32][800,1216] dcf=[0,0][800,1280] sf=[0,32][800,1216] osf=null
06-17 02:17:43.945   493  2926 V WindowManager: Compute frame com.android.systemui.ImageWallpaper: sim=#0 attach=null type=2013 flags=0x00010318 pf=[0,0][800,1280] df=[-10000,-10000][10000,10000] of=[0,0][800,1280] cf=[0,0][800,1280] vf=[0,32][800,1216] dcf=[0,0][0,0] sf=[0,32][800,1216] osf=[0,0][800,1280]
06-17 02:17:43.946   493  2926 I WindowManager: Win Window{187ecde u0 NavigationBar}: isVisibleOrBehindKeyguardLw=true
06-17 02:17:43.946   493  2926 I WindowManager: Win Window{19bcd3a u0 StatusBar}: isVisibleOrBehindKeyguardLw=true
06-17 02:17:43.946   493  2926 I WindowManager: Win Window{1d7c884 u0 Starting com.imi.faceunionpayset_commercial}: isVisibleOrBehindKeyguardLw=true
06-17 02:17:43.946   493  2926 V WindowManager: Fullscreen window: Window{1d7c884 u0 Starting com.imi.faceunionpayset_commercial}
06-17 02:17:43.946   493  2926 I WindowManager: Win Window{57e7e69 u0 com.imi.faceunionpayset_commercial/com.imi.faceunionpayset.detail.MainActivity}: isVisibleOrBehindKeyguardLw=true
06-17 02:17:43.946   493  2926 I WindowManager: Win Window{962a484 u0 com.android.launcher3/com.android.launcher3.Launcher EXITING}: isVisibleOrBehindKeyguardLw=false
06-17 02:17:43.946   493  2926 I WindowManager: Win Window{ceeb6b7 u0 com.android.systemui.ImageWallpaper}: isVisibleOrBehindKeyguardLw=true
06-17 02:17:43.946   493  2926 I WindowManager: force=false forcefkg=false top=Window{1d7c884 u0 Starting com.imi.faceunionpayset_commercial}
06-17 02:17:43.946   493  2926 V WindowManager: ** SHOWING status bar: top is not fullscreen
06-17 02:17:43.952  7852  7868 I System.out: time decipher: 49 ms
06-17 02:17:43.962  7852  7870 E com_hjimi_api_iminect_NativeMethods.cpp[1655432263961]: JNI_OnLoad
06-17 02:17:43.964   493  2926 I WindowManager: mNavigationBar frame: Rect(0, 1216 - 800, 1280)
06-17 02:17:43.965   493  2926 I WindowManager: mDock rect: (0,0 - 800,1216)
06-17 02:17:43.965   493  2926 V WindowManager: Status bar: dock=[0,32][800,1216] content=[0,32][800,1216] cur=[0,32][800,1216]
06-17 02:17:43.965   493  2926 V WindowManager: layoutWindowLw(DockedStackDivider): IN_SCREEN
06-17 02:17:43.965   493  2926 V WindowManager: Compute frame DockedStackDivider: sim=#20 attach=null type=2034 flags=0x21840028 pf=[0,0][800,1280] df=[0,0][800,1280] of=[0,0][800,1280] cf=[0,32][800,1216] vf=[0,32][800,1216] dcf=[0,0][800,1280] sf=[0,32][800,1216] osf=null
06-17 02:17:43.965   493  2926 V WindowManager: layoutWindowLw(Starting com.imi.faceunionpayset_commercial): IN_SCREEN, INSET_DECOR
06-17 02:17:43.966   493  2926 V WindowManager: Compute frame Starting com.imi.faceunionpayset_commercial: sim=#20 attach=null type=3 flags=0x81830118 pf=[0,0][800,1280] df=[0,0][800,1280] of=[0,0][800,1280] cf=[0,32][800,1216] vf=[0,32][800,1216] dcf=[0,0][800,1280] sf=[0,32][800,1216] osf=null
06-17 02:17:43.966   493  2926 V WindowManager: layoutWindowLw(com.imi.faceunionpayset_commercial/com.imi.faceunionpayset.detail.MainActivity): IN_SCREEN, INSET_DECOR
06-17 02:17:43.966   493  2926 V WindowManager: Compute frame com.imi.faceunionpayset_commercial/com.imi.faceunionpayset.detail.MainActivity: sim=#120 attach=null type=1 flags=0x81810100 pf=[0,0][800,1280] df=[0,0][800,1280] of=[0,0][800,1280] cf=[0,32][800,1216] vf=[0,32][800,1216] dcf=[0,0][800,1280] sf=[0,32][800,1216] osf=null
06-17 02:17:43.966   493  2926 V WindowManager: Compute frame com.android.systemui.ImageWallpaper: sim=#0 attach=null type=2013 flags=0x00010318 pf=[0,0][800,1280] df=[-10000,-10000][10000,10000] of=[0,0][800,1280] cf=[0,0][800,1280] vf=[0,32][800,1216] dcf=[0,0][0,0] sf=[0,32][800,1216] osf=[0,0][800,1280]
06-17 02:17:43.967   493  2926 I WindowManager: Win Window{187ecde u0 NavigationBar}: isVisibleOrBehindKeyguardLw=true
06-17 02:17:43.967   493  2926 I WindowManager: Win Window{19bcd3a u0 StatusBar}: isVisibleOrBehindKeyguardLw=true
06-17 02:17:43.967   493  2926 I WindowManager: Win Window{1d7c884 u0 Starting com.imi.faceunionpayset_commercial}: isVisibleOrBehindKeyguardLw=true
06-17 02:17:43.967   493  2926 V WindowManager: Fullscreen window: Window{1d7c884 u0 Starting com.imi.faceunionpayset_commercial}
06-17 02:17:43.967   493  2926 I WindowManager: Win Window{57e7e69 u0 com.imi.faceunionpayset_commercial/com.imi.faceunionpayset.detail.MainActivity}: isVisibleOrBehindKeyguardLw=true
06-17 02:17:43.967   493  2926 I WindowManager: Win Window{962a484 u0 com.android.launcher3/com.android.launcher3.Launcher EXITING}: isVisibleOrBehindKeyguardLw=false
06-17 02:17:43.967   493  2926 I WindowManager: Win Window{ceeb6b7 u0 com.android.systemui.ImageWallpaper}: isVisibleOrBehindKeyguardLw=true
06-17 02:17:43.967   493  2926 I WindowManager: force=false forcefkg=false top=Window{1d7c884 u0 Starting com.imi.faceunionpayset_commercial}
06-17 02:17:43.967   493  2926 V WindowManager: ** SHOWING status bar: top is not fullscreen
06-17 02:17:43.973  7852  7870 E ImiAndroid: Load library(/data/data/com.imi.faceunionpayset_commercial/lib/libimisensor.so) failed ... dlopen failed: library "/data/data/com.imi.faceunionpayset_commercial/lib/libimisensor.so" not found!
06-17 02:17:43.973  7852  7870 E ImiAndroid: No Sensor Library Found! 
06-17 02:17:43.974  7852  7869 I mali_so : [File] : hardware/rockchip/mali_so/driver/product/base/src/mali_base_kbase.c; [Line] : 876; [Func] : base_context_deal_with_version_affairs_rk_ext;
06-17 02:17:43.974  7852  7869 I mali_so : arm_release_ver of this mali_so is 'r18p0-01rel0', rk_so_ver is '6@0'.
06-17 02:17:43.974  7852  7869 D mali_so : [File] : hardware/rockchip/mali_so/driver/product/base/src/mali_base_kbase.c; [Line] : 881; [Func] : base_context_deal_with_version_affairs_rk_ext;
06-17 02:17:43.974  7852  7869 D mali_so : current process is NOT sf, to bail out.
06-17 02:17:43.978  7852  7870 I ImiAndroid: Loadlibrary(/data/data/com.imi.faceunionpayset_commercial/lib/libimilog.so) Failed and Retry Loadlibrary(libimilog.so)
06-17 02:17:43.978  7852  7869 I OpenGLRenderer: Initialized EGL, version 1.4
06-17 02:17:43.978  7852  7869 D OpenGLRenderer: Swap behavior 1
06-17 02:17:43.982   493   572 I WindowManager: mNavigationBar frame: Rect(0, 1216 - 800, 1280)
06-17 02:17:43.982   493   572 I WindowManager: mDock rect: (0,0 - 800,1216)
06-17 02:17:43.982  7852  7870 E ImiAndroid: Load library(/data/data/com.imi.faceunionpayset_commercial/lib/lib3000Driver.so) failed ... dlopen failed: library "/data/data/com.imi.faceunionpayset_commercial/lib/lib3000Driver.so" not found!
06-17 02:17:43.982   493   572 V WindowManager: Status bar: dock=[0,32][800,1216] content=[0,32][800,1216] cur=[0,32][800,1216]
06-17 02:17:43.983   493   572 V WindowManager: layoutWindowLw(DockedStackDivider): IN_SCREEN
06-17 02:17:43.983   493   572 V WindowManager: Compute frame DockedStackDivider: sim=#20 attach=null type=2034 flags=0x21840028 pf=[0,0][800,1280] df=[0,0][800,1280] of=[0,0][800,1280] cf=[0,32][800,1216] vf=[0,32][800,1216] dcf=[0,0][800,1280] sf=[0,32][800,1216] osf=null
06-17 02:17:43.983   493   572 V WindowManager: layoutWindowLw(Starting com.imi.faceunionpayset_commercial): IN_SCREEN, INSET_DECOR
