06-17 02:17:43.983   493   572 V WindowManager: Compute frame Starting com.imi.faceunionpayset_commercial: sim=#20 attach=null type=3 flags=0x81830118 pf=[0,0][800,1280] df=[0,0][800,1280] of=[0,0][800,1280] cf=[0,32][800,1216] vf=[0,32][800,1216] dcf=[0,0][800,1280] sf=[0,32][800,1216] osf=null
06-17 02:17:43.983   493   572 V WindowManager: layoutWindowLw(com.imi.faceunionpayset_commercial/com.imi.faceunionpayset.detail.MainActivity): IN_SCREEN, INSET_DECOR
06-17 02:17:43.983   493   572 V WindowManager: Compute frame com.imi.faceunionpayset_commercial/com.imi.faceunionpayset.detail.MainActivity: sim=#120 attach=null type=1 flags=0x81810100 pf=[0,0][800,1280] df=[0,0][800,1280] of=[0,0][800,1280] cf=[0,32][800,1216] vf=[0,32][800,1216] dcf=[0,0][800,1280] sf=[0,32][800,1216] osf=null
06-17 02:17:43.983   493   572 I WindowManager: Win Window{187ecde u0 NavigationBar}: isVisibleOrBehindKeyguardLw=true
06-17 02:17:43.983   493   572 I WindowManager: Win Window{19bcd3a u0 StatusBar}: isVisibleOrBehindKeyguardLw=true
06-17 02:17:43.983   493   572 I WindowManager: Win Window{1d7c884 u0 Starting com.imi.faceunionpayset_commercial}: isVisibleOrBehindKeyguardLw=true
06-17 02:17:43.983   493   572 V WindowManager: Fullscreen window: Window{1d7c884 u0 Starting com.imi.faceunionpayset_commercial}
06-17 02:17:43.983   493   572 I WindowManager: Win Window{57e7e69 u0 com.imi.faceunionpayset_commercial/com.imi.faceunionpayset.detail.MainActivity}: isVisibleOrBehindKeyguardLw=true
06-17 02:17:43.984   493   572 I WindowManager: Win Window{962a484 u0 com.android.launcher3/com.android.launcher3.Launcher}: isVisibleOrBehindKeyguardLw=false
06-17 02:17:43.984   493   572 I WindowManager: Win Window{ceeb6b7 u0 com.android.systemui.ImageWallpaper}: isVisibleOrBehindKeyguardLw=false
06-17 02:17:43.984   493   572 I WindowManager: force=false forcefkg=false top=Window{1d7c884 u0 Starting com.imi.faceunionpayset_commercial}
06-17 02:17:43.984   493   572 V WindowManager: ** SHOWING status bar: top is not fullscreen
06-17 02:17:43.987   493   572 I WindowManager: mNavigationBar frame: Rect(0, 1216 - 800, 1280)
06-17 02:17:43.987   493   572 I WindowManager: mDock rect: (0,0 - 800,1216)
06-17 02:17:43.987   493   572 V WindowManager: Status bar: dock=[0,32][800,1216] content=[0,32][800,1216] cur=[0,32][800,1216]
06-17 02:17:43.988   493   572 V WindowManager: layoutWindowLw(DockedStackDivider): IN_SCREEN
06-17 02:17:43.988   493   572 V WindowManager: Compute frame DockedStackDivider: sim=#20 attach=null type=2034 flags=0x21840028 pf=[0,0][800,1280] df=[0,0][800,1280] of=[0,0][800,1280] cf=[0,32][800,1216] vf=[0,32][800,1216] dcf=[0,0][800,1280] sf=[0,32][800,1216] osf=null
06-17 02:17:43.989   493   572 V WindowManager: layoutWindowLw(Starting com.imi.faceunionpayset_commercial): IN_SCREEN, INSET_DECOR
06-17 02:17:43.989   493   572 V WindowManager: Compute frame Starting com.imi.faceunionpayset_commercial: sim=#20 attach=null type=3 flags=0x81830118 pf=[0,0][800,1280] df=[0,0][800,1280] of=[0,0][800,1280] cf=[0,32][800,1216] vf=[0,32][800,1216] dcf=[0,0][800,1280] sf=[0,32][800,1216] osf=null
06-17 02:17:43.989   493   572 V WindowManager: layoutWindowLw(com.imi.faceunionpayset_commercial/com.imi.faceunionpayset.detail.MainActivity): IN_SCREEN, INSET_DECOR
06-17 02:17:43.989   493   572 V WindowManager: Compute frame com.imi.faceunionpayset_commercial/com.imi.faceunionpayset.detail.MainActivity: sim=#120 attach=null type=1 flags=0x81810100 pf=[0,0][800,1280] df=[0,0][800,1280] of=[0,0][800,1280] cf=[0,32][800,1216] vf=[0,32][800,1216] dcf=[0,0][800,1280] sf=[0,32][800,1216] osf=null
06-17 02:17:43.989   493   572 I WindowManager: Win Window{187ecde u0 NavigationBar}: isVisibleOrBehindKeyguardLw=true
06-17 02:17:43.989   493   572 I WindowManager: Win Window{19bcd3a u0 StatusBar}: isVisibleOrBehindKeyguardLw=true
06-17 02:17:43.989   493   572 I WindowManager: Win Window{1d7c884 u0 Starting com.imi.faceunionpayset_commercial}: isVisibleOrBehindKeyguardLw=true
06-17 02:17:43.989   493   572 V WindowManager: Fullscreen window: Window{1d7c884 u0 Starting com.imi.faceunionpayset_commercial}
06-17 02:17:43.990   493   572 I WindowManager: Win Window{57e7e69 u0 com.imi.faceunionpayset_commercial/com.imi.faceunionpayset.detail.MainActivity}: isVisibleOrBehindKeyguardLw=true
06-17 02:17:43.990   493   572 I WindowManager: Win Window{962a484 u0 com.android.launcher3/com.android.launcher3.Launcher}: isVisibleOrBehindKeyguardLw=false
06-17 02:17:43.990   493   572 I WindowManager: Win Window{ceeb6b7 u0 com.android.systemui.ImageWallpaper}: isVisibleOrBehindKeyguardLw=false
06-17 02:17:43.990   493   572 I WindowManager: force=false forcefkg=false top=Window{1d7c884 u0 Starting com.imi.faceunionpayset_commercial}
06-17 02:17:43.990   493   572 V WindowManager: ** SHOWING status bar: top is not fullscreen
06-17 02:17:43.998  7852  7869 D mali_winsys: EGLint new_window_surface(egl_winsys_display *, void *, EGLSurface, EGLConfig, egl_winsys_surface **, egl_color_buffer_format *, EGLBoolean) returns 0x3000
06-17 02:17:43.999  7852  7870 I ImiAndroid: Loadlibrary(/data/data/com.imi.faceunionpayset_commercial/lib/libimilog.so) Failed and Retry Loadlibrary(libimilog.so)
06-17 02:17:43.999  7852  7870 E ImiAndroid: Load library(/data/data/com.imi.faceunionpayset_commercial/lib/lib1180Driver.so) failed ... dlopen failed: library "/data/data/com.imi.faceunionpayset_commercial/lib/lib1180Driver.so" not found!
06-17 02:17:44.013  7852  7870 I ImiAndroid: Loadlibrary(/data/data/com.imi.faceunionpayset_commercial/lib/libimilog.so) Failed and Retry Loadlibrary(libimilog.so)
06-17 02:17:44.011  7852  7852 W OpenCameraThrea: type=1400 audit(0.0:726): avc: denied { read } for name="usb" dev="tmpfs" ino=9444 scontext=u:r:untrusted_app:s0:c512,c768 tcontext=u:object_r:usb_device:s0 tclass=
06-17 02:17:44.011  7852  7852 W OpenCameraThrea: type=1400 audit(0.0:727): avc: denied { open } for path="/dev/bus/usb" dev="tmpfs" ino=9444 scontext=u:r:untrusted_app:s0:c512,c768 tcontext=u:object_r:usb_device:s0 tclass=
06-17 02:17:44.014  7852  7870 I ImiAndroid: Loadlibrary(/data/data/com.imi.faceunionpayset_commercial/lib/libimitools.so) Failed and Retry Loadlibrary(libimitools.so)
06-17 02:17:44.015  7852  7870 E ImiAndroid: Unable to load(libimitools.so), but this does not affect normal use
06-17 02:17:44.015  7852  7870 I ImiAndroid: Loadlibrary(/data/data/com.imi.faceunionpayset_commercial/lib/libimitools.so) Failed and Retry Loadlibrary(libimitools.so)
06-17 02:17:44.016  7852  7870 E ImiAndroid: Unable to load(libimitools.so), but this does not affect normal use
06-17 02:17:44.016  7852  7870 I ImiAndroid: Loadlibrary(/data/data/com.imi.faceunionpayset_commercial/lib/libimitools.so) Failed and Retry Loadlibrary(libimitools.so)
06-17 02:17:44.017  7852  7870 E ImiAndroid: Unable to load(libimitools.so), but this does not affect normal use
06-17 02:17:44.017  7852  7870 D @@@@@[1655432264017]: initialize success use 47
06-17 02:17:44.031  7852  7870 D @@@@@[1655432264031]: color device list size 1
06-17 02:17:44.032  7852  7870 D @@@@@[1655432264032]: depth device list size 1
06-17 02:17:44.032  7852  7870 D @@@@@[1655432264032]: device list size 2
06-17 02:17:44.032  7852  7870 D @@@@@[1655432264032]: depth device name /dev/bus/usb/005/038 sn IMIH-A200CPSV7F5T56071
06-17 02:17:44.032  7852  7870 D @@@@@[1655432264032]: color device name /dev/bus/usb/005/037 sn IMIH-A200CPSV7F5T56071
06-17 02:17:44.032  7852  7870 D @@@@@[1655432264032]: imi device matched sn is IMIH-A200CPSV7F5T56071
06-17 02:17:44.032  7852  7870 D JAVAAPI : support UVC
06-17 02:17:44.036  7852  7870 D @@@@@[1655432264035]: UsbDevice(0x0304) already hasPermission
06-17 02:17:44.036  7852  7870 D @@@@@[1655432264036]: UsbDevice(0x0304) do openDevice
06-17 02:17:44.064   493   572 I WindowManager: mNavigationBar frame: Rect(0, 1216 - 800, 1280)
06-17 02:17:44.065   493   572 I WindowManager: mDock rect: (0,0 - 800,1216)
06-17 02:17:44.065   493   572 V WindowManager: Status bar: dock=[0,32][800,1216] content=[0,32][800,1216] cur=[0,32][800,1216]
06-17 02:17:44.065   493   572 V WindowManager: layoutWindowLw(DockedStackDivider): IN_SCREEN
06-17 02:17:44.065   493   572 V WindowManager: Compute frame DockedStackDivider: sim=#20 attach=null type=2034 flags=0x21840028 pf=[0,0][800,1280] df=[0,0][800,1280] of=[0,0][800,1280] cf=[0,32][800,1216] vf=[0,32][800,1216] dcf=[0,0][800,1280] sf=[0,32][800,1216] osf=null
06-17 02:17:44.065   493   572 V WindowManager: layoutWindowLw(Starting com.imi.faceunionpayset_commercial): IN_SCREEN, INSET_DECOR
06-17 02:17:44.065   493   572 V WindowManager: Compute frame Starting com.imi.faceunionpayset_commercial: sim=#20 attach=null type=3 flags=0x81830118 pf=[0,0][800,1280] df=[0,0][800,1280] of=[0,0][800,1280] cf=[0,32][800,1216] vf=[0,32][800,1216] dcf=[0,0][800,1280] sf=[0,32][800,1216] osf=null
06-17 02:17:44.066   493   572 V WindowManager: layoutWindowLw(com.imi.faceunionpayset_commercial/com.imi.faceunionpayset.detail.MainActivity): IN_SCREEN, INSET_DECOR
06-17 02:17:44.066   493   572 V WindowManager: Compute frame com.imi.faceunionpayset_commercial/com.imi.faceunionpayset.detail.MainActivity: sim=#120 attach=null type=1 flags=0x81810100 pf=[0,0][800,1280] df=[0,0][800,1280] of=[0,0][800,1280] cf=[0,32][800,1216] vf=[0,32][800,1216] dcf=[0,0][800,1280] sf=[0,32][800,1216] osf=null
06-17 02:17:44.066   493   572 I WindowManager: Win Window{187ecde u0 NavigationBar}: isVisibleOrBehindKeyguardLw=true
06-17 02:17:44.066   493   572 I WindowManager: Win Window{19bcd3a u0 StatusBar}: isVisibleOrBehindKeyguardLw=true
06-17 02:17:44.066   493   572 I WindowManager: Win Window{1d7c884 u0 Starting com.imi.faceunionpayset_commercial}: isVisibleOrBehindKeyguardLw=true
06-17 02:17:44.066   493   572 V WindowManager: Fullscreen window: Window{1d7c884 u0 Starting com.imi.faceunionpayset_commercial}
06-17 02:17:44.066   493   572 I WindowManager: Win Window{57e7e69 u0 com.imi.faceunionpayset_commercial/com.imi.faceunionpayset.detail.MainActivity}: isVisibleOrBehindKeyguardLw=true
06-17 02:17:44.066   493   572 I WindowManager: Win Window{962a484 u0 com.android.launcher3/com.android.launcher3.Launcher}: isVisibleOrBehindKeyguardLw=false
06-17 02:17:44.066   493   572 I WindowManager: Win Window{ceeb6b7 u0 com.android.systemui.ImageWallpaper}: isVisibleOrBehindKeyguardLw=false
06-17 02:17:44.066   493   572 I WindowManager: force=false forcefkg=false top=Window{1d7c884 u0 Starting com.imi.faceunionpayset_commercial}
06-17 02:17:44.066   493   572 V WindowManager: ** SHOWING status bar: top is not fullscreen
06-17 02:17:44.067   493   572 I WindowManager: mNavigationBar frame: Rect(0, 1216 - 800, 1280)
06-17 02:17:44.068   493   572 I WindowManager: mDock rect: (0,0 - 800,1216)
06-17 02:17:44.068   493   572 V WindowManager: Status bar: dock=[0,32][800,1216] content=[0,32][800,1216] cur=[0,32][800,1216]
06-17 02:17:44.068   493   572 V WindowManager: layoutWindowLw(DockedStackDivider): IN_SCREEN
06-17 02:17:44.068   493   572 V WindowManager: Compute frame DockedStackDivider: sim=#20 attach=null type=2034 flags=0x21840028 pf=[0,0][800,1280] df=[0,0][800,1280] of=[0,0][800,1280] cf=[0,32][800,1216] vf=[0,32][800,1216] dcf=[0,0][800,1280] sf=[0,32][800,1216] osf=null
06-17 02:17:44.068   493   572 V WindowManager: layoutWindowLw(Starting com.imi.faceunionpayset_commercial): IN_SCREEN, INSET_DECOR
06-17 02:17:44.068   493   572 V WindowManager: Compute frame Starting com.imi.faceunionpayset_commercial: sim=#20 attach=null type=3 flags=0x81830118 pf=[0,0][800,1280] df=[0,0][800,1280] of=[0,0][800,1280] cf=[0,32][800,1216] vf=[0,32][800,1216] dcf=[0,0][800,1280] sf=[0,32][800,1216] osf=null
06-17 02:17:44.068   493   572 V WindowManager: layoutWindowLw(com.imi.faceunionpayset_commercial/com.imi.faceunionpayset.detail.MainActivity): IN_SCREEN, INSET_DECOR
06-17 02:17:44.068   493   572 V WindowManager: Compute frame com.imi.faceunionpayset_commercial/com.imi.faceunionpayset.detail.MainActivity: sim=#120 attach=null type=1 flags=0x81810100 pf=[0,0][800,1280] df=[0,0][800,1280] of=[0,0][800,1280] cf=[0,32][800,1216] vf=[0,32][800,1216] dcf=[0,0][800,1280] sf=[0,32][800,1216] osf=null
06-17 02:17:44.068   493   572 I WindowManager: Win Window{187ecde u0 NavigationBar}: isVisibleOrBehindKeyguardLw=true
06-17 02:17:44.068   493   572 I WindowManager: Win Window{19bcd3a u0 StatusBar}: isVisibleOrBehindKeyguardLw=true
06-17 02:17:44.068   493   572 I WindowManager: Win Window{1d7c884 u0 Starting com.imi.faceunionpayset_commercial}: isVisibleOrBehindKeyguardLw=true
06-17 02:17:44.068   493   572 V WindowManager: Fullscreen window: Window{1d7c884 u0 Starting com.imi.faceunionpayset_commercial}
06-17 02:17:44.068   493   572 I WindowManager: Win Window{57e7e69 u0 com.imi.faceunionpayset_commercial/com.imi.faceunionpayset.detail.MainActivity}: isVisibleOrBehindKeyguardLw=true
06-17 02:17:44.069   493   572 I WindowManager: Win Window{962a484 u0 com.android.launcher3/com.android.launcher3.Launcher}: isVisibleOrBehindKeyguardLw=false
06-17 02:17:44.069   493   572 I WindowManager: Win Window{ceeb6b7 u0 com.android.systemui.ImageWallpaper}: isVisibleOrBehindKeyguardLw=false
06-17 02:17:44.069   493   572 I WindowManager: force=false forcefkg=false top=Window{1d7c884 u0 Starting com.imi.faceunionpayset_commercial}
06-17 02:17:44.069   493   572 V WindowManager: ** SHOWING status bar: top is not fullscreen
06-17 02:17:44.075   493   572 I ActivityManager: Displayed com.imi.faceunionpayset_commercial/com.imi.faceunionpayset.detail.MainActivity: +423ms
06-17 02:17:44.081   493   572 I WindowManager: mNavigationBar frame: Rect(0, 1216 - 800, 1280)
06-17 02:17:44.081   493   572 I WindowManager: mDock rect: (0,0 - 800,1216)
06-17 02:17:44.081   493   572 V WindowManager: Status bar: dock=[0,32][800,1216] content=[0,32][800,1216] cur=[0,32][800,1216]
06-17 02:17:44.081   493   572 V WindowManager: layoutWindowLw(DockedStackDivider): IN_SCREEN
06-17 02:17:44.081   493   572 V WindowManager: Compute frame DockedStackDivider: sim=#20 attach=null type=2034 flags=0x21840028 pf=[0,0][800,1280] df=[0,0][800,1280] of=[0,0][800,1280] cf=[0,32][800,1216] vf=[0,32][800,1216] dcf=[0,0][800,1280] sf=[0,32][800,1216] osf=null
06-17 02:17:44.082   493   572 V WindowManager: layoutWindowLw(Starting com.imi.faceunionpayset_commercial): IN_SCREEN, INSET_DECOR
06-17 02:17:44.082   493   572 V WindowManager: Compute frame Starting com.imi.faceunionpayset_commercial: sim=#20 attach=null type=3 flags=0x81830118 pf=[0,0][800,1280] df=[0,0][800,1280] of=[0,0][800,1280] cf=[0,32][800,1216] vf=[0,32][800,1216] dcf=[0,0][800,1280] sf=[0,32][800,1216] osf=null
06-17 02:17:44.082   493   572 V WindowManager: layoutWindowLw(com.imi.faceunionpayset_commercial/com.imi.faceunionpayset.detail.MainActivity): IN_SCREEN, INSET_DECOR
06-17 02:17:44.082   493   572 V WindowManager: Compute frame com.imi.faceunionpayset_commercial/com.imi.faceunionpayset.detail.MainActivity: sim=#120 attach=null type=1 flags=0x81810100 pf=[0,0][800,1280] df=[0,0][800,1280] of=[0,0][800,1280] cf=[0,32][800,1216] vf=[0,32][800,1216] dcf=[0,0][800,1280] sf=[0,32][800,1216] osf=null
06-17 02:17:44.082   493   572 I WindowManager: Win Window{187ecde u0 NavigationBar}: isVisibleOrBehindKeyguardLw=true
06-17 02:17:44.082   493   572 I WindowManager: Win Window{19bcd3a u0 StatusBar}: isVisibleOrBehindKeyguardLw=true
06-17 02:17:44.084   493   572 I WindowManager: Win Window{1d7c884 u0 Starting com.imi.faceunionpayset_commercial EXITING}: isVisibleOrBehindKeyguardLw=false
06-17 02:17:44.084   493   572 I WindowManager: Win Window{57e7e69 u0 com.imi.faceunionpayset_commercial/com.imi.faceunionpayset.detail.MainActivity}: isVisibleOrBehindKeyguardLw=true
06-17 02:17:44.084   493   572 V WindowManager: Fullscreen window: Window{57e7e69 u0 com.imi.faceunionpayset_commercial/com.imi.faceunionpayset.detail.MainActivity}
06-17 02:17:44.084   493   572 I WindowManager: Win Window{962a484 u0 com.android.launcher3/com.android.launcher3.Launcher}: isVisibleOrBehindKeyguardLw=false
06-17 02:17:44.084   493   572 I WindowManager: Win Window{ceeb6b7 u0 com.android.systemui.ImageWallpaper}: isVisibleOrBehindKeyguardLw=false
06-17 02:17:44.084   493   572 I WindowManager: force=false forcefkg=false top=Window{57e7e69 u0 com.imi.faceunionpayset_commercial/com.imi.faceunionpayset.detail.MainActivity}
06-17 02:17:44.084   493   572 V WindowManager: ** SHOWING status bar: top is not fullscreen
06-17 02:17:44.089   493   572 I WindowManager: Win Window{187ecde u0 NavigationBar}: isVisibleOrBehindKeyguardLw=true
06-17 02:17:44.089   493   572 I WindowManager: Win Window{19bcd3a u0 StatusBar}: isVisibleOrBehindKeyguardLw=true
06-17 02:17:44.089   493   572 I WindowManager: Win Window{1d7c884 u0 Starting com.imi.faceunionpayset_commercial EXITING}: isVisibleOrBehindKeyguardLw=false
06-17 02:17:44.089   493   572 I WindowManager: Win Window{57e7e69 u0 com.imi.faceunionpayset_commercial/com.imi.faceunionpayset.detail.MainActivity}: isVisibleOrBehindKeyguardLw=true
06-17 02:17:44.089   493   572 V WindowManager: Fullscreen window: Window{57e7e69 u0 com.imi.faceunionpayset_commercial/com.imi.faceunionpayset.detail.MainActivity}
06-17 02:17:44.089   493   572 I WindowManager: Win Window{962a484 u0 com.android.launcher3/com.android.launcher3.Launcher}: isVisibleOrBehindKeyguardLw=false
06-17 02:17:44.089   493   572 I WindowManager: Win Window{ceeb6b7 u0 com.android.systemui.ImageWallpaper}: isVisibleOrBehindKeyguardLw=false
06-17 02:17:44.089   493   572 I WindowManager: force=false forcefkg=false top=Window{57e7e69 u0 com.imi.faceunionpayset_commercial/com.imi.faceunionpayset.detail.MainActivity}
06-17 02:17:44.089   493   572 V WindowManager: ** SHOWING status bar: top is not fullscreen
06-17 02:17:44.198   493   572 I WindowManager: mNavigationBar frame: Rect(0, 1216 - 800, 1280)
06-17 02:17:44.198   493   572 I WindowManager: mDock rect: (0,0 - 800,1216)
06-17 02:17:44.199   493   572 V WindowManager: Status bar: dock=[0,32][800,1216] content=[0,32][800,1216] cur=[0,32][800,1216]
06-17 02:17:44.199   493   572 V WindowManager: layoutWindowLw(DockedStackDivider): IN_SCREEN
06-17 02:17:44.199   493   572 V WindowManager: Compute frame DockedStackDivider: sim=#20 attach=null type=2034 flags=0x21840028 pf=[0,0][800,1280] df=[0,0][800,1280] of=[0,0][800,1280] cf=[0,32][800,1216] vf=[0,32][800,1216] dcf=[0,0][800,1280] sf=[0,32][800,1216] osf=null
06-17 02:17:44.199   493   572 V WindowManager: layoutWindowLw(com.imi.faceunionpayset_commercial/com.imi.faceunionpayset.detail.MainActivity): IN_SCREEN, INSET_DECOR
06-17 02:17:44.199   493   572 V WindowManager: Compute frame com.imi.faceunionpayset_commercial/com.imi.faceunionpayset.detail.MainActivity: sim=#120 attach=null type=1 flags=0x81810100 pf=[0,0][800,1280] df=[0,0][800,1280] of=[0,0][800,1280] cf=[0,32][800,1216] vf=[0,32][800,1216] dcf=[0,0][800,1280] sf=[0,32][800,1216] osf=null
06-17 02:17:44.200   493   572 I WindowManager: Win Window{187ecde u0 NavigationBar}: isVisibleOrBehindKeyguardLw=true
06-17 02:17:44.200   493   572 I WindowManager: Win Window{19bcd3a u0 StatusBar}: isVisibleOrBehindKeyguardLw=true
06-17 02:17:44.200   493   572 I WindowManager: Win Window{57e7e69 u0 com.imi.faceunionpayset_commercial/com.imi.faceunionpayset.detail.MainActivity}: isVisibleOrBehindKeyguardLw=true
06-17 02:17:44.200   493   572 V WindowManager: Fullscreen window: Window{57e7e69 u0 com.imi.faceunionpayset_commercial/com.imi.faceunionpayset.detail.MainActivity}
06-17 02:17:44.200   493   572 I WindowManager: Win Window{ceeb6b7 u0 com.android.systemui.ImageWallpaper}: isVisibleOrBehindKeyguardLw=false
06-17 02:17:44.200   493   572 I WindowManager: force=false forcefkg=false top=Window{57e7e69 u0 com.imi.faceunionpayset_commercial/com.imi.faceunionpayset.detail.MainActivity}
06-17 02:17:44.200   493   572 V WindowManager: ** SHOWING status bar: top is not fullscreen
06-17 02:17:44.203   493   572 I WindowManager: mNavigationBar frame: Rect(0, 1216 - 800, 1280)
06-17 02:17:44.204   493   572 I WindowManager: mDock rect: (0,0 - 800,1216)
06-17 02:17:44.204   493   572 V WindowManager: Status bar: dock=[0,32][800,1216] content=[0,32][800,1216] cur=[0,32][800,1216]
06-17 02:17:44.204   493   572 V WindowManager: layoutWindowLw(DockedStackDivider): IN_SCREEN
06-17 02:17:44.204   493   572 V WindowManager: Compute frame DockedStackDivider: sim=#20 attach=null type=2034 flags=0x21840028 pf=[0,0][800,1280] df=[0,0][800,1280] of=[0,0][800,1280] cf=[0,32][800,1216] vf=[0,32][800,1216] dcf=[0,0][800,1280] sf=[0,32][800,1216] osf=null
06-17 02:17:44.204   493   572 V WindowManager: layoutWindowLw(com.imi.faceunionpayset_commercial/com.imi.faceunionpayset.detail.MainActivity): IN_SCREEN, INSET_DECOR
06-17 02:17:44.204   493   572 V WindowManager: Compute frame com.imi.faceunionpayset_commercial/com.imi.faceunionpayset.detail.MainActivity: sim=#120 attach=null type=1 flags=0x81810100 pf=[0,0][800,1280] df=[0,0][800,1280] of=[0,0][800,1280] cf=[0,32][800,1216] vf=[0,32][800,1216] dcf=[0,0][800,1280] sf=[0,32][800,1216] osf=null
06-17 02:17:44.204   493   572 I WindowManager: Win Window{187ecde u0 NavigationBar}: isVisibleOrBehindKeyguardLw=true
06-17 02:17:44.205   493   572 I WindowManager: Win Window{19bcd3a u0 StatusBar}: isVisibleOrBehindKeyguardLw=true
06-17 02:17:44.205   493   572 I WindowManager: Win Window{57e7e69 u0 com.imi.faceunionpayset_commercial/com.imi.faceunionpayset.detail.MainActivity}: isVisibleOrBehindKeyguardLw=true
06-17 02:17:44.205   493   572 V WindowManager: Fullscreen window: Window{57e7e69 u0 com.imi.faceunionpayset_commercial/com.imi.faceunionpayset.detail.MainActivity}
06-17 02:17:44.205   493   572 I WindowManager: Win Window{ceeb6b7 u0 com.android.systemui.ImageWallpaper}: isVisibleOrBehindKeyguardLw=false
06-17 02:17:44.205   493   572 I WindowManager: force=false forcefkg=false top=Window{57e7e69 u0 com.imi.faceunionpayset_commercial/com.imi.faceunionpayset.detail.MainActivity}
06-17 02:17:44.205   493   572 V WindowManager: ** SHOWING status bar: top is not fullscreen
06-17 02:17:44.218  7852  7870 D @@@@@[1655432264218]: open UsbDevice(0x0304) success
06-17 02:17:44.218  7852  7870 D @@@@@[1655432264218]: Device PermissionGranted use 186
06-17 02:17:44.218  7852  7870 D @@@@@[1655432264218]: request IMI_CAMERA /dev/bus/usb/005/037
06-17 02:17:44.222  7852  7870 D @@@@@[1655432264222]: UsbDevice(0x0206) already hasPermission
06-17 02:17:44.222  7852  7870 D @@@@@[1655432264222]: UsbDevice(0x0206) do openDevice
06-17 02:17:44.282  7852  7870 D @@@@@[1655432264282]: open UsbDevice(0x0206) success
06-17 02:17:44.283  7852  7870 D @@@@@[1655432264283]: Camera PermissionGranted use 65
06-17 02:17:44.288  7852  7883 D @@@@@[1655432264287]: OpenCameraThread openimicamera /dev/bus/usb/005/037
06-17 02:17:44.288  7852  7883 D @@@@@[1655432264288]: set Sonix fd = 66
06-17 02:17:44.289  7852  7883 D @@@@@[1655432264289]: sonixfwfd.txt exsit and delete
06-17 02:17:44.289  7852  7884 D @@@@@[1655432264289]: OpenDeviceThread openimidevice
06-17 02:17:44.290  7852  7884 D @@UVC-Depth: call libusb_get_device_with_fd
06-17 02:17:44.291  7852  7884 D @@UVC-Depth: libusb_open() = 0
06-17 02:17:44.291  7852  7884 D @@UVC-Depth: claiming control interface 0
06-17 02:17:44.291  7852  7884 D @@UVC-Depth: claiming interface 0
06-17 02:17:44.293   493   641 D UsbDeviceManager: usb camera remove=====
06-17 02:17:44.299   493   652 I EventHub: Removing device '/dev/input/event7' due to inotify event
06-17 02:17:44.300   493   652 I EventHub: Removed device: path=/dev/input/event7 name=A200 3DSensor id=57 fd=244 classes=0x80000401
06-17 02:17:44.300  7852  7883 D @@@@@[1655432264300]: create sonixfwfd.txt success
06-17 02:17:44.309   255  1047 D CameraService: CameraService updateCameraNum
06-17 02:17:44.309   255  1047 D CameraHal: camera_get_number_of_cameras(733): /data/camera/media_profiles.xml exsit delete it and recreate
06-17 02:17:44.309  7852  7883 D @@@@@[1655432264309]: imicamera.openCamera before
06-17 02:17:44.312   255  1047 D CameraHal: camera_get_number_of_cameras(735): /data/camera/media_profiles.xml delete success
06-17 02:17:44.314  7852  7883 D @@UVC-Color: call libusb_get_device_with_fd
06-17 02:17:44.316   493   652 I InputReader: Device removed: id=57, name='A200 3DSensor', sources=0x00002103
06-17 02:17:44.317   493   651 I WindowManager: Win Window{187ecde u0 NavigationBar}: isVisibleOrBehindKeyguardLw=true
06-17 02:17:44.317   493   651 I WindowManager: Win Window{19bcd3a u0 StatusBar}: isVisibleOrBehindKeyguardLw=true
06-17 02:17:44.318   493   651 I WindowManager: Win Window{57e7e69 u0 com.imi.faceunionpayset_commercial/com.imi.faceunionpayset.detail.MainActivity}: isVisibleOrBehindKeyguardLw=true
06-17 02:17:44.318   493   651 V WindowManager: Fullscreen window: Window{57e7e69 u0 com.imi.faceunionpayset_commercial/com.imi.faceunionpayset.detail.MainActivity}
06-17 02:17:44.318   493   651 I WindowManager: Win Window{ceeb6b7 u0 com.android.systemui.ImageWallpaper}: isVisibleOrBehindKeyguardLw=false
06-17 02:17:44.318   493   651 I WindowManager: force=false forcefkg=false top=Window{57e7e69 u0 com.imi.faceunionpayset_commercial/com.imi.faceunionpayset.detail.MainActivity}
06-17 02:17:44.318   493   651 V WindowManager: ** SHOWING status bar: top is not fullscreen
06-17 02:17:44.322   255  1047 D CameraHal: createInstance(1038): open xml file(/etc/cam_board.xml) success
06-17 02:17:44.322   255  1047 E CameraHal: cam_board.xml version(v0x0.0x0.0x0) != xml parser version(v0x0.0xf.0x0)
06-17 02:17:44.323   255  1047 D CameraHal: 
06-17 02:17:44.323   255  1047 D CameraHal: 
06-17 02:17:44.323   255  1047 D CameraHal: 
06-17 02:17:44.323   255  1047 D CameraHal:  Cam_board.xml Version Check: 
06-17 02:17:44.323   255  1047 D CameraHal:     /etc/cam_board.xml : v0.0xf.0
06-17 02:17:44.323   255  1047 D CameraHal:     CameraHal_board_xml_parser: v0x0.0xf.0x0
06-17 02:17:44.323   255  1047 D CameraHal: ParserSensorInfo(190): SensorName(OV13850)
06-17 02:17:44.323   255  1047 D CameraHal: ParserSensorInfo(196): lensName(50013A1)
06-17 02:17:44.323   255  1047 D CameraHal: ParserSensorInfo(198): SensorDevID(CAMSYS_DEVID_SENSOR_1A)
06-17 02:17:44.323   255  1047 D CameraHal: ParserSensorInfo(209): SensorDevID(16777216)
06-17 02:17:44.323   255  1047 D CameraHal: ParserSensorInfo(211): SensorHostDevID(CAMSYS_DEVID_MARVIN)
06-17 02:17:44.323   255  1047 D CameraHal: ParserSensorInfo(226): Sensori2cBusNum(1)
06-17 02:17:44.324   255  1047 D CameraHal: ParserSensorInfo(229): SensorI2cAddrByte(2)
06-17 02:17:44.324   255  1047 D CameraHal: ParserSensorInfo(232): SensorI2cRate(100000)
06-17 02:17:44.324   255  1047 D CameraHal: ParserSensorInfo(240): SensorAvdd(NC) min(28000000) max(28000000)
06-17 02:17:44.324  7852  7883 D @@UVC-Color: libusb_open() = 0
06-17 02:17:44.324   255  1047 D CameraHal: ParserSensorInfo(254): SensorDvdd(NC) min(12000000) max(12000000)
06-17 02:17:44.324   255  1047 D CameraHal: ParserSensorInfo(247): SensorDovdd(NC) min(18000000) max(18000000)
06-17 02:17:44.324  7852  7883 D @@UVC-Color: claiming control interface 0
06-17 02:17:44.324   255  1047 D CameraHal: ParserSensorInfo(235): SensorMclk(24000000)
06-17 02:17:44.324  7852  7883 D @@UVC-Color: claiming interface 0
06-17 02:17:44.324   255  1047 D CameraHal: ParserSensorInfo(285): SensorGpioPwen(NC) active(1) 
06-17 02:17:44.324   255  1047 D CameraHal: ParserSensorInfo(279): SensorGpioRst(RK30_PIN0_PB0) active(0) 
06-17 02:17:44.325   255  1047 D CameraHal: ParserSensorInfo(261): SensorGpioPwdn(NC) active(0) 
06-17 02:17:44.325   255  1047 D CameraHal: ParserSensorInfo(291): SensorFacing(back) 
06-17 02:17:44.325   255  1047 D CameraHal: ParserSensorInfo(300): SensorInterface(MIPI) 
06-17 02:17:44.325   255  1047 D CameraHal: ParserSensorInfo(313): SensorMirrorFlip(0) 
06-17 02:17:44.325   255  1047 D CameraHal: ParserSensorInfo(316): SensorOrientation(180) 
06-17 02:17:44.325   255  1047 D CameraHal: ParserSensorInfo(435): SensorFovParemeter fov_h(60.0)(60.000000) fov_v(60.0)(60.000000)  
06-17 02:17:44.325   255  1047 D CameraHal: ParserSensorInfo(438): SensorAWB_Frame_Skip fps(15) 
06-17 02:17:44.326   255  1047 D CameraHal: ParserSensorInfo(397): SensorGpioPwdn(NC) active(0) 
06-17 02:17:44.326   255  1047 D CameraHal: ParserSensorInfo(405): SensorPhy: MIPI  lane: 2  phyindex: 0  fmt: 0x2b
06-17 02:17:44.326   255  1047 D CameraHal: ParserVCMInfo(450): VCMDrvName(DW9714)
06-17 02:17:44.326   255  1047 D CameraHal: ParserVCMInfo(453): VCMName(HuaYong6505)
06-17 02:17:44.326   255  1047 D CameraHal: ParserVCMInfo(456): VCMI2cBusNum(1)
06-17 02:17:44.326   255  1047 D CameraHal: ParserVCMInfo(459): VCMI2cAddrByte(0)
06-17 02:17:44.326   255  1047 D CameraHal: ParserVCMInfo(462): VCMI2cRate(0)
06-17 02:17:44.326   255  1047 D CameraHal: ParserVCMInfo(477): VCMVdd(NC) min(0) max(0)
06-17 02:17:44.326   255  1047 D CameraHal: ParserVCMInfo(471): VCMGpioPower(NC) active(0) 
06-17 02:17:44.326   255  1047 D CameraHal: ParserVCMInfo(465): VCMGpioPwdn(NC) active(0) 
06-17 02:17:44.327   255  1047 D CameraHal: ParserVCMInfo(490): start current(20) rated current(80) vcm max(100)  step mode(13)  drv max(100) 
06-17 02:17:44.327   255  1047 D CameraHal: ParserFlashInfo(509): FlashName(Internal)
06-17 02:17:44.327   255  1047 D CameraHal: ParserFlashInfo(512): FlashI2cBusNum(0)
06-17 02:17:44.327   255  1047 D CameraHal: ParserFlashInfo(515): FlashI2cAddrByte(0)
06-17 02:17:44.327   255  1047 D CameraHal: ParserFlashInfo(518): FlashI2cRate(0)
06-17 02:17:44.327   255  1047 D CameraHal: ParserFlashInfo(521): FlashTrigger(NC) active(0) 
06-17 02:17:44.327   255  1047 D CameraHal: ParserFlashInfo(525): FlashEn(NC) active(0) 
06-17 02:17:44.328   255  1047 D CameraHal: ParserFlashInfo(532): FlashLuminance(0)
06-17 02:17:44.328   255  1047 D CameraHal: ParserFlashInfo(535): FlashColorTemp(0)
06-17 02:17:44.329   255  1047 D CameraHal: StartElementHandler(967): HDR(1)! 
06-17 02:17:44.329   255  1047 D CameraHal: StartElementHandler(971): ZSL(1)! 
06-17 02:17:44.330   255  1047 D CameraHal: StartElementHandler(975): zoom(1)! 
06-17 02:17:44.330   255  1047 D CameraHal: StartElementHandler(1017): Continue_SnapShot(1)! 
06-17 02:17:44.330   255  1047 D CameraHal: StartElementHandler(1020): InterpolationRes(0)! 
06-17 02:17:44.330   255  1047 D CameraHal: StartElementHandler(1005): PreviewSize(1920x1080)! 
06-17 02:17:44.330   255  1047 D CameraHal: StartElementHandler(1001): face detect config(0),max face num is (1)! 
06-17 02:17:44.330   255  1047 D CameraHal: ParserDVConfig(805):  DV_QCIF(qcif) resolution(176x144) fps(10) support(1)
06-17 02:17:44.330   255  1047 D CameraHal: ParserDVConfig(817):  DV_QVGA(qvga) resolution(320x240) fps(10) support(1)
06-17 02:17:44.331   255  1047 D CameraHal: ParserDVConfig(829):  DV_CIF(cif) resolution(352x288) fps(10) support(1)
06-17 02:17:44.331   255  1047 D CameraHal: ParserDVConfig(841):  DV_VGA(480p) resolution(640x480) fps(10) support(0)
06-17 02:17:44.331   255  1047 D CameraHal: ParserDVConfig(853):  DV_480P(480p) resolution(720x480) fps(10) support(0)
06-17 02:17:44.331   255  1047 D CameraHal: ParserDVConfig(877):  DV_720P(720p) resolution(1280x720) fps(10) support(1)
06-17 02:17:44.331   255  1047 D CameraHal: ParserDVConfig(889):  DV_1080P(1080p) resolution(1920x1080) fps(10) support(1)
06-17 02:17:44.331   255  1047 D CameraHal: ParserSensorInfo(190): SensorName(OV13850)
06-17 02:17:44.332   255  1047 D CameraHal: ParserSensorInfo(196): lensName(50013A1)
06-17 02:17:44.332   255  1047 D CameraHal: ParserSensorInfo(198): SensorDevID(CAMSYS_DEVID_SENSOR_1B)
06-17 02:17:44.332   255  1047 D CameraHal: ParserSensorInfo(209): SensorDevID(33554432)
06-17 02:17:44.332   255  1047 D CameraHal: ParserSensorInfo(211): SensorHostDevID(CAMSYS_DEVID_MARVIN)
06-17 02:17:44.332   255  1047 D CameraHal: ParserSensorInfo(226): Sensori2cBusNum(1)
06-17 02:17:44.332   255  1047 D CameraHal: ParserSensorInfo(229): SensorI2cAddrByte(2)
06-17 02:17:44.332   255  1047 D CameraHal: ParserSensorInfo(232): SensorI2cRate(100000)
06-17 02:17:44.332   255  1047 D CameraHal: ParserSensorInfo(240): SensorAvdd(NC) min(28000000) max(28000000)
06-17 02:17:44.333   255  1047 D CameraHal: ParserSensorInfo(254): SensorDvdd(NC) min(12000000) max(12000000)
06-17 02:17:44.333   255  1047 D CameraHal: ParserSensorInfo(247): SensorDovdd(NC) min(18000000) max(18000000)
06-17 02:17:44.333   255  1047 D CameraHal: ParserSensorInfo(235): SensorMclk(24000000)
06-17 02:17:44.333   255  1047 D CameraHal: ParserSensorInfo(285): SensorGpioPwen(NC) active(1) 
06-17 02:17:44.333   255  1047 D CameraHal: ParserSensorInfo(279): SensorGpioRst(RK30_PIN0_PB0) active(0) 
06-17 02:17:44.333   255  1047 D CameraHal: ParserSensorInfo(261): SensorGpioPwdn(RK30_PIN2_PD4) active(0) 
06-17 02:17:44.333   255  1047 D CameraHal: ParserSensorInfo(291): SensorFacing(back) 
06-17 02:17:44.333   255  1047 D CameraHal: ParserSensorInfo(300): SensorInterface(MIPI) 
06-17 02:17:44.333   255  1047 D CameraHal: ParserSensorInfo(313): SensorMirrorFlip(0) 
06-17 02:17:44.333   255  1047 D CameraHal: ParserSensorInfo(316): SensorOrientation(180) 
06-17 02:17:44.333   255  1047 D CameraHal: ParserSensorInfo(435): SensorFovParemeter fov_h(60.0)(60.000000) fov_v(60.0)(60.000000)  
06-17 02:17:44.333   255  1047 D CameraHal: ParserSensorInfo(438): SensorAWB_Frame_Skip fps(15) 
06-17 02:17:44.333   255  1047 E CameraHal: ParserSensorInfo(388): SensorPhy:  phyindex: 1,open /dev/camsys_marvin1	
06-17 02:17:44.333   255  1047 D CameraHal: ParserSensorInfo(397): SensorGpioPwdn(RK30_PIN2_PD4) active(0) 
06-17 02:17:44.333   255  1047 D CameraHal: ParserSensorInfo(405): SensorPhy: MIPI  lane: 2  phyindex: 1  fmt: 0x2b
06-17 02:17:44.333   255  1047 D CameraHal: ParserVCMInfo(450): VCMDrvName(DW9714)
06-17 02:17:44.333   255  1047 D CameraHal: ParserVCMInfo(453): VCMName(HuaYong6505)
06-17 02:17:44.333   255  1047 D CameraHal: ParserVCMInfo(456): VCMI2cBusNum(1)
06-17 02:17:44.334   255  1047 D CameraHal: ParserVCMInfo(459): VCMI2cAddrByte(0)
06-17 02:17:44.334   255  1047 D CameraHal: ParserVCMInfo(462): VCMI2cRate(0)
06-17 02:17:44.334   255  1047 D CameraHal: ParserVCMInfo(477): VCMVdd(NC) min(0) max(0)
06-17 02:17:44.334   255  1047 D CameraHal: ParserVCMInfo(471): VCMGpioPower(NC) active(0) 
06-17 02:17:44.334   255  1047 D CameraHal: ParserVCMInfo(465): VCMGpioPwdn(NC) active(0) 
06-17 02:17:44.334   255  1047 D CameraHal: ParserVCMInfo(490): start current(20) rated current(80) vcm max(100)  step mode(13)  drv max(100) 
06-17 02:17:44.334   255  1047 D CameraHal: ParserFlashInfo(509): FlashName(Internal)
06-17 02:17:44.334   255  1047 D CameraHal: ParserFlashInfo(512): FlashI2cBusNum(0)
06-17 02:17:44.334   255  1047 D CameraHal: ParserFlashInfo(515): FlashI2cAddrByte(0)
06-17 02:17:44.334   255  1047 D CameraHal: ParserFlashInfo(518): FlashI2cRate(0)
06-17 02:17:44.334   255  1047 D CameraHal: ParserFlashInfo(521): FlashTrigger(NC) active(0) 
06-17 02:17:44.334   255  1047 D CameraHal: ParserFlashInfo(525): FlashEn(NC) active(0) 
06-17 02:17:44.334   255  1047 D CameraHal: ParserFlashInfo(532): FlashLuminance(0)
06-17 02:17:44.334   255  1047 D CameraHal: ParserFlashInfo(535): FlashColorTemp(0)
06-17 02:17:44.335   255  1047 D CameraHal: StartElementHandler(967): HDR(1)! 
06-17 02:17:44.335   255  1047 D CameraHal: StartElementHandler(971): ZSL(1)! 
06-17 02:17:44.335   255  1047 D CameraHal: StartElementHandler(975): zoom(1)! 
06-17 02:17:44.335   255  1047 D CameraHal: StartElementHandler(1017): Continue_SnapShot(1)! 
06-17 02:17:44.335   255  1047 D CameraHal: StartElementHandler(1020): InterpolationRes(0)! 
06-17 02:17:44.335   255  1047 D CameraHal: StartElementHandler(1005): PreviewSize(1920x1080)! 
06-17 02:17:44.335   255  1047 D CameraHal: StartElementHandler(1001): face detect config(0),max face num is (1)! 
06-17 02:17:44.335   255  1047 D CameraHal: ParserDVConfig(805):  DV_QCIF(qcif) resolution(176x144) fps(10) support(1)
06-17 02:17:44.335   255  1047 D CameraHal: ParserDVConfig(817):  DV_QVGA(qvga) resolution(320x240) fps(10) support(1)
06-17 02:17:44.335   255  1047 D CameraHal: ParserDVConfig(829):  DV_CIF(cif) resolution(352x288) fps(10) support(1)
06-17 02:17:44.335   255  1047 D CameraHal: ParserDVConfig(841):  DV_VGA(480p) resolution(640x480) fps(10) support(0)
06-17 02:17:44.335   255  1047 D CameraHal: ParserDVConfig(853):  DV_480P(480p) resolution(720x480) fps(10) support(0)
06-17 02:17:44.335   255  1047 D CameraHal: ParserDVConfig(877):  DV_720P(720p) resolution(1280x720) fps(10) support(1)
06-17 02:17:44.335   255  1047 D CameraHal: ParserDVConfig(889):  DV_1080P(1080p) resolution(1920x1080) fps(10) support(1)
06-17 02:17:44.335   255  1047 D CameraHal: ParserSensorInfo(190): SensorName(OV8858)
06-17 02:17:44.336   255  1047 D CameraHal: ParserSensorInfo(196): lensName(LG-9569A2)
06-17 02:17:44.336   255  1047 D CameraHal: ParserSensorInfo(198): SensorDevID(CAMSYS_DEVID_SENSOR_1A)
06-17 02:17:44.336   255  1047 D CameraHal: ParserSensorInfo(209): SensorDevID(16777216)
06-17 02:17:44.336   255  1047 D CameraHal: ParserSensorInfo(211): SensorHostDevID(CAMSYS_DEVID_MARVIN)
06-17 02:17:44.336   255  1047 D CameraHal: ParserSensorInfo(226): Sensori2cBusNum(1)
06-17 02:17:44.336   255  1047 D CameraHal: ParserSensorInfo(229): SensorI2cAddrByte(2)
06-17 02:17:44.336   255  1047 D CameraHal: ParserSensorInfo(232): SensorI2cRate(100000)
06-17 02:17:44.336   255  1047 D CameraHal: ParserSensorInfo(240): SensorAvdd(NC) min(0) max(0)
06-17 02:17:44.336   255  1047 D CameraHal: ParserSensorInfo(254): SensorDvdd(NC) min(0) max(0)
06-17 02:17:44.336   255  1047 D CameraHal: ParserSensorInfo(247): SensorDovdd(NC) min(18000000) max(18000000)
06-17 02:17:44.336   255  1047 D CameraHal: ParserSensorInfo(235): SensorMclk(24000000)
06-17 02:17:44.336   255  1047 D CameraHal: ParserSensorInfo(285): SensorGpioPwen(NC) active(1) 
06-17 02:17:44.336   255  1047 D CameraHal: ParserSensorInfo(279): SensorGpioRst(RK30_PIN0_PB0) active(0) 
06-17 02:17:44.336   255  1047 D CameraHal: ParserSensorInfo(267): SensorGpioPwdn0(RK30_PIN2_PD4) active(0) 
06-17 02:17:44.336   255  1047 D CameraHal: ParserSensorInfo(273): SensorGpioPwdn1(RK30_PIN2_PB4) active(0) 
06-17 02:17:44.336   255  1047 D CameraHal: ParserSensorInfo(291): SensorFacing(back) 
06-17 02:17:44.336   255  1047 D CameraHal: ParserSensorInfo(300): SensorInterface(MIPI) 
06-17 02:17:44.336   255  1047 D CameraHal: ParserSensorInfo(313): SensorMirrorFlip(0) 
06-17 02:17:44.336   255  1047 D CameraHal: ParserSensorInfo(316): SensorOrientation(0) 
06-17 02:17:44.336   255  1047 D CameraHal: ParserSensorInfo(435): SensorFovParemeter fov_h(60.0)(60.000000) fov_v(60.0)(60.000000)  
06-17 02:17:44.336   255  1047 D CameraHal: ParserSensorInfo(438): SensorAWB_Frame_Skip fps(15) 
06-17 02:17:44.336   255  1047 D CameraHal: ParserSensorInfo(397): SensorGpioPwdn(RK30_PIN2_PD4) active(0) 
06-17 02:17:44.337   255  1047 D CameraHal: ParserSensorInfo(405): SensorPhy: MIPI  lane: 2  phyindex: 0  fmt: 0x2b
06-17 02:17:44.337   255  1047 D CameraHal: ParserVCMInfo(450): VCMDrvName(BuiltInSensor)
06-17 02:17:44.337   255  1047 D CameraHal: ParserVCMInfo(453): VCMName(NC)
06-17 02:17:44.337   255  1047 D CameraHal: ParserVCMInfo(456): VCMI2cBusNum(1)
06-17 02:17:44.337   255  1047 D CameraHal: ParserVCMInfo(459): VCMI2cAddrByte(0)
06-17 02:17:44.337   255  1047 D CameraHal: ParserVCMInfo(462): VCMI2cRate(0)
06-17 02:17:44.337   255  1047 D CameraHal: ParserVCMInfo(477): VCMVdd(NC) min(0) max(0)
06-17 02:17:44.337   255  1047 D CameraHal: ParserVCMInfo(471): VCMGpioPower(NC) active(0) 
06-17 02:17:44.337   255  1047 D CameraHal: ParserVCMInfo(465): VCMGpioPwdn(NC) active(0) 
06-17 02:17:44.337   255  1047 D CameraHal: ParserVCMInfo(490): start current(0) rated current(100) vcm max(100)  step mode(4)  drv max(100) 
06-17 02:17:44.337   255  1047 D CameraHal: ParserFlashInfo(509): FlashName(Internal)
06-17 02:17:44.337   255  1047 D CameraHal: ParserFlashInfo(512): FlashI2cBusNum(0)
06-17 02:17:44.337   255  1047 D CameraHal: ParserFlashInfo(515): FlashI2cAddrByte(0)
06-17 02:17:44.337   255  1047 D CameraHal: ParserFlashInfo(518): FlashI2cRate(0)
06-17 02:17:44.337   255  1047 D CameraHal: ParserFlashInfo(521): FlashTrigger(NC) active(0) 
06-17 02:17:44.337   255  1047 D CameraHal: ParserFlashInfo(525): FlashEn(NC) active(0) 
06-17 02:17:44.337   255  1047 D CameraHal: ParserFlashInfo(532): FlashLuminance(0)
06-17 02:17:44.337   255  1047 D CameraHal: ParserFlashInfo(535): FlashColorTemp(0)
06-17 02:17:44.338   255  1047 D CameraHal: StartElementHandler(967): HDR(1)! 
06-17 02:17:44.338   255  1047 D CameraHal: StartElementHandler(971): ZSL(1)! 
06-17 02:17:44.338   255  1047 D CameraHal: StartElementHandler(975): zoom(1)! 
06-17 02:17:44.338   255  1047 D CameraHal: StartElementHandler(1017): Continue_SnapShot(1)! 
06-17 02:17:44.338   255  1047 D CameraHal: StartElementHandler(1020): InterpolationRes(0)! 
06-17 02:17:44.338   255  1047 D CameraHal: StartElementHandler(1005): PreviewSize(0x0)! 
06-17 02:17:44.338   255  1047 D CameraHal: StartElementHandler(1001): face detect config(0),max face num is (1)! 
06-17 02:17:44.338   255  1047 D CameraHal: StartElementHandler(996): Gammaout support 0(mGamma:1.000000,mOffSet:0)! 
06-17 02:17:44.338   255  1047 D CameraHal: ParserDVConfig(805):  DV_QCIF(qcif) resolution(176x144) fps(10) support(1)
06-17 02:17:44.338   255  1047 D CameraHal: ParserDVConfig(817):  DV_QVGA(qvga) resolution(320x240) fps(10) support(1)
06-17 02:17:44.338   255  1047 D CameraHal: ParserDVConfig(829):  DV_CIF(cif) resolution(352x288) fps(10) support(1)
06-17 02:17:44.338   255  1047 D CameraHal: ParserDVConfig(841):  DV_VGA(480p) resolution(640x480) fps(10) support(0)
06-17 02:17:44.338   255  1047 D CameraHal: ParserDVConfig(853):  DV_480P(480p) resolution(720x480) fps(10) support(0)
06-17 02:17:44.338   255  1047 D CameraHal: ParserDVConfig(877):  DV_720P(720p) resolution(1280x720) fps(10) support(1)
06-17 02:17:44.338   255  1047 D CameraHal: ParserDVConfig(889):  DV_1080P(1080p) resolution(1920x1080) fps(10) support(1)
06-17 02:17:44.338   255  1047 D CameraHal: ParserSensorInfo(190): SensorName(OV8858)
06-17 02:17:44.339   255  1047 D CameraHal: ParserSensorInfo(196): lensName(LG-9569A2)
06-17 02:17:44.340   255  1047 D CameraHal: ParserSensorInfo(198): SensorDevID(CAMSYS_DEVID_SENSOR_1B)
06-17 02:17:44.340   255  1047 D CameraHal: ParserSensorInfo(209): SensorDevID(33554432)
06-17 02:17:44.340   255  1047 D CameraHal: ParserSensorInfo(211): SensorHostDevID(CAMSYS_DEVID_MARVIN)
06-17 02:17:44.340   255  1047 D CameraHal: ParserSensorInfo(226): Sensori2cBusNum(1)
06-17 02:17:44.340   255  1047 D CameraHal: ParserSensorInfo(229): SensorI2cAddrByte(2)
06-17 02:17:44.340   255  1047 D CameraHal: ParserSensorInfo(232): SensorI2cRate(100000)
06-17 02:17:44.340   255  1047 D CameraHal: ParserSensorInfo(240): SensorAvdd(NC) min(0) max(0)
06-17 02:17:44.340   255  1047 D CameraHal: ParserSensorInfo(254): SensorDvdd(NC) min(0) max(0)
06-17 02:17:44.340   255  1047 D CameraHal: ParserSensorInfo(247): SensorDovdd(NC) min(18000000) max(18000000)
06-17 02:17:44.340   255  1047 D CameraHal: ParserSensorInfo(235): SensorMclk(24000000)
06-17 02:17:44.340   255  1047 D CameraHal: ParserSensorInfo(285): SensorGpioPwen(NC) active(1) 
06-17 02:17:44.340   255  1047 D CameraHal: ParserSensorInfo(279): SensorGpioRst(RK30_PIN0_PB0) active(0) 
06-17 02:17:44.340   255  1047 D CameraHal: ParserSensorInfo(267): SensorGpioPwdn0(RK30_PIN2_PD4) active(0) 
06-17 02:17:44.340   255  1047 D CameraHal: ParserSensorInfo(273): SensorGpioPwdn1(RK30_PIN2_PB4) active(0) 
06-17 02:17:44.340   255  1047 D CameraHal: ParserSensorInfo(291): SensorFacing(back) 
06-17 02:17:44.340   255  1047 D CameraHal: ParserSensorInfo(300): SensorInterface(MIPI) 
06-17 02:17:44.340   255  1047 D CameraHal: ParserSensorInfo(313): SensorMirrorFlip(0) 
06-17 02:17:44.340   255  1047 D CameraHal: ParserSensorInfo(316): SensorOrientation(0) 
06-17 02:17:44.340   255  1047 D CameraHal: ParserSensorInfo(435): SensorFovParemeter fov_h(60.0)(60.000000) fov_v(60.0)(60.000000)  
06-17 02:17:44.341   255  1047 D CameraHal: ParserSensorInfo(438): SensorAWB_Frame_Skip fps(15) 
06-17 02:17:44.341   255  1047 E CameraHal: ParserSensorInfo(388): SensorPhy:  phyindex: 1,open /dev/camsys_marvin1	
06-17 02:17:44.341   255  1047 D CameraHal: ParserSensorInfo(397): SensorGpioPwdn(RK30_PIN2_PB4) active(0) 
06-17 02:17:44.341   255  1047 D CameraHal: ParserSensorInfo(405): SensorPhy: MIPI  lane: 2  phyindex: 1  fmt: 0x2b
06-17 02:17:44.341   255  1047 D CameraHal: ParserVCMInfo(450): VCMDrvName(BuiltInSensor)
06-17 02:17:44.341   255  1047 D CameraHal: ParserVCMInfo(453): VCMName(NC)
06-17 02:17:44.341   255  1047 D CameraHal: ParserVCMInfo(456): VCMI2cBusNum(1)
06-17 02:17:44.341   255  1047 D CameraHal: ParserVCMInfo(459): VCMI2cAddrByte(0)
06-17 02:17:44.341   255  1047 D CameraHal: ParserVCMInfo(462): VCMI2cRate(0)
06-17 02:17:44.341   255  1047 D CameraHal: ParserVCMInfo(477): VCMVdd(NC) min(0) max(0)
06-17 02:17:44.341   255  1047 D CameraHal: ParserVCMInfo(471): VCMGpioPower(NC) active(0) 
06-17 02:17:44.341   255  1047 D CameraHal: ParserVCMInfo(465): VCMGpioPwdn(NC) active(0) 
06-17 02:17:44.341   255  1047 D CameraHal: ParserVCMInfo(490): start current(0) rated current(100) vcm max(100)  step mode(4)  drv max(100) 
06-17 02:17:44.341   255  1047 D CameraHal: ParserFlashInfo(509): FlashName(Internal)
06-17 02:17:44.341   255  1047 D CameraHal: ParserFlashInfo(512): FlashI2cBusNum(0)
06-17 02:17:44.341   255  1047 D CameraHal: ParserFlashInfo(515): FlashI2cAddrByte(0)
06-17 02:17:44.341   255  1047 D CameraHal: ParserFlashInfo(518): FlashI2cRate(0)
06-17 02:17:44.341   255  1047 D CameraHal: ParserFlashInfo(521): FlashTrigger(NC) active(0) 
06-17 02:17:44.341   255  1047 D CameraHal: ParserFlashInfo(525): FlashEn(NC) active(0) 
06-17 02:17:44.341   255  1047 D CameraHal: ParserFlashInfo(532): FlashLuminance(0)
06-17 02:17:44.341   255  1047 D CameraHal: ParserFlashInfo(535): FlashColorTemp(0)
06-17 02:17:44.342   255  1047 D CameraHal: StartElementHandler(967): HDR(1)! 
06-17 02:17:44.342   255  1047 D CameraHal: StartElementHandler(971): ZSL(1)! 
06-17 02:17:44.342   255  1047 D CameraHal: StartElementHandler(975): zoom(1)! 
06-17 02:17:44.342   255  1047 D CameraHal: StartElementHandler(1017): Continue_SnapShot(1)! 
06-17 02:17:44.342   255  1047 D CameraHal: StartElementHandler(1020): InterpolationRes(0)! 
06-17 02:17:44.342   255  1047 D CameraHal: StartElementHandler(1005): PreviewSize(0x0)! 
06-17 02:17:44.342   255  1047 D CameraHal: StartElementHandler(1001): face detect config(0),max face num is (1)! 
06-17 02:17:44.342   255  1047 D CameraHal: StartElementHandler(996): Gammaout support 0(mGamma:1.000000,mOffSet:0)! 
06-17 02:17:44.342   255  1047 D CameraHal: ParserDVConfig(805):  DV_QCIF(qcif) resolution(176x144) fps(10) support(1)
06-17 02:17:44.342   255  1047 D CameraHal: ParserDVConfig(817):  DV_QVGA(qvga) resolution(320x240) fps(10) support(1)
06-17 02:17:44.342   255  1047 D CameraHal: ParserDVConfig(829):  DV_CIF(cif) resolution(352x288) fps(10) support(1)
06-17 02:17:44.342   255  1047 D CameraHal: ParserDVConfig(841):  DV_VGA(480p) resolution(640x480) fps(10) support(0)
06-17 02:17:44.342   255  1047 D CameraHal: ParserDVConfig(853):  DV_480P(480p) resolution(720x480) fps(10) support(0)
06-17 02:17:44.343   255  1047 D CameraHal: ParserDVConfig(877):  DV_720P(720p) resolution(1280x720) fps(10) support(1)
06-17 02:17:44.343   255  1047 D CameraHal: ParserDVConfig(889):  DV_1080P(1080p) resolution(1920x1080) fps(10) support(1)
06-17 02:17:44.343   255  1047 D CameraHal: number of camdevice (4)
06-17 02:17:44.343   255  1047 D CameraHal: now DV size(7)
06-17 02:17:44.343   255  1047 D CameraHal: camera_get_number_of_cameras(790): board profiles cam num 4
06-17 02:17:44.343   255  1047 D CameraHal: read cam name from xml(/data/camera/media_profiles.xml)
06-17 02:17:44.343   255  1047 E CameraHal:  is not exist, register all
06-17 02:17:44.343   255  1047 D CameraHal: OpenAndRegistALLSensor(1137): open /dev/camsys_marvin fd: 9
06-17 02:17:44.346   255  1047 D CameraHal: 
06-17 02:17:44.346   255  1047 D CameraHal: 
06-17 02:17:44.346   255  1047 D CameraHal: 
06-17 02:17:44.346   255  1047 D CameraHal:  CamSys_Head.h Version Check:
06-17 02:17:44.346   255  1047 D CameraHal:     Kernel camsys_head.h: v0x1.0x0.0x0
06-17 02:17:44.346   255  1047 D CameraHal:     Kernel camsys_drv :   v0x0.0x0.0x1
06-17 02:17:44.346   255  1047 D CameraHal:     CameraHal camsys_head.h : v0x1.0x0.0x0
06-17 02:17:44.346   255  1047 D CameraHal: 
06-17 02:17:44.346   255  1047 D CameraHal: 
06-17 02:17:44.346   255  1047 D CameraHal: 
06-17 02:17:44.357   255  1047 E CameraHal: WARNING: OV13850 soft reset by i2c failed!, please check follow information:
06-17 02:17:44.357   255  1047 E CameraHal:     Slave_addr: 0x20 0x6c
06-17 02:17:44.357   255  1047 E CameraHal:     Soft reset reg: 0x103  val: 0x1
06-17 02:17:44.357   255  1047 E CameraHal:     Power/PowerDown/Reset/Mclk/I2cBus
06-17 02:17:44.366   255  1047 E CameraHal: OV13850 device register failed!
06-17 02:17:44.367   255  1047 D CameraHal: OpenAndRegistALLSensor(1137): open /dev/camsys_marvin1 fd: 9
06-17 02:17:44.368   255  1047 D CameraHal: 
06-17 02:17:44.368   255  1047 D CameraHal: 
06-17 02:17:44.368   255  1047 D CameraHal: 
06-17 02:17:44.368   255  1047 D CameraHal:  CamSys_Head.h Version Check:
06-17 02:17:44.368   255  1047 D CameraHal:     Kernel camsys_head.h: v0x1.0x0.0x0
06-17 02:17:44.368   255  1047 D CameraHal:     Kernel camsys_drv :   v0x0.0x0.0x1
06-17 02:17:44.368   255  1047 D CameraHal:     CameraHal camsys_head.h : v0x1.0x0.0x0
06-17 02:17:44.369   255  1047 D CameraHal: 
