06-17 02:18:06.990   493   572 I WindowManager: Win Window{d778477 u0 SurfaceView - com.imi.faceunionpayset_commercial/com.imi.faceunionpayset.detail.UnionPayActivity}: isVisibleOrBehindKeyguardLw=true
06-17 02:18:06.990   493   572 I WindowManager: Win Window{ceeb6b7 u0 com.android.systemui.ImageWallpaper}: isVisibleOrBehindKeyguardLw=false
06-17 02:18:06.990   493   572 I WindowManager: force=false forcefkg=false top=Window{9db847f u0 com.imi.faceunionpayset_commercial/com.imi.faceunionpayset.detail.UnionPayActivity}
06-17 02:18:06.990   493   572 V WindowManager: ** SHOWING status bar: top is not fullscreen
06-17 02:18:07.063  7852  7857 I art     : Compiler allocated 5MB to compile void com.imi.faceunionpayset.detail.UnionPayActivity$4.run()
06-17 02:18:07.121  7852  7924 V ImiFaceSdk: faceDetectMode:3 + faceInfoList:0
06-17 02:18:07.121  7852  7924 D UnionPayActivity: detectFaces0
06-17 02:18:07.122  7852  7924 D UnionPayActivity: 
06-17 02:18:07.123  7852  7924 D UnionPayActivity: ing1
06-17 02:18:07.132  7852  7924 D UnionPayActivity: ing2
06-17 02:18:07.132  7852  7924 D UnionPayActivity: detectFaces
06-17 02:18:07.195  7852  7924 V ImiFaceSdk: faceDetectMode:3 + faceInfoList:0
06-17 02:18:07.196  7852  7924 D UnionPayActivity: detectFaces0
06-17 02:18:07.196  7852  7924 D UnionPayActivity: 
06-17 02:18:07.196  7852  7924 D UnionPayActivity: ing1
06-17 02:18:07.208  7852  7924 D UnionPayActivity: ing2
06-17 02:18:07.208  7852  7924 D UnionPayActivity: detectFaces
06-17 02:18:07.256  7852  7924 V ImiFaceSdk: faceDetectMode:3 + faceInfoList:0
06-17 02:18:07.257  7852  7924 D UnionPayActivity: detectFaces0
06-17 02:18:07.257  7852  7924 D UnionPayActivity: 
06-17 02:18:07.257  7852  7924 D UnionPayActivity: ing1
06-17 02:18:07.266  7852  7924 D UnionPayActivity: ing2
06-17 02:18:07.267  7852  7924 D UnionPayActivity: detectFaces
06-17 02:18:07.302   493   572 I WindowManager: Win Window{187ecde u0 NavigationBar}: isVisibleOrBehindKeyguardLw=true
06-17 02:18:07.302   493   572 I WindowManager: Win Window{19bcd3a u0 StatusBar}: isVisibleOrBehindKeyguardLw=true
06-17 02:18:07.302   493   572 I WindowManager: Win Window{f2c8f6b u0 Application Not Responding: com.imi.faceunionpayset_commercial}: isVisibleOrBehindKeyguardLw=true
06-17 02:18:07.302   493   572 I WindowManager: Win Window{a27f89d u0 Toast}: isVisibleOrBehindKeyguardLw=true
06-17 02:18:07.302   493   572 I WindowManager: Win Window{9db847f u0 com.imi.faceunionpayset_commercial/com.imi.faceunionpayset.detail.UnionPayActivity}: isVisibleOrBehindKeyguardLw=true
06-17 02:18:07.302   493   572 V WindowManager: Fullscreen window: Window{9db847f u0 com.imi.faceunionpayset_commercial/com.imi.faceunionpayset.detail.UnionPayActivity}
06-17 02:18:07.302   493   572 I WindowManager: Win Window{2f7d495 u0 SurfaceView - com.imi.faceunionpayset_commercial/com.imi.faceunionpayset.detail.UnionPayActivity}: isVisibleOrBehindKeyguardLw=true
06-17 02:18:07.302   493   572 I WindowManager: Win Window{1ade99b u0 SurfaceView - com.imi.faceunionpayset_commercial/com.imi.faceunionpayset.detail.UnionPayActivity}: isVisibleOrBehindKeyguardLw=true
06-17 02:18:07.303   493   572 I WindowManager: Win Window{cce2511 u0 SurfaceView - com.imi.faceunionpayset_commercial/com.imi.faceunionpayset.detail.UnionPayActivity}: isVisibleOrBehindKeyguardLw=true
06-17 02:18:07.303   493   572 I WindowManager: Win Window{d778477 u0 SurfaceView - com.imi.faceunionpayset_commercial/com.imi.faceunionpayset.detail.UnionPayActivity}: isVisibleOrBehindKeyguardLw=true
06-17 02:18:07.303   493   572 I WindowManager: Win Window{ceeb6b7 u0 com.android.systemui.ImageWallpaper}: isVisibleOrBehindKeyguardLw=false
06-17 02:18:07.303   493   572 I WindowManager: force=false forcefkg=false top=Window{9db847f u0 com.imi.faceunionpayset_commercial/com.imi.faceunionpayset.detail.UnionPayActivity}
06-17 02:18:07.303   493   572 V WindowManager: ** SHOWING status bar: top is not fullscreen
06-17 02:18:07.316  7852  7924 V ImiFaceSdk: faceDetectMode:3 + faceInfoList:0
06-17 02:18:07.317  7852  7924 D UnionPayActivity: detectFaces0
06-17 02:18:07.317  7852  7924 D UnionPayActivity: 
06-17 02:18:07.317  7852  7924 D UnionPayActivity: ing1
06-17 02:18:07.325  7852  7924 D UnionPayActivity: ing2
06-17 02:18:07.325  7852  7924 D UnionPayActivity: detectFaces
06-17 02:18:07.377  7852  7924 V ImiFaceSdk: faceDetectMode:3 + faceInfoList:0
06-17 02:18:07.378  7852  7924 D UnionPayActivity: detectFaces0
06-17 02:18:07.378  7852  7924 D UnionPayActivity: 
06-17 02:18:07.378  7852  7924 D UnionPayActivity: ing1
06-17 02:18:07.386  7852  7924 D UnionPayActivity: ing2
06-17 02:18:07.386  7852  7924 D UnionPayActivity: detectFaces
06-17 02:18:07.433  7852  7924 V ImiFaceSdk: faceDetectMode:3 + faceInfoList:0
06-17 02:18:07.433  7852  7924 D UnionPayActivity: detectFaces0
06-17 02:18:07.433  7852  7924 D UnionPayActivity: 
06-17 02:18:07.433  7852  7924 D UnionPayActivity: ing1
06-17 02:18:07.441  7852  7924 D UnionPayActivity: ing2
06-17 02:18:07.441  7852  7924 D UnionPayActivity: detectFaces
06-17 02:18:07.493  7852  7924 V ImiFaceSdk: faceDetectMode:3 + faceInfoList:0
06-17 02:18:07.494  7852  7924 D UnionPayActivity: detectFaces0
06-17 02:18:07.495  7852  7924 D UnionPayActivity: 
06-17 02:18:07.495  7852  7924 D UnionPayActivity: ing1
06-17 02:18:07.511  7852  7924 D UnionPayActivity: ing2
06-17 02:18:07.511  7852  7924 D UnionPayActivity: detectFaces
06-17 02:18:07.559  7852  7924 V ImiFaceSdk: faceDetectMode:3 + faceInfoList:0
06-17 02:18:07.560  7852  7924 D UnionPayActivity: detectFaces0
06-17 02:18:07.560  7852  7924 D UnionPayActivity: 
06-17 02:18:07.561  7852  7924 D UnionPayActivity: ing1
06-17 02:18:07.569  7852  7924 D UnionPayActivity: ing2
06-17 02:18:07.569  7852  7924 D UnionPayActivity: detectFaces
06-17 02:18:07.616  7852  7924 V ImiFaceSdk: faceDetectMode:3 + faceInfoList:0
06-17 02:18:07.617  7852  7924 D UnionPayActivity: detectFaces0
06-17 02:18:07.617  7852  7924 D UnionPayActivity: 
06-17 02:18:07.617  7852  7924 D UnionPayActivity: ing1
06-17 02:18:07.628  7852  7924 D UnionPayActivity: ing2
06-17 02:18:07.628  7852  7924 D UnionPayActivity: detectFaces
06-17 02:18:07.676  7852  7924 V ImiFaceSdk: faceDetectMode:3 + faceInfoList:0
06-17 02:18:07.676  7852  7924 D UnionPayActivity: detectFaces0
06-17 02:18:07.677  7852  7924 D UnionPayActivity: 
06-17 02:18:07.677  7852  7924 D UnionPayActivity: ing1
06-17 02:18:07.688  7852  7924 D UnionPayActivity: ing2
06-17 02:18:07.688  7852  7924 D UnionPayActivity: detectFaces
06-17 02:18:07.737  7852  7924 V ImiFaceSdk: faceDetectMode:3 + faceInfoList:0
06-17 02:18:07.737  7852  7924 D UnionPayActivity: detectFaces0
06-17 02:18:07.737  7852  7924 D UnionPayActivity: 
06-17 02:18:07.737  7852  7924 D UnionPayActivity: ing1
06-17 02:18:07.746  7852  7924 D UnionPayActivity: ing2
06-17 02:18:07.746  7852  7924 D UnionPayActivity: detectFaces
06-17 02:18:07.793  7852  7924 V ImiFaceSdk: faceDetectMode:3 + faceInfoList:0
06-17 02:18:07.794  7852  7924 D UnionPayActivity: detectFaces0
06-17 02:18:07.794  7852  7924 D UnionPayActivity: 
06-17 02:18:07.794  7852  7924 D UnionPayActivity: ing1
06-17 02:18:07.802  7852  7924 D UnionPayActivity: ing2
06-17 02:18:07.802  7852  7924 D UnionPayActivity: detectFaces
06-17 02:18:07.847  7852  7924 V ImiFaceSdk: faceDetectMode:3 + faceInfoList:0
06-17 02:18:07.848  7852  7924 D UnionPayActivity: detectFaces0
06-17 02:18:07.848  7852  7924 D UnionPayActivity: 
06-17 02:18:07.848  7852  7924 D UnionPayActivity: ing1
06-17 02:18:07.856  7852  7924 D UnionPayActivity: ing2
06-17 02:18:07.856  7852  7924 D UnionPayActivity: detectFaces
06-17 02:18:07.907  7852  7924 V ImiFaceSdk: faceDetectMode:3 + faceInfoList:0
06-17 02:18:07.908  7852  7924 D UnionPayActivity: detectFaces0
06-17 02:18:07.908  7852  7924 D UnionPayActivity: 
06-17 02:18:07.908  7852  7924 D UnionPayActivity: ing1
06-17 02:18:07.916  7852  7924 D UnionPayActivity: ing2
06-17 02:18:07.916  7852  7924 D UnionPayActivity: detectFaces
06-17 02:18:07.965  7852  7924 V ImiFaceSdk: faceDetectMode:3 + faceInfoList:0
06-17 02:18:07.966  7852  7924 D UnionPayActivity: detectFaces0
06-17 02:18:07.966  7852  7924 D UnionPayActivity: 
06-17 02:18:07.966  7852  7924 D UnionPayActivity: ing1
06-17 02:18:07.975  7852  7924 D UnionPayActivity: ing2
06-17 02:18:07.975  7852  7924 D UnionPayActivity: detectFaces
06-17 02:18:08.023  7852  7924 V ImiFaceSdk: faceDetectMode:3 + faceInfoList:0
06-17 02:18:08.024  7852  7924 D UnionPayActivity: detectFaces0
06-17 02:18:08.024  7852  7924 D UnionPayActivity: 
06-17 02:18:08.024  7852  7924 D UnionPayActivity: ing1
06-17 02:18:08.032  7852  7924 D UnionPayActivity: ing2
06-17 02:18:08.032  7852  7924 D UnionPayActivity: detectFaces
06-17 02:18:08.085  7852  7924 V ImiFaceSdk: faceDetectMode:3 + faceInfoList:0
06-17 02:18:08.085  7852  7924 D UnionPayActivity: detectFaces0
06-17 02:18:08.085  7852  7924 D UnionPayActivity: 
06-17 02:18:08.085  7852  7924 D UnionPayActivity: ing1
06-17 02:18:08.104  7852  7924 D UnionPayActivity: ing2
06-17 02:18:08.105  7852  7924 D UnionPayActivity: detectFaces
06-17 02:18:08.150  7852  7924 V ImiFaceSdk: faceDetectMode:3 + faceInfoList:0
06-17 02:18:08.151  7852  7924 D UnionPayActivity: detectFaces0
06-17 02:18:08.153  7852  7924 D UnionPayActivity: 
06-17 02:18:08.153  7852  7924 D UnionPayActivity: ing1
06-17 02:18:08.171  7852  7924 D UnionPayActivity: ing2
06-17 02:18:08.171  7852  7924 D UnionPayActivity: detectFaces
06-17 02:18:08.223  7852  7924 V ImiFaceSdk: faceDetectMode:3 + faceInfoList:0
06-17 02:18:08.224  7852  7924 D UnionPayActivity: detectFaces0
06-17 02:18:08.224  7852  7924 D UnionPayActivity: 
06-17 02:18:08.224  7852  7924 D UnionPayActivity: ing1
06-17 02:18:08.232  7852  7924 D UnionPayActivity: ing2
06-17 02:18:08.232  7852  7924 D UnionPayActivity: detectFaces
06-17 02:18:08.298  7852  7924 V ImiFaceSdk: faceDetectMode:3 + faceInfoList:0
06-17 02:18:08.299  7852  7924 D UnionPayActivity: detectFaces0
06-17 02:18:08.299  7852  7924 D UnionPayActivity: 
06-17 02:18:08.299  7852  7924 D UnionPayActivity: ing1
06-17 02:18:08.307  7852  7924 D UnionPayActivity: ing2
06-17 02:18:08.307  7852  7924 D UnionPayActivity: detectFaces
06-17 02:18:08.356  7852  7924 V ImiFaceSdk: faceDetectMode:3 + faceInfoList:0
06-17 02:18:08.357  7852  7924 D UnionPayActivity: detectFaces0
06-17 02:18:08.357  7852  7924 D UnionPayActivity: 
06-17 02:18:08.357  7852  7924 D UnionPayActivity: ing1
06-17 02:18:08.369  7852  7924 D UnionPayActivity: ing2
06-17 02:18:08.369  7852  7924 D UnionPayActivity: detectFaces
06-17 02:18:08.418  7852  7924 V ImiFaceSdk: faceDetectMode:3 + faceInfoList:0
06-17 02:18:08.419  7852  7924 D UnionPayActivity: detectFaces0
06-17 02:18:08.419  7852  7924 D UnionPayActivity: 
06-17 02:18:08.419  7852  7924 D UnionPayActivity: ing1
06-17 02:18:08.428  7852  7924 D UnionPayActivity: ing2
06-17 02:18:08.428  7852  7924 D UnionPayActivity: detectFaces
06-17 02:18:08.479  7852  7924 V ImiFaceSdk: faceDetectMode:3 + faceInfoList:0
06-17 02:18:08.480  7852  7924 D UnionPayActivity: detectFaces0
06-17 02:18:08.480  7852  7924 D UnionPayActivity: 
06-17 02:18:08.480  7852  7924 D UnionPayActivity: ing1
06-17 02:18:08.489  7852  7924 D UnionPayActivity: ing2
06-17 02:18:08.489  7852  7924 D UnionPayActivity: detectFaces
06-17 02:18:08.534  7852  7924 V ImiFaceSdk: faceDetectMode:3 + faceInfoList:0
06-17 02:18:08.535  7852  7924 D UnionPayActivity: detectFaces0
06-17 02:18:08.535  7852  7924 D UnionPayActivity: 
06-17 02:18:08.535  7852  7924 D UnionPayActivity: ing1
06-17 02:18:08.543  7852  7924 D UnionPayActivity: ing2
06-17 02:18:08.543  7852  7924 D UnionPayActivity: detectFaces
06-17 02:18:08.592  7852  7924 V ImiFaceSdk: faceDetectMode:3 + faceInfoList:0
06-17 02:18:08.592  7852  7924 D UnionPayActivity: detectFaces0
06-17 02:18:08.592  7852  7924 D UnionPayActivity: 
06-17 02:18:08.592  7852  7924 D UnionPayActivity: ing1
06-17 02:18:08.600  7852  7924 D UnionPayActivity: ing2
06-17 02:18:08.600  7852  7924 D UnionPayActivity: detectFaces
06-17 02:18:08.649  7852  7924 V ImiFaceSdk: faceDetectMode:3 + faceInfoList:0
06-17 02:18:08.650  7852  7924 D UnionPayActivity: detectFaces0
06-17 02:18:08.650  7852  7924 D UnionPayActivity: 
06-17 02:18:08.650  7852  7924 D UnionPayActivity: ing1
06-17 02:18:08.659  7852  7924 D UnionPayActivity: ing2
06-17 02:18:08.659  7852  7924 D UnionPayActivity: detectFaces
06-17 02:18:08.709  7852  7924 V ImiFaceSdk: faceDetectMode:3 + faceInfoList:0
06-17 02:18:08.710  7852  7924 D UnionPayActivity: detectFaces0
06-17 02:18:08.710  7852  7924 D UnionPayActivity: 
06-17 02:18:08.710  7852  7924 D UnionPayActivity: ing1
06-17 02:18:08.717  7852  7924 D UnionPayActivity: ing2
06-17 02:18:08.717  7852  7924 D UnionPayActivity: detectFaces
06-17 02:18:08.766  7852  7924 V ImiFaceSdk: faceDetectMode:3 + faceInfoList:0
06-17 02:18:08.766  7852  7924 D UnionPayActivity: detectFaces0
06-17 02:18:08.767  7852  7924 D UnionPayActivity: 
06-17 02:18:08.767  7852  7924 D UnionPayActivity: ing1
06-17 02:18:08.787  7852  7924 D UnionPayActivity: ing2
06-17 02:18:08.787  7852  7924 D UnionPayActivity: detectFaces
06-17 02:18:08.792   493   493 I WindowManager: mNavigationBar frame: Rect(0, 1216 - 800, 1280)
06-17 02:18:08.792   493   493 I WindowManager: mDock rect: (0,0 - 800,1216)
06-17 02:18:08.793   493   493 V WindowManager: Status bar: dock=[0,32][800,1216] content=[0,32][800,1216] cur=[0,32][800,1216]
06-17 02:18:08.793   493   493 V WindowManager: layoutWindowLw(Application Not Responding: com.imi.faceunionpayset_commercial): normal window
06-17 02:18:08.793   493   493 V WindowManager: Compute frame Application Not Responding: com.imi.faceunionpayset_commercial: sim=#120 attach=null type=2003 flags=0x01820002 pf=[0,32][800,1216] df=[0,32][800,1216] of=[0,32][800,1216] cf=[0,32][800,1216] vf=[0,0][800,1216] dcf=[0,0][800,1280] sf=[0,32][800,1216] osf=null
06-17 02:18:08.793   493   493 V WindowManager: layoutWindowLw(Toast): normal window
06-17 02:18:08.793   493   493 V WindowManager: Compute frame Toast: sim=#20 attach=null type=2005 flags=0x01000098 pf=[0,32][800,1216] df=[0,32][800,1216] of=[0,32][800,1216] cf=[0,32][800,1216] vf=[0,0][800,1216] dcf=[0,0][800,1280] sf=[0,32][800,1216] osf=null
06-17 02:18:08.793   493   493 V WindowManager: layoutWindowLw(DockedStackDivider): IN_SCREEN
06-17 02:18:08.793   493   493 V WindowManager: Compute frame DockedStackDivider: sim=#20 attach=null type=2034 flags=0x21840028 pf=[0,0][800,1280] df=[0,0][800,1280] of=[0,0][800,1280] cf=[0,32][800,1216] vf=[0,32][800,1216] dcf=[0,0][800,1280] sf=[0,32][800,1216] osf=null
06-17 02:18:08.793   493   493 V WindowManager: layoutWindowLw(com.imi.faceunionpayset_commercial/com.imi.faceunionpayset.detail.UnionPayActivity): IN_SCREEN, INSET_DECOR
06-17 02:18:08.794   493   493 V WindowManager: Compute frame com.imi.faceunionpayset_commercial/com.imi.faceunionpayset.detail.UnionPayActivity: sim=#120 attach=null type=1 flags=0x81810100 pf=[0,0][800,1280] df=[0,0][800,1280] of=[0,0][800,1280] cf=[0,32][800,1216] vf=[0,32][800,1216] dcf=[0,0][800,1280] sf=[0,32][800,1216] osf=null
06-17 02:18:08.794   493   493 V WindowManager: layoutWindowLw(SurfaceView - com.imi.faceunionpayset_commercial/com.imi.faceunionpayset.detail.UnionPayActivity): attached to Window{9db847f u0 com.imi.faceunionpayset_commercial/com.imi.faceunionpayset.detail.UnionPayActivity}
06-17 02:18:08.794   493   493 V WindowManager: Compute frame SurfaceView - com.imi.faceunionpayset_commercial/com.imi.faceunionpayset.detail.UnionPayActivity: sim=#0 attach=Window{9db847f u0 com.imi.faceunionpayset_commercial/com.imi.faceunionpayset.detail.UnionPayActivity} type=1001 flags=0x00004218 pf=[0,0][800,1280] df=[-10000,-10000][10000,10000] of=[-10000,-10000][10000,10000] cf=[-10000,-10000][10000,10000] vf=[-10000,-10000][10000,10000] dcf=[0,0][800,1280] sf=[0,32][800,1216] osf=null
06-17 02:18:08.794   493   493 V WindowManager: layoutWindowLw(SurfaceView - com.imi.faceunionpayset_commercial/com.imi.faceunionpayset.detail.UnionPayActivity): attached to Window{9db847f u0 com.imi.faceunionpayset_commercial/com.imi.faceunionpayset.detail.UnionPayActivity}
06-17 02:18:08.794   493   493 V WindowManager: Compute frame SurfaceView - com.imi.faceunionpayset_commercial/com.imi.faceunionpayset.detail.UnionPayActivity: sim=#0 attach=Window{9db847f u0 com.imi.faceunionpayset_commercial/com.imi.faceunionpayset.detail.UnionPayActivity} type=1001 flags=0x00004218 pf=[0,0][800,1280] df=[-10000,-10000][10000,10000] of=[-10000,-10000][10000,10000] cf=[-10000,-10000][10000,10000] vf=[-10000,-10000][10000,10000] dcf=[0,0][800,1280] sf=[0,32][800,1216] osf=null
06-17 02:18:08.794   493   493 V WindowManager: layoutWindowLw(SurfaceView - com.imi.faceunionpayset_commercial/com.imi.faceunionpayset.detail.UnionPayActivity): attached to Window{9db847f u0 com.imi.faceunionpayset_commercial/com.imi.faceunionpayset.detail.UnionPayActivity}
06-17 02:18:08.794   493   493 V WindowManager: Compute frame SurfaceView - com.imi.faceunionpayset_commercial/com.imi.faceunionpayset.detail.UnionPayActivity: sim=#0 attach=Window{9db847f u0 com.imi.faceunionpayset_commercial/com.imi.faceunionpayset.detail.UnionPayActivity} type=1001 flags=0x00004218 pf=[0,0][800,1280] df=[-10000,-10000][10000,10000] of=[-10000,-10000][10000,10000] cf=[-10000,-10000][10000,10000] vf=[-10000,-10000][10000,10000] dcf=[0,0][800,1280] sf=[0,32][800,1216] osf=null
06-17 02:18:08.794   493   493 V WindowManager: layoutWindowLw(SurfaceView - com.imi.faceunionpayset_commercial/com.imi.faceunionpayset.detail.UnionPayActivity): attached to Window{9db847f u0 com.imi.faceunionpayset_commercial/com.imi.faceunionpayset.detail.UnionPayActivity}
06-17 02:18:08.795   493   493 V WindowManager: Compute frame SurfaceView - com.imi.faceunionpayset_commercial/com.imi.faceunionpayset.detail.UnionPayActivity: sim=#0 attach=Window{9db847f u0 com.imi.faceunionpayset_commercial/com.imi.faceunionpayset.detail.UnionPayActivity} type=1001 flags=0x00004218 pf=[0,0][800,1280] df=[-10000,-10000][10000,10000] of=[-10000,-10000][10000,10000] cf=[-10000,-10000][10000,10000] vf=[-10000,-10000][10000,10000] dcf=[0,0][800,1280] sf=[0,32][800,1216] osf=null
06-17 02:18:08.795   493   493 I WindowManager: Win Window{187ecde u0 NavigationBar}: isVisibleOrBehindKeyguardLw=true
06-17 02:18:08.796   493   493 I WindowManager: Win Window{19bcd3a u0 StatusBar}: isVisibleOrBehindKeyguardLw=true
06-17 02:18:08.796   493   493 I WindowManager: Win Window{f2c8f6b u0 Application Not Responding: com.imi.faceunionpayset_commercial}: isVisibleOrBehindKeyguardLw=true
06-17 02:18:08.796   493   493 I WindowManager: Win Window{a27f89d u0 Toast EXITING}: isVisibleOrBehindKeyguardLw=false
06-17 02:18:08.796   493   493 I WindowManager: Win Window{9db847f u0 com.imi.faceunionpayset_commercial/com.imi.faceunionpayset.detail.UnionPayActivity}: isVisibleOrBehindKeyguardLw=true
06-17 02:18:08.796   493   493 V WindowManager: Fullscreen window: Window{9db847f u0 com.imi.faceunionpayset_commercial/com.imi.faceunionpayset.detail.UnionPayActivity}
06-17 02:18:08.796   493   493 I WindowManager: Win Window{2f7d495 u0 SurfaceView - com.imi.faceunionpayset_commercial/com.imi.faceunionpayset.detail.UnionPayActivity}: isVisibleOrBehindKeyguardLw=true
06-17 02:18:08.796   493   493 I WindowManager: Win Window{1ade99b u0 SurfaceView - com.imi.faceunionpayset_commercial/com.imi.faceunionpayset.detail.UnionPayActivity}: isVisibleOrBehindKeyguardLw=true
06-17 02:18:08.796   493   493 I WindowManager: Win Window{cce2511 u0 SurfaceView - com.imi.faceunionpayset_commercial/com.imi.faceunionpayset.detail.UnionPayActivity}: isVisibleOrBehindKeyguardLw=true
06-17 02:18:08.796   493   493 I WindowManager: Win Window{d778477 u0 SurfaceView - com.imi.faceunionpayset_commercial/com.imi.faceunionpayset.detail.UnionPayActivity}: isVisibleOrBehindKeyguardLw=true
06-17 02:18:08.796   493   493 I WindowManager: Win Window{ceeb6b7 u0 com.android.systemui.ImageWallpaper}: isVisibleOrBehindKeyguardLw=false
06-17 02:18:08.796   493   493 I WindowManager: force=false forcefkg=false top=Window{9db847f u0 com.imi.faceunionpayset_commercial/com.imi.faceunionpayset.detail.UnionPayActivity}
06-17 02:18:08.796   493   493 V WindowManager: ** SHOWING status bar: top is not fullscreen
06-17 02:18:08.801   493   493 W WindowManager: Attempted to remove non-existing token: android.os.Binder@a02b747
06-17 02:18:08.809   493  7850 I WindowManager: mNavigationBar frame: Rect(0, 1216 - 800, 1280)
06-17 02:18:08.810   493  7850 I WindowManager: mDock rect: (0,0 - 800,1216)
06-17 02:18:08.810   493  7850 V WindowManager: Status bar: dock=[0,32][800,1216] content=[0,32][800,1216] cur=[0,32][800,1216]
06-17 02:18:08.810   493  7850 V WindowManager: layoutWindowLw(Application Not Responding: com.imi.faceunionpayset_commercial): normal window
06-17 02:18:08.810   493  7850 V WindowManager: Compute frame Application Not Responding: com.imi.faceunionpayset_commercial: sim=#120 attach=null type=2003 flags=0x01820002 pf=[0,32][800,1216] df=[0,32][800,1216] of=[0,32][800,1216] cf=[0,32][800,1216] vf=[0,0][800,1216] dcf=[0,0][800,1280] sf=[0,32][800,1216] osf=null
06-17 02:18:08.810   493  7850 V WindowManager: layoutWindowLw(Toast): normal window
06-17 02:18:08.810   493  7850 V WindowManager: Compute frame Toast: sim=#20 attach=null type=2005 flags=0x01000098 pf=[0,32][800,1216] df=[0,32][800,1216] of=[0,32][800,1216] cf=[0,32][800,1216] vf=[0,0][800,1216] dcf=[0,0][800,1280] sf=[0,32][800,1216] osf=null
06-17 02:18:08.810   493  7850 V WindowManager: layoutWindowLw(DockedStackDivider): IN_SCREEN
06-17 02:18:08.810   493  7850 V WindowManager: Compute frame DockedStackDivider: sim=#20 attach=null type=2034 flags=0x21840028 pf=[0,0][800,1280] df=[0,0][800,1280] of=[0,0][800,1280] cf=[0,32][800,1216] vf=[0,32][800,1216] dcf=[0,0][800,1280] sf=[0,32][800,1216] osf=null
06-17 02:18:08.811   493  7850 V WindowManager: layoutWindowLw(com.imi.faceunionpayset_commercial/com.imi.faceunionpayset.detail.UnionPayActivity): IN_SCREEN, INSET_DECOR
06-17 02:18:08.811   493  7850 V WindowManager: Compute frame com.imi.faceunionpayset_commercial/com.imi.faceunionpayset.detail.UnionPayActivity: sim=#120 attach=null type=1 flags=0x81810100 pf=[0,0][800,1280] df=[0,0][800,1280] of=[0,0][800,1280] cf=[0,32][800,1216] vf=[0,32][800,1216] dcf=[0,0][800,1280] sf=[0,32][800,1216] osf=null
06-17 02:18:08.811   493  7850 V WindowManager: layoutWindowLw(SurfaceView - com.imi.faceunionpayset_commercial/com.imi.faceunionpayset.detail.UnionPayActivity): attached to Window{9db847f u0 com.imi.faceunionpayset_commercial/com.imi.faceunionpayset.detail.UnionPayActivity}
06-17 02:18:08.811   493  7850 V WindowManager: Compute frame SurfaceView - com.imi.faceunionpayset_commercial/com.imi.faceunionpayset.detail.UnionPayActivity: sim=#0 attach=Window{9db847f u0 com.imi.faceunionpayset_commercial/com.imi.faceunionpayset.detail.UnionPayActivity} type=1001 flags=0x00004218 pf=[0,0][800,1280] df=[-10000,-10000][10000,10000] of=[-10000,-10000][10000,10000] cf=[-10000,-10000][10000,10000] vf=[-10000,-10000][10000,10000] dcf=[0,0][800,1280] sf=[0,32][800,1216] osf=null
06-17 02:18:08.811   493  7850 V WindowManager: layoutWindowLw(SurfaceView - com.imi.faceunionpayset_commercial/com.imi.faceunionpayset.detail.UnionPayActivity): attached to Window{9db847f u0 com.imi.faceunionpayset_commercial/com.imi.faceunionpayset.detail.UnionPayActivity}
06-17 02:18:08.811   493  7850 V WindowManager: Compute frame SurfaceView - com.imi.faceunionpayset_commercial/com.imi.faceunionpayset.detail.UnionPayActivity: sim=#0 attach=Window{9db847f u0 com.imi.faceunionpayset_commercial/com.imi.faceunionpayset.detail.UnionPayActivity} type=1001 flags=0x00004218 pf=[0,0][800,1280] df=[-10000,-10000][10000,10000] of=[-10000,-10000][10000,10000] cf=[-10000,-10000][10000,10000] vf=[-10000,-10000][10000,10000] dcf=[0,0][800,1280] sf=[0,32][800,1216] osf=null
06-17 02:18:08.811   493  7850 V WindowManager: layoutWindowLw(SurfaceView - com.imi.faceunionpayset_commercial/com.imi.faceunionpayset.detail.UnionPayActivity): attached to Window{9db847f u0 com.imi.faceunionpayset_commercial/com.imi.faceunionpayset.detail.UnionPayActivity}
06-17 02:18:08.811   493  7850 V WindowManager: Compute frame SurfaceView - com.imi.faceunionpayset_commercial/com.imi.faceunionpayset.detail.UnionPayActivity: sim=#0 attach=Window{9db847f u0 com.imi.faceunionpayset_commercial/com.imi.faceunionpayset.detail.UnionPayActivity} type=1001 flags=0x00004218 pf=[0,0][800,1280] df=[-10000,-10000][10000,10000] of=[-10000,-10000][10000,10000] cf=[-10000,-10000][10000,10000] vf=[-10000,-10000][10000,10000] dcf=[0,0][800,1280] sf=[0,32][800,1216] osf=null
06-17 02:18:08.812   493  7850 V WindowManager: layoutWindowLw(SurfaceView - com.imi.faceunionpayset_commercial/com.imi.faceunionpayset.detail.UnionPayActivity): attached to Window{9db847f u0 com.imi.faceunionpayset_commercial/com.imi.faceunionpayset.detail.UnionPayActivity}
06-17 02:18:08.812   493  7850 V WindowManager: Compute frame SurfaceView - com.imi.faceunionpayset_commercial/com.imi.faceunionpayset.detail.UnionPayActivity: sim=#0 attach=Window{9db847f u0 com.imi.faceunionpayset_commercial/com.imi.faceunionpayset.detail.UnionPayActivity} type=1001 flags=0x00004218 pf=[0,0][800,1280] df=[-10000,-10000][10000,10000] of=[-10000,-10000][10000,10000] cf=[-10000,-10000][10000,10000] vf=[-10000,-10000][10000,10000] dcf=[0,0][800,1280] sf=[0,32][800,1216] osf=null
06-17 02:18:08.813   493  7850 I WindowManager: Win Window{187ecde u0 NavigationBar}: isVisibleOrBehindKeyguardLw=true
06-17 02:18:08.813   493  7850 I WindowManager: Win Window{19bcd3a u0 StatusBar}: isVisibleOrBehindKeyguardLw=true
06-17 02:18:08.813   493  7850 I WindowManager: Win Window{f2c8f6b u0 Application Not Responding: com.imi.faceunionpayset_commercial}: isVisibleOrBehindKeyguardLw=true
06-17 02:18:08.813   493  7850 I WindowManager: Win Window{a27f89d u0 Toast EXITING}: isVisibleOrBehindKeyguardLw=false
06-17 02:18:08.813   493  7850 I WindowManager: Win Window{9db847f u0 com.imi.faceunionpayset_commercial/com.imi.faceunionpayset.detail.UnionPayActivity}: isVisibleOrBehindKeyguardLw=true
06-17 02:18:08.813   493  7850 V WindowManager: Fullscreen window: Window{9db847f u0 com.imi.faceunionpayset_commercial/com.imi.faceunionpayset.detail.UnionPayActivity}
06-17 02:18:08.813   493  7850 I WindowManager: Win Window{2f7d495 u0 SurfaceView - com.imi.faceunionpayset_commercial/com.imi.faceunionpayset.detail.UnionPayActivity}: isVisibleOrBehindKeyguardLw=true
06-17 02:18:08.813   493  7850 I WindowManager: Win Window{1ade99b u0 SurfaceView - com.imi.faceunionpayset_commercial/com.imi.faceunionpayset.detail.UnionPayActivity}: isVisibleOrBehindKeyguardLw=true
06-17 02:18:08.813   493  7850 I WindowManager: Win Window{cce2511 u0 SurfaceView - com.imi.faceunionpayset_commercial/com.imi.faceunionpayset.detail.UnionPayActivity}: isVisibleOrBehindKeyguardLw=true
06-17 02:18:08.813   493  7850 I WindowManager: Win Window{d778477 u0 SurfaceView - com.imi.faceunionpayset_commercial/com.imi.faceunionpayset.detail.UnionPayActivity}: isVisibleOrBehindKeyguardLw=true
06-17 02:18:08.813   493  7850 I WindowManager: Win Window{ceeb6b7 u0 com.android.systemui.ImageWallpaper}: isVisibleOrBehindKeyguardLw=false
06-17 02:18:08.814   493  7850 I WindowManager: force=false forcefkg=false top=Window{9db847f u0 com.imi.faceunionpayset_commercial/com.imi.faceunionpayset.detail.UnionPayActivity}
06-17 02:18:08.814   493  7850 V WindowManager: ** SHOWING status bar: top is not fullscreen
06-17 02:18:08.846  7852  7924 V ImiFaceSdk: faceDetectMode:3 + faceInfoList:0
06-17 02:18:08.847  7852  7924 D UnionPayActivity: detectFaces0
06-17 02:18:08.847  7852  7924 D UnionPayActivity: 
06-17 02:18:08.847  7852  7924 D UnionPayActivity: ing1
06-17 02:18:08.855  7852  7924 D UnionPayActivity: ing2
06-17 02:18:08.855  7852  7924 D UnionPayActivity: detectFaces
06-17 02:18:08.905  7852  7924 V ImiFaceSdk: faceDetectMode:3 + faceInfoList:0
06-17 02:18:08.906  7852  7924 D UnionPayActivity: detectFaces0
06-17 02:18:08.906  7852  7924 D UnionPayActivity: 
06-17 02:18:08.906  7852  7924 D UnionPayActivity: ing1
06-17 02:18:08.914  7852  7924 D UnionPayActivity: ing2
06-17 02:18:08.914  7852  7924 D UnionPayActivity: detectFaces
06-17 02:18:08.966  7852  7924 V ImiFaceSdk: faceDetectMode:3 + faceInfoList:0
06-17 02:18:08.967  7852  7924 D UnionPayActivity: detectFaces0
06-17 02:18:08.967  7852  7924 D UnionPayActivity: 
06-17 02:18:08.967  7852  7924 D UnionPayActivity: ing1
06-17 02:18:08.976  7852  7924 D UnionPayActivity: ing2
06-17 02:18:08.976  7852  7924 D UnionPayActivity: detectFaces
06-17 02:18:09.024  7852  7924 V ImiFaceSdk: faceDetectMode:3 + faceInfoList:0
06-17 02:18:09.025  7852  7924 D UnionPayActivity: detectFaces0
06-17 02:18:09.025  7852  7924 D UnionPayActivity: 
06-17 02:18:09.025  7852  7924 D UnionPayActivity: ing1
06-17 02:18:09.033  7852  7924 D UnionPayActivity: ing2
06-17 02:18:09.033  7852  7924 D UnionPayActivity: detectFaces
06-17 02:18:09.083  7852  7924 V ImiFaceSdk: faceDetectMode:3 + faceInfoList:0
06-17 02:18:09.083  7852  7924 D UnionPayActivity: detectFaces0
06-17 02:18:09.084  7852  7924 D UnionPayActivity: 
06-17 02:18:09.084  7852  7924 D UnionPayActivity: ing1
06-17 02:18:09.093  7852  7924 D UnionPayActivity: ing2
06-17 02:18:09.093  7852  7924 D UnionPayActivity: detectFaces
06-17 02:18:09.144  7852  7924 V ImiFaceSdk: faceDetectMode:3 + faceInfoList:0
06-17 02:18:09.144  7852  7924 D UnionPayActivity: detectFaces0
06-17 02:18:09.145  7852  7924 D UnionPayActivity: 
06-17 02:18:09.145  7852  7924 D UnionPayActivity: ing1
06-17 02:18:09.152   493   572 I WindowManager: Win Window{187ecde u0 NavigationBar}: isVisibleOrBehindKeyguardLw=true
06-17 02:18:09.153   493   572 I WindowManager: Win Window{19bcd3a u0 StatusBar}: isVisibleOrBehindKeyguardLw=true
06-17 02:18:09.153   493   572 I WindowManager: Win Window{f2c8f6b u0 Application Not Responding: com.imi.faceunionpayset_commercial}: isVisibleOrBehindKeyguardLw=true
06-17 02:18:09.153   493   572 I WindowManager: Win Window{a27f89d u0 Toast}: isVisibleOrBehindKeyguardLw=false
06-17 02:18:09.153   493   572 I WindowManager: Win Window{9db847f u0 com.imi.faceunionpayset_commercial/com.imi.faceunionpayset.detail.UnionPayActivity}: isVisibleOrBehindKeyguardLw=true
06-17 02:18:09.153   493   572 V WindowManager: Fullscreen window: Window{9db847f u0 com.imi.faceunionpayset_commercial/com.imi.faceunionpayset.detail.UnionPayActivity}
06-17 02:18:09.153   493   572 I WindowManager: Win Window{2f7d495 u0 SurfaceView - com.imi.faceunionpayset_commercial/com.imi.faceunionpayset.detail.UnionPayActivity}: isVisibleOrBehindKeyguardLw=true
06-17 02:18:09.153   493   572 I WindowManager: Win Window{1ade99b u0 SurfaceView - com.imi.faceunionpayset_commercial/com.imi.faceunionpayset.detail.UnionPayActivity}: isVisibleOrBehindKeyguardLw=true
06-17 02:18:09.153   493   572 I WindowManager: Win Window{cce2511 u0 SurfaceView - com.imi.faceunionpayset_commercial/com.imi.faceunionpayset.detail.UnionPayActivity}: isVisibleOrBehindKeyguardLw=true
06-17 02:18:09.153   493   572 I WindowManager: Win Window{d778477 u0 SurfaceView - com.imi.faceunionpayset_commercial/com.imi.faceunionpayset.detail.UnionPayActivity}: isVisibleOrBehindKeyguardLw=true
06-17 02:18:09.153   493   572 I WindowManager: Win Window{ceeb6b7 u0 com.android.systemui.ImageWallpaper}: isVisibleOrBehindKeyguardLw=false
06-17 02:18:09.153   493   572 I WindowManager: force=false forcefkg=false top=Window{9db847f u0 com.imi.faceunionpayset_commercial/com.imi.faceunionpayset.detail.UnionPayActivity}
06-17 02:18:09.153  7852  7924 D UnionPayActivity: ing2
06-17 02:18:09.153   493   572 V WindowManager: ** SHOWING status bar: top is not fullscreen
06-17 02:18:09.153  7852  7924 D UnionPayActivity: detectFaces
06-17 02:18:09.168   493   572 I WindowManager: mNavigationBar frame: Rect(0, 1216 - 800, 1280)
06-17 02:18:09.168   493   572 I WindowManager: mDock rect: (0,0 - 800,1216)
06-17 02:18:09.169   493   572 V WindowManager: Status bar: dock=[0,32][800,1216] content=[0,32][800,1216] cur=[0,32][800,1216]
06-17 02:18:09.169   493   572 V WindowManager: layoutWindowLw(Application Not Responding: com.imi.faceunionpayset_commercial): normal window
06-17 02:18:09.169   493   572 V WindowManager: Compute frame Application Not Responding: com.imi.faceunionpayset_commercial: sim=#120 attach=null type=2003 flags=0x01820002 pf=[0,32][800,1216] df=[0,32][800,1216] of=[0,32][800,1216] cf=[0,32][800,1216] vf=[0,0][800,1216] dcf=[0,0][800,1280] sf=[0,32][800,1216] osf=null
06-17 02:18:09.169   493   572 V WindowManager: layoutWindowLw(DockedStackDivider): IN_SCREEN
06-17 02:18:09.169   493   572 V WindowManager: Compute frame DockedStackDivider: sim=#20 attach=null type=2034 flags=0x21840028 pf=[0,0][800,1280] df=[0,0][800,1280] of=[0,0][800,1280] cf=[0,32][800,1216] vf=[0,32][800,1216] dcf=[0,0][800,1280] sf=[0,32][800,1216] osf=null
06-17 02:18:09.169   493   572 V WindowManager: layoutWindowLw(com.imi.faceunionpayset_commercial/com.imi.faceunionpayset.detail.UnionPayActivity): IN_SCREEN, INSET_DECOR
06-17 02:18:09.170   493   572 V WindowManager: Compute frame com.imi.faceunionpayset_commercial/com.imi.faceunionpayset.detail.UnionPayActivity: sim=#120 attach=null type=1 flags=0x81810100 pf=[0,0][800,1280] df=[0,0][800,1280] of=[0,0][800,1280] cf=[0,32][800,1216] vf=[0,32][800,1216] dcf=[0,0][800,1280] sf=[0,32][800,1216] osf=null
06-17 02:18:09.170   493   572 V WindowManager: layoutWindowLw(SurfaceView - com.imi.faceunionpayset_commercial/com.imi.faceunionpayset.detail.UnionPayActivity): attached to Window{9db847f u0 com.imi.faceunionpayset_commercial/com.imi.faceunionpayset.detail.UnionPayActivity}
06-17 02:18:09.170   493   572 V WindowManager: Compute frame SurfaceView - com.imi.faceunionpayset_commercial/com.imi.faceunionpayset.detail.UnionPayActivity: sim=#0 attach=Window{9db847f u0 com.imi.faceunionpayset_commercial/com.imi.faceunionpayset.detail.UnionPayActivity} type=1001 flags=0x00004218 pf=[0,0][800,1280] df=[-10000,-10000][10000,10000] of=[-10000,-10000][10000,10000] cf=[-10000,-10000][10000,10000] vf=[-10000,-10000][10000,10000] dcf=[0,0][800,1280] sf=[0,32][800,1216] osf=null
06-17 02:18:09.170   493   572 V WindowManager: layoutWindowLw(SurfaceView - com.imi.faceunionpayset_commercial/com.imi.faceunionpayset.detail.UnionPayActivity): attached to Window{9db847f u0 com.imi.faceunionpayset_commercial/com.imi.faceunionpayset.detail.UnionPayActivity}
06-17 02:18:09.170   493   572 V WindowManager: Compute frame SurfaceView - com.imi.faceunionpayset_commercial/com.imi.faceunionpayset.detail.UnionPayActivity: sim=#0 attach=Window{9db847f u0 com.imi.faceunionpayset_commercial/com.imi.faceunionpayset.detail.UnionPayActivity} type=1001 flags=0x00004218 pf=[0,0][800,1280] df=[-10000,-10000][10000,10000] of=[-10000,-10000][10000,10000] cf=[-10000,-10000][10000,10000] vf=[-10000,-10000][10000,10000] dcf=[0,0][800,1280] sf=[0,32][800,1216] osf=null
06-17 02:18:09.170   493   572 V WindowManager: layoutWindowLw(SurfaceView - com.imi.faceunionpayset_commercial/com.imi.faceunionpayset.detail.UnionPayActivity): attached to Window{9db847f u0 com.imi.faceunionpayset_commercial/com.imi.faceunionpayset.detail.UnionPayActivity}
06-17 02:18:09.170   493   572 V WindowManager: Compute frame SurfaceView - com.imi.faceunionpayset_commercial/com.imi.faceunionpayset.detail.UnionPayActivity: sim=#0 attach=Window{9db847f u0 com.imi.faceunionpayset_commercial/com.imi.faceunionpayset.detail.UnionPayActivity} type=1001 flags=0x00004218 pf=[0,0][800,1280] df=[-10000,-10000][10000,10000] of=[-10000,-10000][10000,10000] cf=[-10000,-10000][10000,10000] vf=[-10000,-10000][10000,10000] dcf=[0,0][800,1280] sf=[0,32][800,1216] osf=null
06-17 02:18:09.170   493   572 V WindowManager: layoutWindowLw(SurfaceView - com.imi.faceunionpayset_commercial/com.imi.faceunionpayset.detail.UnionPayActivity): attached to Window{9db847f u0 com.imi.faceunionpayset_commercial/com.imi.faceunionpayset.detail.UnionPayActivity}
06-17 02:18:09.170   493   572 V WindowManager: Compute frame SurfaceView - com.imi.faceunionpayset_commercial/com.imi.faceunionpayset.detail.UnionPayActivity: sim=#0 attach=Window{9db847f u0 com.imi.faceunionpayset_commercial/com.imi.faceunionpayset.detail.UnionPayActivity} type=1001 flags=0x00004218 pf=[0,0][800,1280] df=[-10000,-10000][10000,10000] of=[-10000,-10000][10000,10000] cf=[-10000,-10000][10000,10000] vf=[-10000,-10000][10000,10000] dcf=[0,0][800,1280] sf=[0,32][800,1216] osf=null
06-17 02:18:09.170   493   572 I WindowManager: Win Window{187ecde u0 NavigationBar}: isVisibleOrBehindKeyguardLw=true
06-17 02:18:09.170   493   572 I WindowManager: Win Window{19bcd3a u0 StatusBar}: isVisibleOrBehindKeyguardLw=true
06-17 02:18:09.170   493   572 I WindowManager: Win Window{f2c8f6b u0 Application Not Responding: com.imi.faceunionpayset_commercial}: isVisibleOrBehindKeyguardLw=true
06-17 02:18:09.171   493   572 I WindowManager: Win Window{9db847f u0 com.imi.faceunionpayset_commercial/com.imi.faceunionpayset.detail.UnionPayActivity}: isVisibleOrBehindKeyguardLw=true
06-17 02:18:09.171   493   572 V WindowManager: Fullscreen window: Window{9db847f u0 com.imi.faceunionpayset_commercial/com.imi.faceunionpayset.detail.UnionPayActivity}
06-17 02:18:09.171   493   572 I WindowManager: Win Window{2f7d495 u0 SurfaceView - com.imi.faceunionpayset_commercial/com.imi.faceunionpayset.detail.UnionPayActivity}: isVisibleOrBehindKeyguardLw=true
06-17 02:18:09.171   493   572 I WindowManager: Win Window{1ade99b u0 SurfaceView - com.imi.faceunionpayset_commercial/com.imi.faceunionpayset.detail.UnionPayActivity}: isVisibleOrBehindKeyguardLw=true
06-17 02:18:09.171   493   572 I WindowManager: Win Window{cce2511 u0 SurfaceView - com.imi.faceunionpayset_commercial/com.imi.faceunionpayset.detail.UnionPayActivity}: isVisibleOrBehindKeyguardLw=true
06-17 02:18:09.171   493   572 I WindowManager: Win Window{d778477 u0 SurfaceView - com.imi.faceunionpayset_commercial/com.imi.faceunionpayset.detail.UnionPayActivity}: isVisibleOrBehindKeyguardLw=true
06-17 02:18:09.171   493   572 I WindowManager: Win Window{ceeb6b7 u0 com.android.systemui.ImageWallpaper}: isVisibleOrBehindKeyguardLw=false
06-17 02:18:09.171   493   572 I WindowManager: force=false forcefkg=false top=Window{9db847f u0 com.imi.faceunionpayset_commercial/com.imi.faceunionpayset.detail.UnionPayActivity}
06-17 02:18:09.171   493   572 V WindowManager: ** SHOWING status bar: top is not fullscreen
06-17 02:18:09.203  7852  7924 V ImiFaceSdk: faceDetectMode:3 + faceInfoList:0
06-17 02:18:09.203  7852  7924 D UnionPayActivity: detectFaces0
06-17 02:18:09.203  7852  7924 D UnionPayActivity: 
06-17 02:18:09.203  7852  7924 D UnionPayActivity: ing1
06-17 02:18:09.213  7852  7924 D UnionPayActivity: ing2
06-17 02:18:09.213  7852  7924 D UnionPayActivity: detectFaces
06-17 02:18:09.260  7852  7924 V ImiFaceSdk: faceDetectMode:3 + faceInfoList:0
06-17 02:18:09.261  7852  7924 D UnionPayActivity: detectFaces0
06-17 02:18:09.262  7852  7924 D UnionPayActivity: 
06-17 02:18:09.262  7852  7924 D UnionPayActivity: ing1
06-17 02:18:09.270  7852  7924 D UnionPayActivity: ing2
06-17 02:18:09.270  7852  7924 D UnionPayActivity: detectFaces
06-17 02:18:09.315  7852  7924 V ImiFaceSdk: faceDetectMode:3 + faceInfoList:0
06-17 02:18:09.315  7852  7924 D UnionPayActivity: detectFaces0
06-17 02:18:09.315  7852  7924 D UnionPayActivity: 
06-17 02:18:09.316  7852  7924 D UnionPayActivity: ing1
06-17 02:18:09.324  7852  7924 D UnionPayActivity: ing2
06-17 02:18:09.324  7852  7924 D UnionPayActivity: detectFaces
06-17 02:18:09.372  7852  7924 V ImiFaceSdk: faceDetectMode:3 + faceInfoList:0
06-17 02:18:09.372  7852  7924 D UnionPayActivity: detectFaces0
06-17 02:18:09.373  7852  7924 D UnionPayActivity: 
06-17 02:18:09.373  7852  7924 D UnionPayActivity: ing1
06-17 02:18:09.381  7852  7924 D UnionPayActivity: ing2
06-17 02:18:09.381  7852  7924 D UnionPayActivity: detectFaces
06-17 02:18:09.430  7852  7924 V ImiFaceSdk: faceDetectMode:3 + faceInfoList:0
06-17 02:18:09.431  7852  7924 D UnionPayActivity: detectFaces0
06-17 02:18:09.431  7852  7924 D UnionPayActivity: 
06-17 02:18:09.431  7852  7924 D UnionPayActivity: ing1
06-17 02:18:09.439  7852  7924 D UnionPayActivity: ing2
06-17 02:18:09.439  7852  7924 D UnionPayActivity: detectFaces
06-17 02:18:09.490  7852  7924 V ImiFaceSdk: faceDetectMode:3 + faceInfoList:0
06-17 02:18:09.491  7852  7924 D UnionPayActivity: detectFaces0
06-17 02:18:09.492  7852  7924 D UnionPayActivity: 
06-17 02:18:09.492  7852  7924 D UnionPayActivity: ing1
06-17 02:18:09.501  7852  7924 D UnionPayActivity: ing2
06-17 02:18:09.501  7852  7924 D UnionPayActivity: detectFaces
06-17 02:18:09.546  7852  7924 V ImiFaceSdk: faceDetectMode:3 + faceInfoList:0
06-17 02:18:09.547  7852  7924 D UnionPayActivity: detectFaces0
06-17 02:18:09.547  7852  7924 D UnionPayActivity: 
06-17 02:18:09.547  7852  7924 D UnionPayActivity: ing1
06-17 02:18:09.557  7852  7924 D UnionPayActivity: ing2
06-17 02:18:09.557  7852  7924 D UnionPayActivity: detectFaces
06-17 02:18:09.603  7852  7924 V ImiFaceSdk: faceDetectMode:3 + faceInfoList:0
06-17 02:18:09.604  7852  7924 D UnionPayActivity: detectFaces0
06-17 02:18:09.604  7852  7924 D UnionPayActivity: 
06-17 02:18:09.604  7852  7924 D UnionPayActivity: ing1
06-17 02:18:09.613  7852  7924 D UnionPayActivity: ing2
06-17 02:18:09.613  7852  7924 D UnionPayActivity: detectFaces
06-17 02:18:09.658  7852  7924 V ImiFaceSdk: faceDetectMode:3 + faceInfoList:0
06-17 02:18:09.659  7852  7924 D UnionPayActivity: detectFaces0
06-17 02:18:09.659  7852  7924 D UnionPayActivity: 
06-17 02:18:09.659  7852  7924 D UnionPayActivity: ing1
06-17 02:18:09.668  7852  7924 D UnionPayActivity: ing2
06-17 02:18:09.668  7852  7924 D UnionPayActivity: detectFaces
06-17 02:18:09.713  7852  7924 V ImiFaceSdk: faceDetectMode:3 + faceInfoList:0
06-17 02:18:09.714  7852  7924 D UnionPayActivity: detectFaces0
06-17 02:18:09.714  7852  7924 D UnionPayActivity: 
06-17 02:18:09.714  7852  7924 D UnionPayActivity: ing1
06-17 02:18:09.721  7852  7924 D UnionPayActivity: ing2
06-17 02:18:09.722  7852  7924 D UnionPayActivity: detectFaces
06-17 02:18:09.769  7852  7924 V ImiFaceSdk: faceDetectMode:3 + faceInfoList:0
06-17 02:18:09.770  7852  7924 D UnionPayActivity: detectFaces0
06-17 02:18:09.770  7852  7924 D UnionPayActivity: 
06-17 02:18:09.770  7852  7924 D UnionPayActivity: ing1
06-17 02:18:09.780  7852  7924 D UnionPayActivity: ing2
06-17 02:18:09.781  7852  7924 D UnionPayActivity: detectFaces
06-17 02:18:09.825  7852  7924 V ImiFaceSdk: faceDetectMode:3 + faceInfoList:0
06-17 02:18:09.825  7852  7924 D UnionPayActivity: detectFaces0
06-17 02:18:09.826  7852  7924 D UnionPayActivity: 
06-17 02:18:09.826  7852  7924 D UnionPayActivity: ing1
06-17 02:18:09.834  7852  7924 D UnionPayActivity: ing2
06-17 02:18:09.834  7852  7924 D UnionPayActivity: detectFaces
06-17 02:18:09.880  7852  7924 V ImiFaceSdk: faceDetectMode:3 + faceInfoList:0
06-17 02:18:09.880  7852  7924 D UnionPayActivity: detectFaces0
06-17 02:18:09.880  7852  7924 D UnionPayActivity: 
06-17 02:18:09.880  7852  7924 D UnionPayActivity: ing1
06-17 02:18:09.888  7852  7924 D UnionPayActivity: ing2
06-17 02:18:09.888  7852  7924 D UnionPayActivity: detectFaces
06-17 02:18:09.931  7852  7924 V ImiFaceSdk: faceDetectMode:3 + faceInfoList:0
06-17 02:18:09.932  7852  7924 D UnionPayActivity: detectFaces0
06-17 02:18:09.932  7852  7924 D UnionPayActivity: 
06-17 02:18:09.932  7852  7924 D UnionPayActivity: ing1
06-17 02:18:09.940  7852  7924 D UnionPayActivity: ing2
06-17 02:18:09.940  7852  7924 D UnionPayActivity: detectFaces
06-17 02:18:09.986  7852  7924 V ImiFaceSdk: faceDetectMode:3 + faceInfoList:0
06-17 02:18:09.987  7852  7924 D UnionPayActivity: detectFaces0
06-17 02:18:09.987  7852  7924 D UnionPayActivity: 
06-17 02:18:09.987  7852  7924 D UnionPayActivity: ing1
06-17 02:18:10.001  7852  7924 D UnionPayActivity: ing2
06-17 02:18:10.001  7852  7924 D UnionPayActivity: detectFaces
06-17 02:18:10.052  7852  7924 V ImiFaceSdk: faceDetectMode:3 + faceInfoList:0
06-17 02:18:10.052  7852  7924 D UnionPayActivity: detectFaces0
06-17 02:18:10.052  7852  7924 D UnionPayActivity: 
06-17 02:18:10.053  7852  7924 D UnionPayActivity: ing1
06-17 02:18:10.061  7852  7924 D UnionPayActivity: ing2
06-17 02:18:10.061  7852  7924 D UnionPayActivity: detectFaces
06-17 02:18:10.110  7852  7924 V ImiFaceSdk: faceDetectMode:3 + faceInfoList:0
06-17 02:18:10.111  7852  7924 D UnionPayActivity: detectFaces0
06-17 02:18:10.111  7852  7924 D UnionPayActivity: 
06-17 02:18:10.111  7852  7924 D UnionPayActivity: ing1
06-17 02:18:10.119  7852  7924 D UnionPayActivity: ing2
06-17 02:18:10.119  7852  7924 D UnionPayActivity: detectFaces
06-17 02:18:10.165  7852  7924 V ImiFaceSdk: faceDetectMode:3 + faceInfoList:0
06-17 02:18:10.166  7852  7924 D UnionPayActivity: detectFaces0
06-17 02:18:10.166  7852  7924 D UnionPayActivity: 
06-17 02:18:10.166  7852  7924 D UnionPayActivity: ing1
06-17 02:18:10.174  7852  7924 D UnionPayActivity: ing2
06-17 02:18:10.174  7852  7924 D UnionPayActivity: detectFaces
06-17 02:18:10.220  7852  7924 V ImiFaceSdk: faceDetectMode:3 + faceInfoList:0
06-17 02:18:10.221  7852  7924 D UnionPayActivity: detectFaces0
06-17 02:18:10.221  7852  7924 D UnionPayActivity: 
06-17 02:18:10.221  7852  7924 D UnionPayActivity: ing1
06-17 02:18:10.230  7852  7924 D UnionPayActivity: ing2
06-17 02:18:10.230  7852  7924 D UnionPayActivity: detectFaces
06-17 02:18:10.276  7852  7924 V ImiFaceSdk: faceDetectMode:3 + faceInfoList:0
06-17 02:18:10.277  7852  7924 D UnionPayActivity: detectFaces0
06-17 02:18:10.277  7852  7924 D UnionPayActivity: 
06-17 02:18:10.277  7852  7924 D UnionPayActivity: ing1
06-17 02:18:10.284  7852  7924 D UnionPayActivity: ing2
06-17 02:18:10.284  7852  7924 D UnionPayActivity: detectFaces
06-17 02:18:10.328  7852  7924 V ImiFaceSdk: faceDetectMode:3 + faceInfoList:0
06-17 02:18:10.329  7852  7924 D UnionPayActivity: detectFaces0
06-17 02:18:10.329  7852  7924 D UnionPayActivity: 
06-17 02:18:10.329  7852  7924 D UnionPayActivity: ing1
06-17 02:18:10.337  7852  7924 D UnionPayActivity: ing2
06-17 02:18:10.337  7852  7924 D UnionPayActivity: detectFaces
06-17 02:18:10.350   493   572 I WindowManager: mNavigationBar frame: Rect(0, 1216 - 800, 1280)
06-17 02:18:10.350   493   572 I WindowManager: mDock rect: (0,0 - 800,1216)
06-17 02:18:10.351   493   572 V WindowManager: Status bar: dock=[0,32][800,1216] content=[0,32][800,1216] cur=[0,32][800,1216]
06-17 02:18:10.351   493   572 V WindowManager: layoutWindowLw(Application Not Responding: com.imi.faceunionpayset_commercial): normal window
06-17 02:18:10.351   493   572 V Windo