--------- beginning of main
06-17 02:14:18.282  7368  7385 D mali_winsys: EGLint new_window_surface(egl_winsys_display *, void *, EGLSurface, EGLConfig, egl_winsys_surface **, egl_color_buffer_format *, EGLBoolean) returns 0x3000
06-17 02:14:20.597  7368  7368 W Thread-2: type=1400 audit(0.0:684): avc: denied { rmdir } for name="FaceImage" dev="mmcblk1p13" ino=266130 scontext=u:r:system_app:s0 tcontext=u:object_r:media_rw_data_file:s0:c512,c768 tclass=
06-17 02:14:20.782  7368  7385 D mali_winsys: EGLint new_window_surface(egl_winsys_display *, void *, EGLSurface, EGLConfig, egl_winsys_surface **, egl_color_buffer_format *, EGLBoolean) returns 0x3000
06-17 02:14:20.878  1383  1383 D MediaScannerReceiver: action: android.intent.action.MEDIA_SCANNER_SCAN_FODER path: /storage/emulated/0/IMIFace
06-17 02:14:20.995  7368  7385 D mali_winsys: EGLint new_window_surface(egl_winsys_display *, void *, EGLSurface, EGLConfig, egl_winsys_surface **, egl_color_buffer_format *, EGLBoolean) returns 0x3000
06-17 02:14:21.096  1383  7406 D MediaProvider: object removed 644
06-17 02:14:21.097  1383  7406 D MediaProvider: object removed 649
06-17 02:14:21.097  1383  7406 D MediaProvider: object removed 650
06-17 02:14:21.097  1383  7406 D MediaProvider: object removed 651
06-17 02:14:25.738  7368  7368 W System.err: java.lang.NoSuchMethodException: <init> [class java.lang.String]
06-17 02:14:25.739  7368  7368 W System.err: 	at java.lang.Class.getConstructor0(Class.java:2204)
06-17 02:14:25.739  7368  7368 W System.err: 	at java.lang.Class.getConstructor(Class.java:1683)
06-17 02:14:25.739  7368  7368 W System.err: 	at com.android.rk.FileControl.getUninstallAPKIcon(FileControl.java:434)
06-17 02:14:25.739  7368  7368 W System.err: 	at com.android.rk.FileControl.changeFiletoFileInfo(FileControl.java:414)
06-17 02:14:25.739  7368  7368 W System.err: 	at com.android.rk.FileControl.fill(FileControl.java:130)
06-17 02:14:25.739  7368  7368 W System.err: 	at com.android.rk.FileControl.refill(FileControl.java:166)
06-17 02:14:25.739  7368  7368 W System.err: 	at com.android.rk.RockExplorer$14.run(RockExplorer.java:2154)
06-17 02:14:25.739  7368  7368 W System.err: 	at android.os.Handler.handleCallback(Handler.java:755)
06-17 02:14:25.739  7368  7368 W System.err: 	at android.os.Handler.dispatchMessage(Handler.java:95)
06-17 02:14:25.739  7368  7368 W System.err: 	at android.os.Looper.loop(Looper.java:154)
06-17 02:14:25.739  7368  7368 W System.err: 	at android.app.ActivityThread.main(ActivityThread.java:6157)
06-17 02:14:25.739  7368  7368 W System.err: 	at java.lang.reflect.Method.invoke(Native Method)
06-17 02:14:25.739  7368  7368 W System.err: 	at com.android.internal.os.ZygoteInit$MethodAndArgsCaller.run(ZygoteInit.java:912)
06-17 02:14:25.739  7368  7368 W System.err: 	at com.android.internal.os.ZygoteInit.main(ZygoteInit.java:802)
06-17 02:14:28.817   254   372 D alsa_route: route_set_controls() set route 24
06-17 02:14:28.894   254   372 D AudioHardwareTiny: close device
06-17 02:14:35.428   254   372 D AudioHardwareTiny: 1212121 start_output_stream
06-17 02:14:35.428   254   372 E AudioHardwareTiny: vicent r 44100  c 2  ps 512 pc 6
06-17 02:14:35.428   254   372 D AudioHardwareTiny: start_output_stream device: 408
06-17 02:14:35.428   254   372 D AudioHardwareTiny: read_out_sound_card: buf =  0 [rockchiprt5640c]: rockchip_rt5640 - rockchip,rt5640-codec
06-17 02:14:35.428   254   372 D AudioHardwareTiny: get_card_number: number =0,card_name =  0 [rockchiprt5640c]: rockchip_rt5640 - rockchip,rt5640-codec
06-17 02:14:35.428   254   372 D AudioHardwareTiny: read_out_sound_card: buf =                       rockchip,rt5640-codec
06-17 02:14:35.428   254   372 D AudioHardwareTiny: read_out_sound_card: buf =  1 [rkhdmidpsound  ]: rk-hdmi-dp-soun - rk-hdmi-dp-sound
06-17 02:14:35.428   254   372 D AudioHardwareTiny: get_card_number: number =1,card_name =  1 [rkhdmidpsound  ]: rk-hdmi-dp-soun - rk-hdmi-dp-sound
06-17 02:14:35.428   254   372 D AudioHardwareTiny: read_out_sound_card: buf =                       rk-hdmi-dp-sound
06-17 02:14:35.428   254   372 E AudioHardwareTiny: start_output_stream() >>>> PCM_CARD_HDMI:-1, PCM_CARD:-1, HdmiIn_snd_config.config:4 
06-17 02:14:35.428   254   372 D alsa_route: route_info->sound_card 0, route_info->devices 0  
06-17 02:14:35.429   254   372 D alsa_route: route_set_controls() set route 8
06-17 02:14:35.602  1270  1323 D mali_winsys: EGLint new_window_surface(egl_winsys_display *, void *, EGLSurface, EGLConfig, egl_winsys_surface **, egl_color_buffer_format *, EGLBoolean) returns 0x3000
06-17 02:14:36.111  1270  1323 W OpenGLRenderer: Incorrectly called buildLayer on View: ShortcutAndWidgetContainer, destroying layer...
06-17 02:14:38.063  1270  1276 I art     : Do full code cache collection, code=108KB, data=123KB
06-17 02:14:38.063  1270  1276 I art     : Starting a blocking GC JitCodeCache
06-17 02:14:38.063  1270  1276 I art     : After code cache collection, code=102KB, data=95KB
06-17 02:14:38.200  7419  7419 I chatty  : uid=10079(com.imi.faceunionpayset_commercial) expire 50 lines
06-17 02:14:38.387  7419  7435 I chatty  : uid=10079(com.imi.faceunionpayset_commercial) expire 2 lines
06-17 02:14:38.443  7419  7437 I chatty  : uid=10079(com.imi.faceunionpayset_commercial) expire 31 lines
06-17 02:14:38.465  7419  7436 I chatty  : uid=10079(com.imi.faceunionpayset_commercial) expire 8 lines
06-17 02:14:38.566   493   572 I ActivityManager: Displayed com.imi.faceunionpayset_commercial/com.imi.faceunionpayset.detail.MainActivity: +382ms
06-17 02:14:38.773  7419  7452 I chatty  : uid=10079(com.imi.faceunionpayset_commercial) expire 72 lines
06-17 02:14:38.774  7419  7451 I chatty  : uid=10079(com.imi.faceunionpayset_commercial) expire 14 lines
06-17 02:14:39.160  7419  7454 I chatty  : uid=10079(com.imi.faceunionpayset_commercial) expire 12 lines
06-17 02:14:39.179  7419  7455 I chatty  : uid=10079(com.imi.faceunionpayset_commercial) expire 12 lines
06-17 02:14:39.244  7419  7453 I chatty  : uid=10079(com.imi.faceunionpayset_commercial) expire 16 lines
06-17 02:14:39.266  7419  7456 I chatty  : uid=10079(com.imi.faceunionpayset_commercial) expire 19 lines
06-17 02:14:39.798  7419  7458 I chatty  : uid=10079(com.imi.faceunionpayset_commercial) expire 13 lines
06-17 02:14:39.921  7419  7459 I chatty  : uid=10079(com.imi.faceunionpayset_commercial) expire 2 lines
06-17 02:14:40.152  7419  7461 I chatty  : uid=10079(com.imi.faceunionpayset_commercial) expire 1 line
06-17 02:14:41.250   254   372 D alsa_route: route_set_controls() set route 24
06-17 02:14:41.331   254   372 D AudioHardwareTiny: close device
06-17 02:14:42.102   493   666 I WifiHAL : Got channel list with 13 channels
06-17 02:14:42.103   493   666 I WifiHAL : Got channel list with 9 channels
06-17 02:14:42.104   493   666 I WifiHAL : Got channel list with 4 channels
06-17 02:14:43.803   254   372 D AudioHardwareTiny: 1212121 start_output_stream
06-17 02:14:43.803   254   372 E AudioHardwareTiny: vicent r 44100  c 2  ps 512 pc 6
06-17 02:14:43.803   254   372 D AudioHardwareTiny: start_output_stream device: 408
06-17 02:14:43.803   254   372 D AudioHardwareTiny: read_out_sound_card: buf =  0 [rockchiprt5640c]: rockchip_rt5640 - rockchip,rt5640-codec
06-17 02:14:43.803   254   372 D AudioHardwareTiny: get_card_number: number =0,card_name =  0 [rockchiprt5640c]: rockchip_rt5640 - rockchip,rt5640-codec
06-17 02:14:43.803   254   372 D AudioHardwareTiny: read_out_sound_card: buf =                       rockchip,rt5640-codec
06-17 02:14:43.803   254   372 D AudioHardwareTiny: read_out_sound_card: buf =  1 [rkhdmidpsound  ]: rk-hdmi-dp-soun - rk-hdmi-dp-sound
06-17 02:14:43.803   254   372 D AudioHardwareTiny: get_card_number: number =1,card_name =  1 [rkhdmidpsound  ]: rk-hdmi-dp-soun - rk-hdmi-dp-sound
06-17 02:14:43.803   254   372 D AudioHardwareTiny: read_out_sound_card: buf =                       rk-hdmi-dp-sound
06-17 02:14:43.803   254   372 E AudioHardwareTiny: start_output_stream() >>>> PCM_CARD_HDMI:-1, PCM_CARD:-1, HdmiIn_snd_config.config:4 
06-17 02:14:43.803   254   372 D alsa_route: route_info->sound_card 0, route_info->devices 0  
06-17 02:14:43.804   254   372 D alsa_route: route_set_controls() set route 8
06-17 02:14:43.936  7419  7467 I chatty  : uid=10079(com.imi.faceunionpayset_commercial) expire 1 line
06-17 02:14:43.936  7419  7468 I chatty  : uid=10079(com.imi.faceunionpayset_commercial) expire 1 line
06-17 02:14:44.055  7419  7470 I chatty  : uid=10079(com.imi.faceunionpayset_commercial) expire 2 lines
06-17 02:14:44.128  7419  7463 I chatty  : uid=10079(com.imi.faceunionpayset_commercial) expire 1 line
06-17 02:14:44.147  7419  7464 I chatty  : uid=10079(com.imi.faceunionpayset_commercial) expire 3 lines
06-17 02:14:44.178  7419  7465 I chatty  : uid=10079(com.imi.faceunionpayset_commercial) expire 1 line
06-17 02:14:44.198  7419  7466 I chatty  : uid=10079(com.imi.faceunionpayset_commercial) expire 3 lines
06-17 02:14:44.234  7419  7424 I chatty  : uid=10079(com.imi.faceunionpayset_commercial) expire 8 lines
06-17 02:14:46.954   254   372 D alsa_route: route_set_controls() set route 24
06-17 02:14:47.031   254   372 D AudioHardwareTiny: close device
06-17 02:14:55.697   493   662 D WifiStateMachine: updateCapabilities for config:Xiaomi_D99Cfalse,false
06-17 02:14:58.718   493   662 D WifiStateMachine: updateCapabilities for config:Xiaomi_D99Cfalse,false
06-17 02:14:59.153  7419  7458 I chatty  : uid=10079(com.imi.faceunionpayset_commercial) expire 1 line
06-17 02:15:01.737   493   662 D WifiStateMachine: updateCapabilities for config:Xiaomi_D99Cfalse,false
06-17 02:15:02.857  7419  7469 I chatty  : uid=10079(com.imi.faceunionpayset_commercial) expire 42 lines
06-17 02:15:02.861  7419  7419 I chatty  : uid=10079(com.imi.faceunionpayset_commercial) expire 7 lines
06-17 02:15:02.867   493   651 I InputDispatcher: Window 'Window{e8eb859 u0 com.imi.faceunionpayset_commercial/com.imi.faceunionpayset.detail.UnionPayActivity}' spent 15067.3ms processing the last input event: MotionEvent(deviceId=3, source=0x00001002, action=0, actionButton=0x00000000, flags=0x00000000, metaState=0x00000000, buttonState=0x00000000, edgeFlags=0x00000000, xPrecision=1.0, yPrecision=1.0, displayId=0, pointers=[0: (411.5, 353.7)]), policyFlags=0x62000000
06-17 02:15:02.867   493   651 I InputDispatcher: Window 'Window{e8eb859 u0 com.imi.faceunionpayset_commercial/com.imi.faceunionpayset.detail.UnionPayActivity}' spent 14964.7ms processing the last input event: MotionEvent(deviceId=3, source=0x00001002, action=1, actionButton=0x00000000, flags=0x00000000, metaState=0x00000000, buttonState=0x00000000, edgeFlags=0x00000000, xPrecision=1.0, yPrecision=1.0, displayId=0, pointers=[0: (411.5, 353.7)]), policyFlags=0x62000000
06-17 02:15:02.914  7471  7471 E art     : setrlimit(RLIMIT_CORE) failed for pid 7471: Operation not permitted
06-17 02:15:02.975  7471  7471 I art     : Starting a blocking GC AddRemoveAppImageSpace
06-17 02:15:02.999   493   572 I ActivityManager: Displayed com.imi.faceunionpayset_commercial/com.imi.faceunionpayset.detail.UnionPayActivity: +19s176ms
06-17 02:15:03.191  7502  7502 W init    : type=1400 audit(0.0:687): avc: denied { entrypoint } for path="/system/bin/gti_npu_permission.sh" dev="mmcblk1p10" ino=241 scontext=u:r:gti_npu_permission:s0 tcontext=u:object_r:gti_npu_permission_exec:s0 tclass=f
06-17 02:15:03.194  7502  7502 W gti_npu_permiss: type=1400 audit(0.0:688): avc: denied { getattr } for path="/system/bin/sh" dev="mmcblk1p10" ino=405 scontext=u:r:gti_npu_permission:s0 tcontext=u:object_r:shell_exec:s0 tclass=f
06-17 02:15:03.194  7502  7502 W gti_npu_permiss: type=1400 audit(0.0:689): avc: denied { getattr } for path="/vendor" dev="rootfs" ino=9051 scontext=u:r:gti_npu_permission:s0 tcontext=u:object_r:rootfs:s0 tclass=lnk_f
06-17 02:15:03.194  7502  7502 W gti_npu_permiss: type=1400 audit(0.0:690): avc: denied { read } for path="/system/bin/sh" dev="mmcblk1p10" ino=405 scontext=u:r:gti_npu_permission:s0 tcontext=u:object_r:shell_exec:s0 tclass=f
06-17 02:15:03.201  7502  7502 W gti_npu_permiss: type=1400 audit(0.0:691): avc: denied { read } for name="gti_npu_permission.sh" dev="mmcblk1p10" ino=241 scontext=u:r:gti_npu_permission:s0 tcontext=u:object_r:gti_npu_permission_exec:s0 tclass=f
06-17 02:15:03.201  7502  7502 W gti_npu_permiss: type=1400 audit(0.0:692): avc: denied { open } for path="/system/bin/gti_npu_permission.sh" dev="mmcblk1p10" ino=241 scontext=u:r:gti_npu_permission:s0 tcontext=u:object_r:gti_npu_permission_exec:s0 tclass=f
06-17 02:15:03.201  7503  7503 W gti_npu_permiss: type=1400 audit(0.0:693): avc: denied { getattr } for path="/system/bin/toybox" dev="mmcblk1p10" ino=440 scontext=u:r:gti_npu_permission:s0 tcontext=u:object_r:toolbox_exec:s0 tclass=f
06-17 02:15:03.204  7503  7503 W gti_npu_permiss: type=1400 audit(0.0:694): avc: denied { execute } for name="toybox" dev="mmcblk1p10" ino=440 scontext=u:r:gti_npu_permission:s0 tcontext=u:object_r:toolbox_exec:s0 tclass=f
06-17 02:15:03.204  7503  7503 W gti_npu_permiss: type=1400 audit(0.0:695): avc: denied { read open } for path="/system/bin/toybox" dev="mmcblk1p10" ino=440 scontext=u:r:gti_npu_permission:s0 tcontext=u:object_r:toolbox_exec:s0 tclass=f
06-17 02:15:03.204  7504  7504 W gti_npu_permiss: type=1400 audit(0.0:696): avc: denied { execute_no_trans } for path="/system/bin/grep" dev="mmcblk1p10" ino=239 scontext=u:r:gti_npu_permission:s0 tcontext=u:object_r:system_file:s0 tclass=f
06-17 02:15:03.204  7503  7503 W gti_npu_permiss: type=1400 audit(0.0:697): avc: denied { execute_no_trans } for path="/system/bin/toybox" dev="mmcblk1p10" ino=440 scontext=u:r:gti_npu_permission:s0 tcontext=u:object_r:toolbox_exec:s0 tclass=f
06-17 02:15:03.221  7503  7503 W lsusb   : type=1400 audit(0.0:698): avc: denied { read } for name="devices" dev="sysfs" ino=8163 scontext=u:r:gti_npu_permission:s0 tcontext=u:object_r:sysfs:s0 tclass=
06-17 02:15:03.221  7503  7503 W lsusb   : type=1400 audit(0.0:699): avc: denied { open } for path="/sys/bus/usb/devices" dev="sysfs" ino=8163 scontext=u:r:gti_npu_permission:s0 tcontext=u:object_r:sysfs:s0 tclass=
06-17 02:15:03.221  7503  7503 W lsusb   : type=1400 audit(0.0:700): avc: denied { getattr } for path="/sys/bus/usb/devices/5-1" dev="sysfs" ino=21733 scontext=u:r:gti_npu_permission:s0 tcontext=u:object_r:sysfs:s0 tclass=lnk_f
06-17 02:15:03.221  7503  7503 W lsusb   : type=1400 audit(0.0:701): avc: denied { read } for name="uevent" dev="sysfs" ino=21705 scontext=u:r:gti_npu_permission:s0 tcontext=u:object_r:sysfs:s0 tclass=f
06-17 02:15:03.221  7503  7503 W lsusb   : type=1400 audit(0.0:702): avc: denied { open } for path="/sys/devices/platform/fe380000.usb/usb5/5-1/uevent" dev="sysfs" ino=21705 scontext=u:r:gti_npu_permission:s0 tcontext=u:object_r:sysfs:s0 tclass=f
06-17 02:15:03.221  7503  7503 W lsusb   : type=1400 audit(0.0:703): avc: denied { getattr } for path="/sys/devices/platform/fe380000.usb/usb5/5-1/uevent" dev="sysfs" ino=21705 scontext=u:r:gti_npu_permission:s0 tcontext=u:object_r:sysfs:s0 tclass=f
06-17 02:15:03.630   493   652 D EventHub: No input device configuration file found for device 'A200 HD Video device'.
06-17 02:15:03.633   255  1047 I chatty  : uid=1047(cameraserver) Binder:255_2 expire 372 lines
06-17 02:15:03.635   493   652 W EventHub: Unable to disable kernel key repeat for /dev/input/event6: Function not implemented
06-17 02:15:03.635   493   652 I EventHub: New device: id=54, fd=246, path='/dev/input/event6', name='A200 HD Video device', classes=0x80000401, configuration='', keyLayout='/system/usr/keylayout/Generic.kl', keyCharacterMap='/system/usr/keychars/Generic.kcm', builtinKeyboard=false, wakeMechanism=EPOLLWAKEUP, usingClockIoctl=true
06-17 02:15:03.635   493   652 I InputReader: Device added: id=54, name='A200 HD Video device', sources=0x00002103
06-17 02:15:03.797   255   255 I chatty  : uid=1047(cameraserver) /system/bin/cameraserver expire 2 lines
06-17 02:15:03.799   255  1047 D CameraHal: camera_get_camera_info(1502): camera_get_camera_info(1502): camera_0 facing(1), orientation(0)
06-17 02:15:03.797   255   255 W Binder:255_2: type=1400 audit(0.0:706): avc: denied { open } for path="/proc/493/cmdline" dev="proc" ino=16744 scontext=u:r:cameraserver:s0 tcontext=u:r:system_server:s0 tclass=f
06-17 02:15:03.799   255  1047 I CameraHal: camera_device_open(566): camera_device open
06-17 02:15:03.799   255  1047 D CameraHal: gCameraHalLogLevel: 0
06-17 02:15:03.799   255  1047 D CameraHal: CameraHal(139): it is a uvc camera!
06-17 02:15:03.800   255  1047 D CameraHal: Calling process is: system_server
06-17 02:15:03.800   255  1047 D CameraHal: Calling process is: system_server
06-17 02:15:03.836   255  1047 D CameraHal: cameraCreate(406): Camera driver: uvcvideo Card Name:A200 HD Video device Driver version: 0x4.0x4.0x7e  CameraHal version: 0x2.0x0.0x0 
06-17 02:15:03.836   255  1047 D CameraHal: cameraCreate(413): mCamDriverSupportFmt: fmt = 1196444237(Motion-JPEG),index = 0
06-17 02:15:03.836   255  1047 D CameraHal: cameraCreate(413): mCamDriverSupportFmt: fmt = 1448695129(YUYV 4:2:2),index = 1
06-17 02:15:03.836   255  1047 D CameraHal: cameraCreate(451): cameraCreate(451): mCamDriverPreviewFmt(MJPG) is cameraHal and camera driver is also supported!!
06-17 02:15:03.836   255  1047 D CameraHal: cameraCreate(453): mCamDriverPreviewFmt  = 1196444237
06-17 02:15:03.836   255  1047 D CameraHal: cameraCreate(459): cameraCreate(459): Current driver is uvcvideo, v4l2 memory is V4L2_MEMORY_MMAP
06-17 02:15:03.844   493   652 D EventHub: No input device configuration file found for device 'A200 3DSensor'.
06-17 02:15:03.847   493   652 W EventHub: Unable to disable kernel key repeat for /dev/input/event7: Function not implemented
06-17 02:15:03.847   493   652 I EventHub: New device: id=55, fd=258, path='/dev/input/event7', name='A200 3DSensor', classes=0x80000401, configuration='', keyLayout='/system/usr/keylayout/Generic.kl', keyCharacterMap='/system/usr/keychars/Generic.kcm', builtinKeyboard=false, wakeMechanism=EPOLLWAKEUP, usingClockIoctl=true
06-17 02:15:03.847   493   652 I InputReader: Device added: id=55, name='A200 3DSensor', sources=0x00002103
06-17 02:15:03.854   255  1047 E CameraHal: initDefaultParameters(524): initDefaultParameters(524): mCamDriverCapability.card is error!
06-17 02:15:03.854   255  1047 D CameraHal: initDefaultParameters(589): mIsCtsTest:0 Support video sizes:(null)
06-17 02:15:03.854   255  1047 D CameraHal: initDefaultParameters(606): Support Preview format: yuv420sp,yuv420p .. yuv420sp
06-17 02:15:03.854   255  1047 D CameraHal: initDefaultParameters(608): Support Preview sizes: 640x480,1920x1080,1280x720,320x240     640x480
06-17 02:15:03.854   255  1047 D CameraHal: initDefaultParameters(609): Support Preview FPS range: (15000,25000)
06-17 02:15:03.854   255  1047 D CameraHal: initDefaultParameters(610): Support Preview framerate: 25,24,20,15
06-17 02:15:03.854   255  1047 D CameraHal: initDefaultParameters(611): Support Picture sizes: 640x480,1920x1080,1280x720,320x240 
06-17 02:15:03.854   255  1047 D CameraHal: initDefaultParameters(613): Support white balance: auto,incandescent,fluorescent,daylight,cloudy-daylight
06-17 02:15:03.854   255  1047 D CameraHal: initDefaultParameters(621): Support focus: fixed  focus zone: 0
06-17 02:15:03.854   255  1047 D CameraHal: initDefaultParameters(623): Support zoom: true(ratios: 100,105,110,115,120,125,130,135,140,145,150,155,160,165,170,175,180,185,190,195,200,205,210,215,220,225,230,235,240,245,250,255,260,265,270,275,280,285,290,295,300,)
06-17 02:15:03.854   255  1047 D CameraHal: initDefaultParameters(627): Support exposure: (-3 -> 3)
06-17 02:15:03.854   255  1047 D CameraHal: initDefaultParameters(631): Support anti-banding: off,50hz,60hz,auto  anti-banding: off
06-17 02:15:03.854   255  1047 D CameraHal: initDefaultParameters(633): Support hardware faces detecte: 2
06-17 02:15:03.854   255  1047 D CameraHal: initDefaultParameters(634): Support software faces detecte: 0
06-17 02:15:03.854   255  1047 D CameraHal: initDefaultParameters(635): Support video stabilization: false
06-17 02:15:03.854   255  1047 D CameraHal: initDefaultParameters(636): Support recording hint: false
06-17 02:15:03.864   255  1047 D CameraHal: cameraConfig(768): cameraConfig(768): Set framerate(25 fps) success
06-17 02:15:03.864   255  1047 D CameraHal: cameraConfig(811): cameraConfig(811): Set white balance(auto) success
06-17 02:15:03.865   255  1047 D CameraHal: cameraConfig(888): cameraConfig(888): Set anti-banding Disabled 
06-17 02:15:03.866   255  1047 D CameraHal: cameraConfig(969): cameraConfig(969): Set exposure 0	0
06-17 02:15:03.866   255  1047 D CameraHal: isNeedToRestartPreview(175): mPreviewFrame2AppW (640x480)
06-17 02:15:03.866   255  1047 D CameraHal: isNeedToRestartPreview(176): mCamPreviewW (0x0)
06-17 02:15:03.866   255  1047 D CameraHal: isNeedToRestartPreview(177): video width (640x480)
06-17 02:15:03.866   255  1047 D CameraHal: Calling process is: system_server
06-17 02:15:03.867   255  1047 D CameraHal: enableSensor(213): orientation = 0xe9eb9010 (Accelerometer sensor)
06-17 02:15:03.867   493   641 I SensorsHal: set batch: handle = 0, period_ns = 20000000ns, timeout = 0ns
06-17 02:15:03.867   493   641 I SensorsHal: MmaSensor update delay: 20ms
06-17 02:15:03.867   493   641 D SensorsHal: update gsensor delay to 20 ms
06-17 02:15:03.867   493   641 I SensorsHal: set flush: handle = 0
06-17 02:15:03.867   493   632 I SensorsHal: report 1 flush event
06-17 02:15:03.867   493   641 I SensorsHal: set delay: handle = 0, delay = 20000000ns
06-17 02:15:03.868   493   641 I SensorsHal: MmaSensor update delay: 20ms
06-17 02:15:03.868   493   641 D SensorsHal: update gsensor delay to 20 ms
06-17 02:15:03.868   255  7578 D CameraHal: commandThread(1028): commandThread(1028):receive CMD_SET_PREVIEW_WINDOW
06-17 02:15:03.868   255  7578 D CameraHal: commandThread(1044): commandThread(1044): CMD_SET_PREVIEW_WINDOW out
06-17 02:15:03.869   255  7578 D CameraHal: commandThread(1002): commandThread(1002):receive CMD_PREVIEW_STOP
06-17 02:15:03.869   255  7578 D CameraHal: stopPreview(267): stopPreview(267):IN
06-17 02:15:03.869   255  7578 D CameraHal: stopPreview(287): stopPreview(287):OUT
06-17 02:15:03.869   255  1047 D CameraHal: stopPreview(447): stop preview OK.
06-17 02:15:03.869   255  7578 D CameraHal: commandThread(1023): commandThread(1023): CMD_PREVIEW_STOP out
06-17 02:15:03.869   255  7578 D CameraHal: commandThread(1028): commandThread(1028):receive CMD_SET_PREVIEW_WINDOW
06-17 02:15:03.869   255  7578 W CameraHal: setPreviewWindow(210): set preview window null,stop display?
06-17 02:15:03.869   255  7557 D CameraHal: displayThread(670): displayThread(670): receive CMD_DISPLAY_PAUSE
06-17 02:15:03.869   255  7557 D CameraHal: cameraDisplayBufferDestory(449): cameraDisplayBufferDestory(449): mANativeWindow is NULL, destory is ignore
06-17 02:15:03.869   255  1047 I CameraFlashlight: Destroying camera 0
06-17 02:15:03.869   255  1047 D CameraHal: camera_device_close(454): camera_device_close
06-17 02:15:03.869   255  7578 D CameraHal: commandThread(1044): commandThread(1044): CMD_SET_PREVIEW_WINDOW out
06-17 02:15:03.869   255  1047 D CameraHal: disableSensor(239): orientation = 0xe9eb9010 (Accelerometer sensor)
06-17 02:15:03.870   493   641 I SensorsHal: set batch: handle = 0, period_ns = 20000000ns, timeout = 100000000ns
06-17 02:15:03.870   493   641 I SensorsHal: MmaSensor update delay: 20ms
06-17 02:15:03.870   493   641 D SensorsHal: update gsensor delay to 20 ms
06-17 02:15:03.870   255  1047 D CameraHal: ~SensorListener(109): Kill looper thread
06-17 02:15:03.870   255  1047 D CameraHal: ~SensorListener(121): Kill looper
06-17 02:15:03.870   255  1047 D CameraHal: ~SensorListener(127): SensorListener destroyed
06-17 02:15:03.870   255  7557 D CameraHal: displayThread(682): displayThread(682): receive CMD_DISPLAY_STOP
06-17 02:15:03.870   255  7557 D CameraHal: cameraDisplayBufferDestory(449): cameraDisplayBufferDestory(449): mANativeWindow is NULL, destory is ignore
06-17 02:15:03.871   255  7559 D CameraHal: encProcessThread(2037): encProcessThread(2037): receive CMD_ENCPROCESS_EXIT
06-17 02:15:03.871   255  7577 D CameraHal: autofocusThread(881): wait out
06-17 02:15:03.874   255  7578 D CameraHal: commandThread(1187): commandThread(1187): receive CMD_EXIT
06-17 02:15:03.874   255  1047 D CameraHal: ~CameraHal(360): CameraHal destory success
06-17 02:15:03.874   255  1047 D CameraHal: camera_get_camera_info(1502): camera_get_camera_info(1502): camera_0 facing(1), orientation(0)
06-17 02:15:03.876   255  1047 W CameraService: doUserSwitch: Received notification of user switch with no updated user IDs.
06-17 02:15:04.757   493   662 D WifiStateMachine: updateCapabilities for config:Xiaomi_D99Cfalse,false
06-17 02:15:06.234  7419  7620 I chatty  : uid=10079(com.imi.faceunionpayset_commercial) expire 1 line
06-17 02:15:13.805   493   662 D WifiStateMachine: updateCapabilities for config:Xiaomi_D99Cfalse,false
06-17 02:15:19.838   493   662 D WifiStateMachine: updateCapabilities for config:Xiaomi_D99Cfalse,false
06-17 02:15:25.875   493   662 D WifiStateMachine: updateCapabilities for config:Xiaomi_D99Cfalse,false
06-17 02:15:28.893   493   662 D WifiStateMachine: updateCapabilities for config:Xiaomi_D99Cfalse,false
06-17 02:15:56.052   493   662 D WifiStateMachine: updateCapabilities for config:Xiaomi_D99Cfalse,false
06-17 02:15:59.070   493   662 D WifiStateMachine: updateCapabilities for config:Xiaomi_D99Cfalse,false
06-17 02:16:14.156   493   662 D WifiStateMachine: updateCapabilities for config:Xiaomi_D99Cfalse,false
06-17 02:16:17.173   493   662 D WifiStateMachine: updateCapabilities for config:Xiaomi_D99Cfalse,false
06-17 02:16:20.193   493   662 D WifiStateMachine: updateCapabilities for config:Xiaomi_D99Cfalse,false
06-17 02:16:21.418   254   372 D AudioHardwareTiny: 1212121 start_output_stream
06-17 02:16:21.418   254   372 E AudioHardwareTiny: vicent r 44100  c 2  ps 512 pc 6
06-17 02:16:21.418   254   372 D AudioHardwareTiny: start_output_stream device: 408
06-17 02:16:21.418   254   372 D AudioHardwareTiny: read_out_sound_card: buf =  0 [rockchiprt5640c]: rockchip_rt5640 - rockchip,rt5640-codec
06-17 02:16:21.418   254   372 D AudioHardwareTiny: get_card_number: number =0,card_name =  0 [rockchiprt5640c]: rockchip_rt5640 - rockchip,rt5640-codec
06-17 02:16:21.418   254   372 D AudioHardwareTiny: read_out_sound_card: buf =                       rockchip,rt5640-codec
06-17 02:16:21.418   254   372 D AudioHardwareTiny: read_out_sound_card: buf =  1 [rkhdmidpsound  ]: rk-hdmi-dp-soun - rk-hdmi-dp-sound
06-17 02:16:21.418   254   372 D AudioHardwareTiny: get_card_number: number =1,card_name =  1 [rkhdmidpsound  ]: rk-hdmi-dp-soun - rk-hdmi-dp-sound
06-17 02:16:21.418   254   372 D AudioHardwareTiny: read_out_sound_card: buf =                       rk-hdmi-dp-sound
06-17 02:16:21.418   254   372 E AudioHardwareTiny: start_output_stream() >>>> PCM_CARD_HDMI:-1, PCM_CARD:-1, HdmiIn_snd_config.config:4 
06-17 02:16:21.418   254   372 D alsa_route: route_info->sound_card 0, route_info->devices 0  
06-17 02:16:21.419   254   372 D alsa_route: route_set_controls() set route 8
06-17 02:16:21.645   707   976 D mali_winsys: EGLint new_window_surface(egl_winsys_display *, void *, EGLSurface, EGLConfig, egl_winsys_surface **, egl_color_buffer_format *, EGLBoolean) returns 0x3000
06-17 02:16:21.958   235   235 W SurfaceFlinger: couldn't log to binary event log: overflow.
06-17 02:16:23.119   493   651 W InputDispatcher: channel 'e8eb859 com.imi.faceunionpayset_commercial/com.imi.faceunionpayset.detail.UnionPayActivity (server)' ~ Consumer closed input channel or an error occurred.  events=0x9
06-17 02:16:23.119   493   651 E InputDispatcher: channel 'e8eb859 com.imi.faceunionpayset_commercial/com.imi.faceunionpayset.detail.UnionPayActivity (server)' ~ Channel is unrecoverably broken and will be disposed!
06-17 02:16:23.119   493   651 W InputDispatcher: channel '723edb3 com.imi.faceunionpayset_commercial/com.imi.faceunionpayset.detail.MainActivity (server)' ~ Consumer closed input channel or an error occurred.  events=0x9
06-17 02:16:23.119   493   651 E InputDispatcher: channel '723edb3 com.imi.faceunionpayset_commercial/com.imi.faceunionpayset.detail.MainActivity (server)' ~ Channel is unrecoverably broken and will be disposed!
06-17 02:16:23.136   493  3927 D GraphicsStats: Buffer count: 4
06-17 02:16:23.148   493   801 W InputDispatcher: Attempted to unregister already unregistered input channel 'e8eb859 com.imi.faceunionpayset_commercial/com.imi.faceunionpayset.detail.UnionPayActivity (server)'
06-17 02:16:23.164   493   733 W InputDispatcher: Attempted to unregister already unregistered input channel '723edb3 com.imi.faceunionpayset_commercial/com.imi.faceunionpayset.detail.MainActivity (server)'
06-17 02:16:23.207   493   662 D WifiStateMachine: updateCapabilities for config:Xiaomi_D99Cfalse,false
06-17 02:16:23.515  7368  7368 I art     : Starting a blocking GC Explicit
06-17 02:16:23.545  7368  7368 I art     : Explicit concurrent mark sweep GC freed 242(8KB) AllocSpace objects, 0(0B) LOS objects, 25% free, 5MB/6MB, paused 481us total 29.754ms
06-17 02:16:23.546  7368  7368 I art     : Starting a blocking GC Explicit
06-17 02:16:23.564  7368  7368 I art     : Explicit concurrent mark sweep GC freed 11(320B) AllocSpace objects, 0(0B) LOS objects, 25% free, 5MB/6MB, paused 337us total 17.850ms
06-17 02:16:23.587  1270  1323 D mali_winsys: EGLint new_window_surface(egl_winsys_display *, void *, EGLSurface, EGLConfig, egl_winsys_surface **, egl_color_buffer_format *, EGLBoolean) returns 0x3000
06-17 02:16:23.703   493   801 D GraphicsStats: Buffer count: 3
06-17 02:16:24.105  1270  1323 W OpenGLRenderer: Incorrectly called buildLayer on View: ShortcutAndWidgetContainer, destroying layer...
--------- beginning of system
06-17 02:16:24.130   707   707 V DeadZone: consuming errant click: (436.45444,3.0476074)
06-17 02:16:24.569   254   372 D alsa_route: route_set_controls() set route 24
06-17 02:16:24.609   493  7626 I chatty  : uid=1000(system) Binder:493_17 expire 28 lines
06-17 02:16:24.647   254   372 D AudioHardwareTiny: close device
06-17 02:16:24.726  7630  7630 E art     : setrlimit(RLIMIT_CORE) failed for pid 7630: Operation not permitted
06-17 02:16:24.730   493   548 I chatty  : uid=1000(system) ActivityManager expire 1 line
06-17 02:16:24.769  7630  7630 I art     : Starting a blocking GC AddRemoveAppImageSpace
06-17 02:16:24.770  7630  7630 W System  : ClassLoader referenced unknown path: /system/app/RkExplorer/lib/arm64
06-17 02:16:25.401   493  3245 I chatty  : uid=1000(system) Binder:493_11 expire 16 lines
06-17 02:16:25.406   254   372 D AudioHardwareTiny: 1212121 start_output_stream
06-17 02:16:25.406   254   372 E AudioHardwareTiny: vicent r 44100  c 2  ps 512 pc 6
06-17 02:16:25.406   254   372 D AudioHardwareTiny: start_output_stream device: 408
06-17 02:16:25.406   254   372 D AudioHardwareTiny: read_out_sound_card: buf =  0 [rockchiprt5640c]: rockchip_rt5640 - rockchip,rt5640-codec
06-17 02:16:25.406   254   372 D AudioHardwareTiny: get_card_number: number =0,card_name =  0 [rockchiprt5640c]: rockchip_rt5640 - rockchip,rt5640-codec
06-17 02:16:25.406   254   372 D AudioHardwareTiny: read_out_sound_card: buf =                       rockchip,rt5640-codec
06-17 02:16:25.406   254   372 D AudioHardwareTiny: read_out_sound_card: buf =  1 [rkhdmidpsound  ]: rk-hdmi-dp-soun - rk-hdmi-dp-sound
06-17 02:16:25.406   254   372 D AudioHardwareTiny: get_card_number: number =1,card_name =  1 [rkhdmidpsound  ]: rk-hdmi-dp-soun - rk-hdmi-dp-sound
06-17 02:16:25.406   254   372 D AudioHardwareTiny: read_out_sound_card: buf =                       rk-hdmi-dp-sound
06-17 02:16:25.406   254   372 E AudioHardwareTiny: start_output_stream() >>>> PCM_CARD_HDMI:-1, PCM_CARD:-1, HdmiIn_snd_config.config:4 
06-17 02:16:25.406   254   372 D alsa_route: route_info->sound_card 0, route_info->devices 0  
06-17 02:16:25.407   254   372 D alsa_route: route_set_controls() set route 8
06-17 02:16:25.442   493   572 I chatty  : uid=1000(system) android.display expire 142 lines
06-17 02:16:25.453  7647  7647 I chatty  : uid=10079(com.imi.faceunionpayset_commercial) expire 52 lines
06-17 02:16:25.579   493  3882 I chatty  : uid=1000(system) Binder:493_12 expire 16 lines
06-17 02:16:25.634  7647  7663 I chatty  : uid=10079(com.imi.faceunionpayset_commercial) expire 2 lines
06-17 02:16:25.684  7647  7665 I chatty  : uid=10079(com.imi.faceunionpayset_commercial) expire 31 lines
06-17 02:16:25.712   493  3245 I chatty  : uid=1000(system) Binder:493_11 expire 88 lines
06-17 02:16:25.727  7647  7664 I chatty  : uid=10079(com.imi.faceunionpayset_commercial) expire 8 lines
06-17 02:16:25.815   493   572 I chatty  : uid=1000(system) android.display expire 79 lines
06-17 02:16:25.820   493   572 I ActivityManager: Displayed com.imi.faceunionpayset_commercial/com.imi.faceunionpayset.detail.MainActivity: +395ms
06-17 02:16:26.025  7647  7680 I chatty  : uid=10079(com.imi.faceunionpayset_commercial) expire 72 lines
06-17 02:16:26.025  7647  7679 I chatty  : uid=10079(com.imi.faceunionpayset_commercial) expire 14 lines
06-17 02:16:26.028   493   641 I chatty  : uid=1000(system) UEventObserver expire 6 lines
06-17 02:16:26.034   493   652 I EventHub: Removing device A200 3DSensor due to epoll hang-up event.
06-17 02:16:26.034   493   652 I EventHub: Removed device: path=/dev/input/event7 name=A200 3DSensor id=55 fd=258 classes=0x80000401
06-17 02:16:26.047   255  1047 D CameraService: CameraService updateCameraNum
06-17 02:16:26.047   255  1047 D CameraHal: camera_get_number_of_cameras(733): /data/camera/media_profiles.xml exsit delete it and recreate
06-17 02:16:26.051   255  1047 D CameraHal: camera_get_number_of_cameras(735): /data/camera/media_profiles.xml delete success
06-17 02:16:26.059   493   652 I EventHub: Removing device '/dev/input/event7' due to inotify event
06-17 02:16:26.059   493   652 I InputReader: Device removed: id=55, name='A200 3DSensor', sources=0x00002103
06-17 02:16:26.061   493   651 I chatty  : uid=1000(system) InputDispatcher expire 14 lines
06-17 02:16:26.063   255  1047 D CameraHal: createInstance(1038): open xml file(/etc/cam_board.xml) success
06-17 02:16:26.063   255  1047 E CameraHal: cam_board.xml version(v0x0.0x0.0x0) != xml parser version(v0x0.0xf.0x0)
06-17 02:16:26.063   255  1047 D CameraHal: 
06-17 02:16:26.063   255  1047 D CameraHal: 
06-17 02:16:26.063   255  1047 D CameraHal: 
06-17 02:16:26.063   255  1047 D CameraHal:  Cam_board.xml Version Check: 
06-17 02:16:26.064   255  1047 D CameraHal:     /etc/cam_board.xml : v0.0xf.0
06-17 02:16:26.064   255  1047 D CameraHal:     CameraHal_board_xml_parser: v0x0.0xf.0x0
06-17 02:16:26.064   255  1047 D CameraHal: ParserSensorInfo(190): SensorName(OV13850)
06-17 02:16:26.064   255  1047 D CameraHal: ParserSensorInfo(196): lensName(50013A1)
06-17 02:16:26.064   255  1047 D CameraHal: ParserSensorInfo(198): SensorDevID(CAMSYS_DEVID_SENSOR_1A)
06-17 02:16:26.064   255  1047 D CameraHal: ParserSensorInfo(209): SensorDevID(16777216)
06-17 02:16:26.064   255  1047 D CameraHal: ParserSensorInfo(211): SensorHostDevID(CAMSYS_DEVID_MARVIN)
06-17 02:16:26.064   255  1047 D CameraHal: ParserSensorInfo(226): Sensori2cBusNum(1)
06-17 02:16:26.064   255  1047 D CameraHal: ParserSensorInfo(229): SensorI2cAddrByte(2)
06-17 02:16:26.064   255  1047 D CameraHal: ParserSensorInfo(232): SensorI2cRate(100000)
06-17 02:16:26.065   255  1047 D CameraHal: ParserSensorInfo(240): SensorAvdd(NC) min(28000000) max(28000000)
06-17 02:16:26.065   255  1047 D CameraHal: ParserSensorInfo(254): SensorDvdd(NC) min(12000000) max(12000000)
06-17 02:16:26.065   255  1047 D CameraHal: ParserSensorInfo(247): SensorDovdd(NC) min(18000000) max(18000000)
06-17 02:16:26.066   255  1047 D CameraHal: ParserSensorInfo(235): SensorMclk(24000000)
06-17 02:16:26.066   255  1047 D CameraHal: ParserSensorInfo(285): SensorGpioPwen(NC) active(1) 
06-17 02:16:26.066   255  1047 D CameraHal: ParserSensorInfo(279): SensorGpioRst(RK30_PIN0_PB0) active(0) 
06-17 02:16:26.066   255  1047 D CameraHal: ParserSensorInfo(261): SensorGpioPwdn(NC) active(0) 
06-17 02:16:26.066   255  1047 D CameraHal: ParserSensorInfo(291): SensorFacing(back) 
06-17 02:16:26.066   255  1047 D CameraHal: ParserSensorInfo(300): SensorInterface(MIPI) 
06-17 02:16:26.066   255  1047 D CameraHal: ParserSensorInfo(313): SensorMirrorFlip(0) 
06-17 02:16:26.066   255  1047 D CameraHal: ParserSensorInfo(316): SensorOrientation(180) 
06-17 02:16:26.066   255  1047 D CameraHal: ParserSensorInfo(435): SensorFovParemeter fov_h(60.0)(60.000000) fov_v(60.0)(60.000000)  
06-17 02:16:26.067   255  1047 D CameraHal: ParserSensorInfo(438): SensorAWB_Frame_Skip fps(15) 
06-17 02:16:26.067   255  1047 D CameraHal: ParserSensorInfo(397): SensorGpioPwdn(NC) active(0) 
06-17 02:16:26.067   255  1047 D CameraHal: ParserSensorInfo(405): SensorPhy: MIPI  lane: 2  phyindex: 0  fmt: 0x2b
06-17 02:16:26.067   255  1047 D CameraHal: ParserVCMInfo(450): VCMDrvName(DW9714)
06-17 02:16:26.067   255  1047 D CameraHal: ParserVCMInfo(453): VCMName(HuaYong6505)
06-17 02:16:26.067   255  1047 D CameraHal: ParserVCMInfo(456): VCMI2cBusNum(1)
06-17 02:16:26.067   255  1047 D CameraHal: ParserVCMInfo(459): VCMI2cAddrByte(0)
06-17 02:16:26.067   255  1047 D CameraHal: ParserVCMInfo(462): VCMI2cRate(0)
06-17 02:16:26.067   255  1047 D CameraHal: ParserVCMInfo(477): VCMVdd(NC) min(0) max(0)
06-17 02:16:26.068   255  1047 D CameraHal: ParserVCMInfo(471): VCMGpioPower(NC) active(0) 
06-17 02:16:26.068   255  1047 D CameraHal: ParserVCMInfo(465): VCMGpioPwdn(NC) active(0) 
06-17 02:16:26.068   255  1047 D CameraHal: ParserVCMInfo(490): start current(20) rated current(80) vcm max(100)  step mode(13)  drv max(100) 
06-17 02:16:26.068   255  1047 D CameraHal: ParserFlashInfo(509): FlashName(Internal)
06-17 02:16:26.068   255  1047 D CameraHal: ParserFlashInfo(512): FlashI2cBusNum(0)
06-17 02:16:26.068   255  1047 D CameraHal: ParserFlashInfo(515): FlashI2cAddrByte(0)
06-17 02:16:26.068   255  1047 D CameraHal: ParserFlashInfo(518): FlashI2cRate(0)
06-17 02:16:26.068   255  1047 D CameraHal: ParserFlashInfo(521): FlashTrigger(NC) active(0) 
06-17 02:16:26.068   255  1047 D CameraHal: ParserFlashInfo(525): FlashEn(NC) active(0) 
06-17 02:16:26.072   255  1047 D CameraHal: ParserFlashInfo(532): FlashLuminance(0)
06-17 02:16:26.073   255  1047 D CameraHal: ParserFlashInfo(535): FlashColorTemp(0)
06-17 02:16:26.074   255  1047 D CameraHal: StartElementHandler(967): HDR(1)! 
06-17 02:16:26.074   255  1047 D CameraHal: StartElementHandler(971): ZSL(1)! 
06-17 02:16:26.074   255  1047 D CameraHal: StartElementHandler(975): zoom(1)! 
06-17 02:16:26.074   255  1047 D CameraHal: StartElementHandler(1017): Continue_SnapShot(1)! 
06-17 02:16:26.074   255  1047 D CameraHal: StartElementHandler(1020): InterpolationRes(0)! 
06-17 02:16:26.074   255  1047 D CameraHal: StartElementHandler(1005): PreviewSize(1920x1080)! 
06-17 02:16:26.075   255  1047 D CameraHal: StartElementHandler(1001): face detect config(0),max face num is (1)! 
06-17 02:16:26.075   255  1047 D CameraHal: ParserDVConfig(805):  DV_QCIF(qcif) resolution(176x144) fps(10) support(1)
06-17 02:16:26.075   255  1047 D CameraHal: ParserDVConfig(817):  DV_QVGA(qvga) resolution(320x240) fps(10) support(1)
06-17 02:16:26.075   255  1047 D CameraHal: ParserDVConfig(829):  DV_CIF(cif) resolution(352x288) fps(10) support(1)
06-17 02:16:26.075   255  1047 D CameraHal: ParserDVConfig(841):  DV_VGA(480p) resolution(640x480) fps(10) support(0)
06-17 02:16:26.075   255  1047 D CameraHal: ParserDVConfig(853):  DV_480P(480p) resolution(720x480) fps(10) support(0)
06-17 02:16:26.075   255  1047 D CameraHal: ParserDVConfig(877):  DV_720P(720p) resolution(1280x720) fps(10) support(1)
06-17 02:16:26.076   255  1047 D CameraHal: ParserDVConfig(889):  DV_1080P(1080p) resolution(1920x1080) fps(10) support(1)
06-17 02:16:26.076   255  1047 D CameraHal: ParserSensorInfo(190): SensorName(OV13850)
06-17 02:16:26.076   255  1047 D CameraHal: ParserSensorInfo(196): lensName(50013A1)
06-17 02:16:26.076   255  1047 D CameraHal: ParserSensorInfo(198): SensorDevID(CAMSYS_DEVID_SENSOR_1B)
06-17 02:16:26.076   255  1047 D CameraHal: ParserSensorInfo(209): SensorDevID(33554432)
06-17 02:16:26.076   255  1047 D CameraHal: ParserSensorInfo(211): SensorHostDevID(CAMSYS_DEVID_MARVIN)
06-17 02:16:26.076   255  1047 D CameraHal: ParserSensorInfo(226): Sensori2cBusNum(1)
06-17 02:16:26.076   255  1047 D CameraHal: ParserSensorInfo(229): SensorI2cAddrByte(2)
06-17 02:16:26.076   255  1047 D CameraHal: ParserSensorInfo(232): SensorI2cRate(100000)
06-17 02:16:26.077   255  1047 D CameraHal: ParserSensorInfo(240): SensorAvdd(NC) min(28000000) max(28000000)
06-17 02:16:26.077   255  1047 D CameraHal: ParserSensorInfo(254): SensorDvdd(NC) min(12000000) max(12000000)
06-17 02:16:26.077   255  1047 D CameraHal: ParserSensorInfo(247): SensorDovdd(NC) min(18000000) max(18000000)
06-17 02:16:26.077   255  1047 D CameraHal: ParserSensorInfo(235): SensorMclk(24000000)
06-17 02:16:26.077   255  1047 D CameraHal: ParserSensorInfo(285): SensorGpioPwen(NC) active(1) 
06-17 02:16:26.077   255  1047 D CameraHal: ParserSensorInfo(279): SensorGpioRst(RK30_PIN0_PB0) active(0) 
06-17 02:16:26.077   255  1047 D CameraHal: ParserSensorInfo(261): SensorGpioPwdn(RK30_PIN2_PD4) active(0) 
06-17 02:16:26.077   255  1047 D CameraHal: ParserSensorInfo(291): SensorFacing(back) 
06-17 02:16:26.077   255  1047 D CameraHal: ParserSensorInfo(300): SensorInterface(MIPI) 
06-17 02:16:26.077   255  1047 D CameraHal: ParserSensorInfo(313): SensorMirrorFlip(0) 
06-17 02:16:26.078   255  1047 D CameraHal: ParserSensorInfo(316): SensorOrientation(180) 
06-17 02:16:26.078   255  1047 D CameraHal: ParserSensorInfo(435): SensorFovParemeter fov_h(60.0)(60.000000) fov_v(60.0)(60.000000)  
06-17 02:16:26.078   255  1047 D CameraHal: ParserSensorInfo(438): SensorAWB_Frame_Skip fps(15) 
06-17 02:16:26.078   255  1047 E CameraHal: ParserSensorInfo(388): SensorPhy:  phyindex: 1,open /dev/camsys_marvin1	
06-17 02:16:26.078   255  1047 D CameraHal: ParserSensorInfo(397): SensorGpioPwdn(RK30_PIN2_PD4) active(0) 
06-17 02:16:26.078   255  1047 D CameraHal: ParserSensorInfo(405): SensorPhy: MIPI  lane: 2  phyindex: 1  fmt: 0x2b
06-17 02:16:26.078   255  1047 D CameraHal: ParserVCMInfo(450): VCMDrvName(DW9714)
06-17 02:16:26.078   255  1047 D CameraHal: ParserVCMInfo(453): VCMName(HuaYong6505)
06-17 02:16:26.078   255  1047 D CameraHal: ParserVCMInfo(456): VCMI2cBusNum(1)
06-17 02:16:26.082   255  1047 D CameraHal: ParserVCMInfo(459): VCMI2cAddrByte(0)
06-17 02:16:26.082   255  1047 D CameraHal: ParserVCMInfo(462): VCMI2cRate(0)
06-17 02:16:26.082   255  1047 D CameraHal: ParserVCMInfo(477): VCMVdd(NC) min(0) max(0)
06-17 02:16:26.082   255  1047 D CameraHal: ParserVCMInfo(471): VCMGpioPower(NC) active(0) 
06-17 02:16:26.082   255  1047 D CameraHal: ParserVCMInfo(465): VCMGpioPwdn(NC) active(0) 
06-17 02:16:26.082   255  1047 D CameraHal: ParserVCMInfo(490): start current(20) rated current(80) vcm max(100)  step mode(13)  drv max(100) 
06-17 02:16:26.082   255  1047 D CameraHal: ParserFlashInfo(509): FlashName(Internal)
06-17 02:16:26.082   255  1047 D CameraHal: ParserFlashInfo(512): FlashI2cBusNum(0)
06-17 02:16:26.083   255  1047 D CameraHal: ParserFlashInfo(515): FlashI2cAddrByte(0)
06-17 02:16:26.083   255  1047 D CameraHal: ParserFlashInfo(518): FlashI2cRate(0)
06-17 02:16:26.083   255  1047 D CameraHal: ParserFlashInfo(521): FlashTrigger(NC) active(0) 
06-17 02:16:26.083   255  1047 D CameraHal: ParserFlashInfo(525): FlashEn(NC) active(0) 
06-17 02:16:26.083   255  1047 D CameraHal: ParserFlashInfo(532): FlashLuminance(0)
06-17 02:16:26.083   255  1047 D CameraHal: ParserFlashInfo(535): FlashColorTemp(0)
06-17 02:16:26.084   255  1047 D CameraHal: StartElementHandler(967): HDR(1)! 
06-17 02:16:26.084   255  1047 D CameraHal: StartElementHandler(971): ZSL(1)! 
06-17 02:16:26.084   255  1047 D CameraHal: StartElementHandler(975): zoom(1)! 
06-17 02:16:26.084   255  1047 D CameraHal: StartElementHandler(1017): Continue_SnapShot(1)! 
06-17 02:16:26.084   255  1047 D CameraHal: StartElementHandler(1020): InterpolationRes(0)! 
06-17 02:16:26.085   255  1047 D CameraHal: StartElementHandler(1005): PreviewSize(1920x1080)! 
06-17 02:16:26.085   255  1047 D CameraHal: StartElementHandler(1001): face detect config(0),max face num is (1)! 
06-17 02:16:26.085   255  1047 D CameraHal: ParserDVConfig(805):  DV_QCIF(qcif) resolution(176x144) fps(10) support(1)
06-17 02:16:26.085   255  1047 D CameraHal: ParserDVConfig(817):  DV_QVGA(qvga) resolution(320x240) fps(10) support(1)
06-17 02:16:26.085   255  1047 D CameraHal: ParserDVConfig(829):  DV_CIF(cif) resolution(352x288) fps(10) support(1)
06-17 02:16:26.085   255  1047 D CameraHal: ParserDVConfig(841):  DV_VGA(480p) resolution(640x480) fps(10) support(0)
06-17 02:16:26.086   255  1047 D CameraHal: ParserDVConfig(853):  DV_480P(480p) resolution(720x480) fps(10) support(0)
06-17 02:16:26.086   255  1047 D CameraHal: ParserDVConfig(877):  DV_720P(720p) resolution(1280x720) fps(10) support(1)
06-17 02:16:26.086   255  1047 D CameraHal: ParserDVConfig(889):  DV_1080P(1080p) resolution(1920x1080) fps(10) support(1)
06-17 02:16:26.086   255  1047 D CameraHal: ParserSensorInfo(190): SensorName(OV8858)
06-17 02:16:26.086   255  1047 D CameraHal: ParserSensorInfo(196): lensName(LG-9569A2)
06-17 02:16:26.086   255  1047 D CameraHal: ParserSensorInfo(198): SensorDevID(CAMSYS_DEVID_SENSOR_1A)
06-17 02:16:26.086   255  1047 D CameraHal: ParserSensorInfo(209): SensorDevID(16777216)
06-17 02:16:26.087   255  1047 D CameraHal: ParserSensorInfo(211): SensorHostDevID(CAMSYS_DEVID_MARVIN)
06-17 02:16:26.087   255  1047 D CameraHal: ParserSensorInfo(226): Sensori2cBusNum(1)
06-17 02:16:26.087   255  1047 D CameraHal: ParserSensorInfo(229): SensorI2cAddrByte(2)
06-17 02:16:26.087   255  1047 D CameraHal: ParserSensorInfo(232): SensorI2cRate(100000)
06-17 02:16:26.088   255  1047 D CameraHal: ParserSensorInfo(240): SensorAvdd(NC) min(0) max(0)
06-17 02:16:26.088   255  1047 D CameraHal: ParserSensorInfo(254): SensorDvdd(NC) min(0) max(0)
06-17 02:16:26.088   255  1047 D CameraHal: ParserSensorInfo(247): SensorDovdd(NC) min(18000000) max(18000000)
06-17 02:16:26.088   255  1047 D CameraHal: ParserSensorInfo(235): SensorMclk(24000000)
06-17 02:16:26.088   255  1047 D CameraHal: ParserSensorInfo(285): SensorGpioPwen(NC) active(1) 
06-17 02:16:26.088   255  1047 D CameraHal: ParserSensorInfo(279): SensorGpioRst(RK30_PIN0_PB0) active(0) 
06-17 02:16:26.088   255  1047 D CameraHal: ParserSensorInfo(267): SensorGpioPwdn0(RK30_PIN2_PD4) active(0) 
06-17 02:16:26.088   255  1047 D CameraHal: ParserSensorInfo(273): SensorGpioPwdn1(RK30_PIN2_PB4) active(0) 
06-17 02:16:26.089   255  1047 D CameraHal: ParserSensorInfo(291): SensorFacing(back) 
06-17 02:16:26.089   255  1047 D CameraHal: ParserSensorInfo(300): SensorInterface(MIPI) 
06-17 02:16:26.089   255  1047 D CameraHal: ParserSensorInfo(313): SensorMirrorFlip(0) 
06-17 02:16:26.089   255  1047 D CameraHal: ParserSensorInfo(316): SensorOrientation(0) 
06-17 02:16:26.089   255  1047 D CameraHal: ParserSensorInfo(435): SensorFovParemeter fov_h(60.0)(60.000000) fov_v(60.0)(60.000000)  
06-17 02:16:26.089   255  1047 D CameraHal: ParserSensorInfo(438): SensorAWB_Frame_Skip fps(15) 
06-17 02:16:26.089   255  1047 D CameraHal: ParserSensorInfo(397): SensorGpioPwdn(RK30_PIN2_PD4) active(0) 
06-17 02:16:26.089   255  1047 D CameraHal: ParserSensorInfo(405): SensorPhy: MIPI  lane: 2  phyindex: 0  fmt: 0x2b
06-17 02:16:26.089   255  1047 D CameraHal: ParserVCMInfo(450): VCMDrvName(BuiltInSensor)
06-17 02:16:26.090   255  1047 D CameraHal: ParserVCMInfo(453): VCMName(NC)
06-17 02:16:26.090   255  1047 D CameraHal: ParserVCMInfo(456): VCMI2cBusNum(1)
06-17 02:16:26.090   255  1047 D CameraHal: ParserVCMInfo(459): VCMI2cAddrByte(0)
06-17 02:16:26.090   255  1047 D CameraHal: ParserVCMInfo(462): VCMI2cRate(0)
06-17 02:16:26.090   255  1047 D CameraHal: ParserVCMInfo(477): VCMVdd(NC) min(0) max(0)
06-17 02:16:26.090   255  1047 D CameraHal: ParserVCMInfo(471): VCMGpioPower(NC) active(0) 
06-17 02:16:26.090   255  1047 D CameraHal: ParserVCMInfo(465): VCMGpioPwdn(NC) active(0) 
06-17 02:16:26.090   255  1047 D CameraHal: ParserVCMInfo(490): start current(0) rated current(100) vcm max(100)  step mode(4)  drv max(100) 
06-17 02:16:26.090   255  1047 D CameraHal: ParserFlashInfo(509): FlashName(Internal)
06-17 02:16:26.090   255  1047 D CameraHal: ParserFlashInfo(512): FlashI2cBusNum(0)
06-17 02:16:26.090   255  1047 D CameraHal: ParserFlashInfo(515): FlashI2cAddrByte(0)
06-17 02:16:26.090   255  1047 D CameraHal: ParserFlashInfo(518): FlashI2cRate(0)
06-17 02:16:26.090   255  1047 D CameraHal: ParserFlashInfo(521): FlashTrigger(NC) active(0) 
06-17 02:16:26.090   255  1047 D CameraHal: ParserFlashInfo(525): FlashEn(NC) active(0) 
06-17 02:16:26.090   255  1047 D CameraHal: ParserFlashInfo(532): FlashLuminance(0)
06-17 02:16:26.090   255  1047 D CameraHal: ParserFlashInfo(535): FlashColorTemp(0)
06-17 02:16:26.091   255  1047 D CameraHal: StartElementHandler(967): HDR(1)! 
06-17 02:16:26.091   255  1047 D CameraHal: StartElementHandler(971): ZSL(1)! 
06-17 02:16:26.091   255  1047 D CameraHal: StartElementHandler(975): zoom(1)! 
06-17 02:16:26.091   255  1047 D CameraHal: StartElementHandler(1017): Continue_SnapShot(1)! 
06-17 02:16:26.091   255  1047 D CameraHal: StartElementHandler(1020): InterpolationRes(0)! 
06-17 02:16:26.091   255  1047 D CameraHal: StartElementHandler(1005): PreviewSize(0x0)! 
